Component: ARM Compiler 5.06 update 6 (build 750) Tool: armlink [4d35ed]

==============================================================================

Section Cross References

    main.o(i.AppTaskStart) refers to bsp.o(i.BSP_Init) for BSP_Init
    main.o(i.AppTaskStart) refers to cpu_core.o(i.CPU_Init) for CPU_Init
    main.o(i.AppTaskStart) refers to bsp.o(i.BSP_CPU_ClkFreq) for BSP_CPU_ClkFreq
    main.o(i.AppTaskStart) refers to os_cpu_c.o(i.OS_CPU_SysTickInit) for OS_CPU_SysTickInit
    main.o(i.AppTaskStart) refers to os_stat.o(i.OSStatTaskCPUUsageInit) for OSStatTaskCPUUsageInit
    main.o(i.AppTaskStart) refers to os_core.o(i.OSSchedRoundRobinCfg) for OSSchedRoundRobinCfg
    main.o(i.AppTaskStart) refers to misc.o(i.NVIC_PriorityGroupConfig) for NVIC_PriorityGroupConfig
    main.o(i.AppTaskStart) refers to gpio.o(i.GPIO_Configuration) for GPIO_Configuration
    main.o(i.AppTaskStart) refers to main.o(i.Init_Parameter) for Init_Parameter
    main.o(i.AppTaskStart) refers to uart.o(i.UART1_Configuration) for UART1_Configuration
    main.o(i.AppTaskStart) refers to spi.o(i.SPI1_Configuration) for SPI1_Configuration
    main.o(i.AppTaskStart) refers to spi.o(i.AD779x_Init) for AD779x_Init
    main.o(i.AppTaskStart) refers to os_tmr.o(i.OSTmrCreate) for OSTmrCreate
    main.o(i.AppTaskStart) refers to cpu_a.o(.text) for CPU_SR_Save
    main.o(i.AppTaskStart) refers to os_task.o(i.OSTaskCreate) for OSTaskCreate
    main.o(i.AppTaskStart) refers to os_time.o(i.OSTimeDlyHMSM) for OSTimeDlyHMSM
    main.o(i.AppTaskStart) refers to os_cfg_app.o(.constdata) for OSCfg_TickRate_Hz
    main.o(i.AppTaskStart) refers to modbus.o(.bss) for KeepRegister
    main.o(i.AppTaskStart) refers to timer.o(i.tmr1_callback) for tmr1_callback
    main.o(i.AppTaskStart) refers to main.o(.bss) for tmr1
    main.o(i.AppTaskStart) refers to main.o(i.CLCWDT_Task) for CLCWDT_Task
    main.o(i.AppTaskStart) refers to main.o(i.Instruction_Task) for Instruction_Task
    main.o(i.AppTaskStart) refers to main.o(i.PAS_Task) for PAS_Task
    main.o(i.AppTaskStart) refers to main.o(i.MAINPOWER_Task) for MAINPOWER_Task
    main.o(i.AppTaskStart) refers to main.o(i.TEMP_Task) for TEMP_Task
    main.o(i.AppTaskStart) refers to main.o(i.LED0_Task) for LED0_Task
    main.o(i.AppTaskStart) refers to main.o(i.LED1_Task) for LED1_Task
    main.o(i.CLCWDT_Task) refers to os_time.o(i.OSTimeDlyHMSM) for OSTimeDlyHMSM
    main.o(i.CLCWDT_Task) refers to gpio.o(i.GPIO_PinReverse) for GPIO_PinReverse
    main.o(i.Init_Parameter) refers to ieeprom.o(i.EERead) for EERead
    main.o(i.Init_Parameter) refers to gpio.o(i.GPIO_PinReverse) for GPIO_PinReverse
    main.o(i.Init_Parameter) refers to ieeprom.o(i.EEWrite) for EEWrite
    main.o(i.Init_Parameter) refers to fflti.o(.text) for __aeabi_i2f
    main.o(i.Init_Parameter) refers to modbus.o(i.Get_SNInfo_Fun) for Get_SNInfo_Fun
    main.o(i.Init_Parameter) refers to modbus.o(.bss) for KeepRegister
    main.o(i.Init_Parameter) refers to modbus.o(.data) for SuperMode_Flag
    main.o(i.Instruction_Task) refers to cpu_a.o(.text) for CPU_SR_Save
    main.o(i.Instruction_Task) refers to stm32l1xx_usart.o(i.USART_ITConfig) for USART_ITConfig
    main.o(i.Instruction_Task) refers to uart.o(i.USART1_GetChar) for USART1_GetChar
    main.o(i.Instruction_Task) refers to uart.o(i.USART1_ClearBuf_Flag) for USART1_ClearBuf_Flag
    main.o(i.Instruction_Task) refers to modbus.o(i.CRC16_Check) for CRC16_Check
    main.o(i.Instruction_Task) refers to modbus.o(i.Instruction_Process_Subfunction) for Instruction_Process_Subfunction
    main.o(i.Instruction_Task) refers to stm32l1xx_usart.o(i.USART_ClearFlag) for USART_ClearFlag
    main.o(i.Instruction_Task) refers to os_time.o(i.OSTimeDlyHMSM) for OSTimeDlyHMSM
    main.o(i.Instruction_Task) refers to modbus.o(.bss) for ModbusDataPackage
    main.o(i.LED0_Task) refers to os_time.o(i.OSTimeDlyHMSM) for OSTimeDlyHMSM
    main.o(i.LED1_Task) refers to os_time.o(i.OSTimeDlyHMSM) for OSTimeDlyHMSM
    main.o(i.MAINPOWER_Task) refers to os_time.o(i.OSTimeDlyHMSM) for OSTimeDlyHMSM
    main.o(i.MAINPOWER_Task) refers to iadc.o(i.IADC_Configuration) for IADC_Configuration
    main.o(i.MAINPOWER_Task) refers to iadc.o(i.Get_Adc_Average) for Get_Adc_Average
    main.o(i.MAINPOWER_Task) refers to stm32l1xx_rcc.o(i.RCC_HSICmd) for RCC_HSICmd
    main.o(i.MAINPOWER_Task) refers to stm32l1xx_rcc.o(i.RCC_APB2PeriphClockCmd) for RCC_APB2PeriphClockCmd
    main.o(i.MAINPOWER_Task) refers to main.o(.data) for MainPower_Flag
    main.o(i.MAINPOWER_Task) refers to modbus.o(.bss) for InputRegister
    main.o(i.PAS_Task) refers to os_time.o(i.OSTimeDlyHMSM) for OSTimeDlyHMSM
    main.o(i.PAS_Task) refers to os_tmr.o(i.OSTmrStart) for OSTmrStart
    main.o(i.PAS_Task) refers to spi.o(i.AD779x_ContinuousReadData1) for AD779x_ContinuousReadData1
    main.o(i.PAS_Task) refers to pas.o(i.Level_height_conversion) for Level_height_conversion
    main.o(i.PAS_Task) refers to main.o(.bss) for tmr1
[...]
    BSP_IntHandlerRTC_WKUP                   0x0800954d   Thumb Code    10  bsp_int.o(i.BSP_IntHandlerRTC_WKUP)
    BSP_IntHandlerSDIO                       0x08009557   Thumb Code    10  bsp_int.o(i.BSP_IntHandlerSDIO)
    BSP_IntHandlerSPI1                       0x08009561   Thumb Code    10  bsp_int.o(i.BSP_IntHandlerSPI1)
    BSP_IntHandlerSPI2                       0x0800956b   Thumb Code    10  bsp_int.o(i.BSP_IntHandlerSPI2)
    BSP_IntHandlerSPI3                       0x08009575   Thumb Code    10  bsp_int.o(i.BSP_IntHandlerSPI3)
    BSP_IntHandlerTAMP_STAMP                 0x0800957f   Thumb Code    10  bsp_int.o(i.BSP_IntHandlerTAMP_STAMP)
    BSP_IntHandlerTIM10                      0x08009589   Thumb Code    10  bsp_int.o(i.BSP_IntHandlerTIM10)
    BSP_IntHandlerTIM11                      0x08009593   Thumb Code    10  bsp_int.o(i.BSP_IntHandlerTIM11)
    BSP_IntHandlerTIM2                       0x0800959d   Thumb Code    10  bsp_int.o(i.BSP_IntHandlerTIM2)
    BSP_IntHandlerTIM3                       0x080095a7   Thumb Code    10  bsp_int.o(i.BSP_IntHandlerTIM3)
    BSP_IntHandlerTIM4                       0x080095b1   Thumb Code    10  bsp_int.o(i.BSP_IntHandlerTIM4)
    BSP_IntHandlerTIM5                       0x080095bb   Thumb Code    10  bsp_int.o(i.BSP_IntHandlerTIM5)
    BSP_IntHandlerTIM6                       0x080095c5   Thumb Code    10  bsp_int.o(i.BSP_IntHandlerTIM6)
    BSP_IntHandlerTIM7                       0x080095cf   Thumb Code    10  bsp_int.o(i.BSP_IntHandlerTIM7)
    BSP_IntHandlerTIM9                       0x080095d9   Thumb Code    10  bsp_int.o(i.BSP_IntHandlerTIM9)
    BSP_IntHandlerUART4                      0x080095e3   Thumb Code    10  bsp_int.o(i.BSP_IntHandlerUART4)
    BSP_IntHandlerUART5                      0x080095ed   Thumb Code    10  bsp_int.o(i.BSP_IntHandlerUART5)
    BSP_IntHandlerUSART1                     0x080095f9   Thumb Code   168  stm32l1xx_it.o(i.BSP_IntHandlerUSART1)
    BSP_IntHandlerUSART2                     0x080096b1   Thumb Code    10  bsp_int.o(i.BSP_IntHandlerUSART2)
    BSP_IntHandlerUSART3                     0x080096bb   Thumb Code    10  bsp_int.o(i.BSP_IntHandlerUSART3)
    BSP_IntHandlerUSB_FS_WKUP                0x080096c5   Thumb Code    10  bsp_int.o(i.BSP_IntHandlerUSB_FS_WKUP)
    BSP_IntHandlerUSB_HP                     0x080096cf   Thumb Code    10  bsp_int.o(i.BSP_IntHandlerUSB_HP)
    BSP_IntHandlerUSB_LP                     0x080096d9   Thumb Code    10  bsp_int.o(i.BSP_IntHandlerUSB_LP)
    BSP_IntHandlerWWDG                       0x080096e3   Thumb Code    10  bsp_int.o(i.BSP_IntHandlerWWDG)
    BSP_IntInit                              0x080096ed   Thumb Code    22  bsp_int.o(i.BSP_IntInit)
    BSP_IntVectSet                           0x08009709   Thumb Code    48  bsp_int.o(i.BSP_IntVectSet)
    CLCWDT_Task                              0x0800973d   Thumb Code    34  main.o(i.CLCWDT_Task)
    CPU_Init                                 0x08009765   Thumb Code    12  cpu_core.o(i.CPU_Init)
    CPU_NameClr                              0x08009771   Thumb Code    42  cpu_core.o(i.CPU_NameClr)
    CPU_TS_TmrFreqSet                        0x080097bd   Thumb Code     6  cpu_core.o(i.CPU_TS_TmrFreqSet)
    CPU_TS_TmrInit                           0x080097c9   Thumb Code    44  bsp.o(i.CPU_TS_TmrInit)
    CPU_TS_TmrRd                             0x080097fd   Thumb Code     6  bsp.o(i.CPU_TS_TmrRd)
    CRC16_Check                              0x08009809   Thumb Code    58  modbus.o(i.CRC16_Check)
    CTC                                      0x08009845   Thumb Code   296  modbus.o(i.CTC)
    DATA_EEPROM_EraseWord                    0x0800997d   Thumb Code    26  stm32l1xx_flash.o(i.DATA_EEPROM_EraseWord)
    DATA_EEPROM_FastProgramWord              0x08009999   Thumb Code    46  stm32l1xx_flash.o(i.DATA_EEPROM_FastProgramWord)
    DATA_EEPROM_Lock                         0x080099cd   Thumb Code    14  stm32l1xx_flash.o(i.DATA_EEPROM_Lock)
    DATA_EEPROM_ProgramByte                  0x080099e1   Thumb Code    92  stm32l1xx_flash.o(i.DATA_EEPROM_ProgramByte)
    DATA_EEPROM_Unlock                       0x08009a3d   Thumb Code    24  stm32l1xx_flash.o(i.DATA_EEPROM_Unlock)
    DS18B20_Read_Byte                        0x08009a61   Thumb Code   272  temp.o(i.DS18B20_Read_Byte)
    DS18B20_Rst                              0x08009b75   Thumb Code   276  temp.o(i.DS18B20_Rst)
    DS18B20_TEMP                             0x08009c8d   Thumb Code   180  temp.o(i.DS18B20_TEMP)
    DS18B20_Write_Byte                       0x08009d49   Thumb Code   180  temp.o(i.DS18B20_Write_Byte)
    DS18B20_delayus                          0x08009e01   Thumb Code    16  temp.o(i.DS18B20_delayus)
    EERead                                   0x08009e11   Thumb Code    68  ieeprom.o(i.EERead)
    EERead_Z                                 0x08009e5d   Thumb Code    58  ieeprom.o(i.EERead_Z)
    EEWrite                                  0x08009e9d   Thumb Code   100  ieeprom.o(i.EEWrite)
    FLASH_GetStatus                          0x08009f09   Thumb Code    48  stm32l1xx_flash.o(i.FLASH_GetStatus)
    FLASH_PrefetchBufferCmd                  0x08009f3d   Thumb Code    30  stm32l1xx_flash.o(i.FLASH_PrefetchBufferCmd)
    FLASH_ReadAccess64Cmd                    0x08009f61   Thumb Code    30  stm32l1xx_flash.o(i.FLASH_ReadAccess64Cmd)
    FLASH_SetLatency                         0x08009f85   Thumb Code    18  stm32l1xx_flash.o(i.FLASH_SetLatency)
    FLASH_WaitForLastOperation               0x08009f9d   Thumb Code    48  stm32l1xx_flash.o(i.FLASH_WaitForLastOperation)
    FactoryCalibration                       0x08009fcd   Thumb Code   316  modbus.o(i.FactoryCalibration)
    GPIO_Configuration                       0x0800a121   Thumb Code   146  gpio.o(i.GPIO_Configuration)
    GPIO_Init                                0x0800a1bd   Thumb Code   132  stm32l1xx_gpio.o(i.GPIO_Init)
    GPIO_PinAFConfig                         0x0800a241   Thumb Code    70  stm32l1xx_gpio.o(i.GPIO_PinAFConfig)
    GPIO_PinReverse                          0x0800a287   Thumb Code     8  gpio.o(i.GPIO_PinReverse)
    GPIO_ResetBits                           0x0800a28f   Thumb Code     4  stm32l1xx_gpio.o(i.GPIO_ResetBits)
    GPIO_SetBits                             0x0800a293   Thumb Code     4  stm32l1xx_gpio.o(i.GPIO_SetBits)
    Get_Adc                                  0x0800a299   Thumb Code    42  iadc.o(i.Get_Adc)
    Get_Adc_Average                          0x0800a2c9   Thumb Code   126  iadc.o(i.Get_Adc_Average)
    Get_SNInfo_Fun                           0x0800a355   Thumb Code    68  modbus.o(i.Get_SNInfo_Fun)
    IADC_Configuration                       0x0800a39d   Thumb Code   176  iadc.o(i.IADC_Configuration)
    Init_Parameter                           0x0800a455   Thumb Code   642  main.o(i.Init_Parameter)
    InputRegistorDataHton                    0x0800a6f1   Thumb Code   284  modbus.o(i.InputRegistorDataHton)
    Instruction_Process_Subfunction          0x0800a815   Thumb Code   432  modbus.o(i.Instruction_Process_Subfunction)
    Instruction_Task                         0x0800a9d1   Thumb Code   246  main.o(i.Instruction_Task)
    KeepRegistorDataHton                     0x0800aad5   Thumb Code   454  modbus.o(i.KeepRegistorDataHton)
    LED0_Task                                0x0800aca5   Thumb Code    64  main.o(i.LED0_Task)
    LED1_Task                                0x0800ace9   Thumb Code    34  main.o(i.LED1_Task)
    Level_height_conversion                  0x0800ad11   Thumb Code  3414  pas.o(i.Level_height_conversion)
    MAINPOWER_Task                           0x0800ba71   Thumb Code    98  main.o(i.MAINPOWER_Task)
    Mem_Clr                                  0x0800badd   Thumb Code    18  lib_mem.o(i.Mem_Clr)
    Mem_Set                                  0x0800baef   Thumb Code    98  lib_mem.o(i.Mem_Set)
    ModbusFactoryParameterReset              0x0800bb51   Thumb Code   232  modbus.o(i.ModbusFactoryParameterReset)
    ModbusReadInputRegistor                  0x0800bc51   Thumb Code   284  modbus.o(i.ModbusReadInputRegistor)
    ModbusReadKeepRegistor                   0x0800bd79   Thumb Code   540  modbus.o(i.ModbusReadKeepRegistor)
    ModbusReturnAckInfo                      0x0800bfa1   Thumb Code    64  modbus.o(i.ModbusReturnAckInfo)
    ModbusSetInitalValue                     0x0800bfe9   Thumb Code   192  modbus.o(i.ModbusSetInitalValue)
    ModbusSwitchMode                         0x0800c0b9   Thumb Code   288  modbus.o(i.ModbusSwitchMode)
    ModbusWriteSingleRegistor                0x0800c1f1   Thumb Code   556  modbus.o(i.ModbusWriteSingleRegistor)
    ModbusWriteSomeRegistor                  0x0800c429   Thumb Code  1858  modbus.o(i.ModbusWriteSomeRegistor)
    NVIC_Init                                0x0800cb85   Thumb Code   106  misc.o(i.NVIC_Init)
    NVIC_PriorityGroupConfig                 0x0800cbfd   Thumb Code    10  misc.o(i.NVIC_PriorityGroupConfig)
    OSCfg_Init                               0x0800cc11   Thumb Code     2  os_cfg_app.o(i.OSCfg_Init)
    OSIdleTaskHook                           0x0800cc15   Thumb Code    16  os_cpu_c.o(i.OSIdleTaskHook)
    OSInit                                   0x0800cc29   Thumb Code   288  os_core.o(i.OSInit)
    OSInitHook                               0x0800cda9   Thumb Code    42  os_cpu_c.o(i.OSInitHook)
    OSIntEnter                               0x0800cde1   Thumb Code    34  os_core.o(i.OSIntEnter)
    OSIntExit                                0x0800ce0d   Thumb Code   192  os_core.o(i.OSIntExit)
    OSSched                                  0x0800cef1   Thumb Code   134  os_core.o(i.OSSched)
    OSSchedLock                              0x0800cf99   Thumb Code   104  os_core.o(i.OSSchedLock)
    OSSchedRoundRobinCfg                     0x0800d00d   Thumb Code    88  os_core.o(i.OSSchedRoundRobinCfg)
    OSSchedUnlock                            0x0800d071   Thumb Code   136  os_core.o(i.OSSchedUnlock)
    OSStart                                  0x0800d105   Thumb Code    78  os_core.o(i.OSStart)
    OSStatReset                              0x0800d16d   Thumb Code   262  os_stat.o(i.OSStatReset)
    OSStatTaskCPUUsageInit                   0x0800d295   Thumb Code   212  os_stat.o(i.OSStatTaskCPUUsageInit)
    OSStatTaskHook                           0x0800d385   Thumb Code    16  os_cpu_c.o(i.OSStatTaskHook)
    OSTaskCreate                             0x0800d399   Thumb Code   412  os_task.o(i.OSTaskCreate)
    OSTaskCreateHook                         0x0800d54d   Thumb Code    20  os_cpu_c.o(i.OSTaskCreateHook)
    OSTaskResume                             0x0800d565   Thumb Code    96  os_task.o(i.OSTaskResume)
    OSTaskReturnHook                         0x0800d5cd   Thumb Code    20  os_cpu_c.o(i.OSTaskReturnHook)
    OSTaskSemPend                            0x0800d5e5   Thumb Code   464  os_task.o(i.OSTaskSemPend)
    OSTaskSemPost                            0x0800d7c1   Thumb Code    62  os_task.o(i.OSTaskSemPost)
    OSTaskStkChk                             0x0800d801   Thumb Code   204  os_task.o(i.OSTaskStkChk)
    OSTaskStkInit                            0x0800d8d5   Thumb Code   188  os_cpu_c.o(i.OSTaskStkInit)
    OSTaskSuspend                            0x0800d995   Thumb Code    48  os_task.o(i.OSTaskSuspend)
    OSTaskSwHook                             0x0800d9cd   Thumb Code   120  os_cpu_c.o(i.OSTaskSwHook)
    OSTimeDly                                0x0800da55   Thumb Code   182  os_time.o(i.OSTimeDly)
    OSTimeDlyHMSM                            0x0800db19   Thumb Code   394  os_time.o(i.OSTimeDlyHMSM)
    OSTimeTick                               0x0800dcb5   Thumb Code    68  os_time.o(i.OSTimeTick)
    OSTimeTickHook                           0x0800dd11   Thumb Code    16  os_cpu_c.o(i.OSTimeTickHook)
    OSTmrCreate                              0x0800dd25   Thumb Code   192  os_tmr.o(i.OSTmrCreate)
    OSTmrStart                               0x0800ddf1   Thumb Code   170  os_tmr.o(i.OSTmrStart)
    OS_CPU_SysTickHandler                    0x0800dea5   Thumb Code    52  os_cpu_c.o(i.OS_CPU_SysTickHandler)
    OS_CPU_SysTickInit                       0x0800dedd   Thumb Code    44  os_cpu_c.o(i.OS_CPU_SysTickInit)
    OS_Dbg_Init                              0x0800df0d   Thumb Code   148  os_dbg.o(i.OS_Dbg_Init)
    OS_FlagInit                              0x0800e0b9   Thumb Code    14  os_flag.o(i.OS_FlagInit)
    OS_IdleTask                              0x0800e0d1   Thumb Code    60  os_core.o(i.OS_IdleTask)
    OS_IdleTaskInit                          0x0800e115   Thumb Code    66  os_core.o(i.OS_IdleTaskInit)
    OS_MemInit                               0x0800e185   Thumb Code    14  os_mem.o(i.OS_MemInit)
    OS_MsgPoolInit                           0x0800e19d   Thumb Code   110  os_msg.o(i.OS_MsgPoolInit)
    OS_MsgQInit                              0x0800e219   Thumb Code    14  os_msg.o(i.OS_MsgQInit)
    OS_MutexInit                             0x0800e229   Thumb Code    14  os_mutex.o(i.OS_MutexInit)
    OS_Pend                                  0x0800e241   Thumb Code    98  os_core.o(i.OS_Pend)
    OS_PendDataInit                          0x0800e2a9   Thumb Code    38  os_core.o(i.OS_PendDataInit)
    OS_PendDbgNameAdd                        0x0800e2d1   Thumb Code    66  os_core.o(i.OS_PendDbgNameAdd)
    OS_PendDbgNameRemove                     0x0800e32d   Thumb Code    30  os_core.o(i.OS_PendDbgNameRemove)
    OS_PendListInsertPrio                    0x0800e351   Thumb Code   102  os_core.o(i.OS_PendListInsertPrio)
    OS_PendListRemove                        0x0800e3b7   Thumb Code    48  os_core.o(i.OS_PendListRemove)
    OS_PendListRemove1                       0x0800e3e7   Thumb Code    66  os_core.o(i.OS_PendListRemove1)
    OS_Post                                  0x0800e429   Thumb Code   192  os_core.o(i.OS_Post)
    OS_Post1                                 0x0800e4e9   Thumb Code    42  os_core.o(i.OS_Post1)
    OS_PrioGetHighest                        0x0800e515   Thumb Code    36  os_prio.o(i.OS_PrioGetHighest)
    OS_PrioInit                              0x0800e53d   Thumb Code    20  os_prio.o(i.OS_PrioInit)
    OS_PrioInsert                            0x0800e555   Thumb Code    32  os_prio.o(i.OS_PrioInsert)
    OS_PrioRemove                            0x0800e579   Thumb Code    32  os_prio.o(i.OS_PrioRemove)
    OS_QInit                                 0x0800e59d   Thumb Code    14  os_q.o(i.OS_QInit)
    OS_RdyListInit                           0x0800e5b5   Thumb Code    32  os_core.o(i.OS_RdyListInit)
    OS_RdyListInsert                         0x0800e5d9   Thumb Code    40  os_core.o(i.OS_RdyListInsert)
    OS_RdyListInsertHead                     0x0800e605   Thumb Code    58  os_core.o(i.OS_RdyListInsertHead)
    OS_RdyListInsertTail                     0x0800e645   Thumb Code    56  os_core.o(i.OS_RdyListInsertTail)
    OS_RdyListMoveHeadToTail                 0x0800e681   Thumb Code    68  os_core.o(i.OS_RdyListMoveHeadToTail)
    OS_RdyListRemove                         0x0800e6c5   Thumb Code    86  os_core.o(i.OS_RdyListRemove)
    OS_SchedLockTimeMeasStart                0x0800e721   Thumb Code    20  os_core.o(i.OS_SchedLockTimeMeasStart)
    OS_SchedLockTimeMeasStop                 0x0800e73d   Thumb Code    44  os_core.o(i.OS_SchedLockTimeMeasStop)
    OS_SchedRoundRobin                       0x0800e779   Thumb Code   190  os_core.o(i.OS_SchedRoundRobin)
    OS_SemInit                               0x0800e849   Thumb Code    14  os_sem.o(i.OS_SemInit)
    OS_StatTask                              0x0800e861   Thumb Code   686  os_stat.o(i.OS_StatTask)
    OS_StatTaskInit                          0x0800eb4d   Thumb Code   136  os_stat.o(i.OS_StatTaskInit)
    OS_TaskBlock                             0x0800ec19   Thumb Code    56  os_core.o(i.OS_TaskBlock)
    OS_TaskDbgListAdd                        0x0800ec51   Thumb Code    42  os_task.o(i.OS_TaskDbgListAdd)
    OS_TaskInit                              0x0800ec81   Thumb Code    18  os_task.o(i.OS_TaskInit)
    OS_TaskInitTCB                           0x0800eca1   Thumb Code   190  os_task.o(i.OS_TaskInitTCB)
    OS_TaskRdy                               0x0800ed6d   Thumb Code    28  os_core.o(i.OS_TaskRdy)
    OS_TaskResume                            0x0800ed89   Thumb Code   256  os_task.o(i.OS_TaskResume)
    OS_TaskReturn                            0x0800ee89   Thumb Code    26  os_task.o(i.OS_TaskReturn)
    OS_TaskSemPost                           0x0800eead   Thumb Code   448  os_task.o(i.OS_TaskSemPost)
    OS_TaskSuspend                           0x0800f071   Thumb Code   272  os_task.o(i.OS_TaskSuspend)
    OS_TickListInit                          0x0800f189   Thumb Code    32  os_tick.o(i.OS_TickListInit)
    OS_TickListInsert                        0x0800f1b1   Thumb Code   430  os_tick.o(i.OS_TickListInsert)
    OS_TickListRemove                        0x0800f36d   Thumb Code    56  os_tick.o(i.OS_TickListRemove)
    OS_TickListResetPeak                     0x0800f3a5   Thumb Code    28  os_tick.o(i.OS_TickListResetPeak)
    OS_TickListUpdate                        0x0800f3c9   Thumb Code   376  os_tick.o(i.OS_TickListUpdate)
    OS_TickTask                              0x0800f551   Thumb Code    38  os_tick.o(i.OS_TickTask)
    OS_TickTaskInit                          0x0800f57d   Thumb Code   128  os_tick.o(i.OS_TickTaskInit)
    OS_TmrDbgListAdd                         0x0800f635   Thumb Code    34  os_tmr.o(i.OS_TmrDbgListAdd)
    OS_TmrInit                               0x0800f65d   Thumb Code   206  os_tmr.o(i.OS_TmrInit)
    OS_TmrLink                               0x0800f785   Thumb Code   196  os_tmr.o(i.OS_TmrLink)
    OS_TmrResetPeak                          0x0800f855   Thumb Code    28  os_tmr.o(i.OS_TmrResetPeak)
    OS_TmrTask                               0x0800f879   Thumb Code   176  os_tmr.o(i.OS_TmrTask)
    OS_TmrUnlink                             0x0800f939   Thumb Code    72  os_tmr.o(i.OS_TmrUnlink)
    PAS_Task                                 0x0800f989   Thumb Code    98  main.o(i.PAS_Task)
    PWR_GetFlagStatus                        0x0800fa01   Thumb Code    20  stm32l1xx_pwr.o(i.PWR_GetFlagStatus)
    PWR_VoltageScalingConfig                 0x0800fa19   Thumb Code    24  stm32l1xx_pwr.o(i.PWR_VoltageScalingConfig)
    RCC_AHBPeriphClockCmd                    0x0800fa35   Thumb Code    26  stm32l1xx_rcc.o(i.RCC_AHBPeriphClockCmd)
    RCC_APB1PeriphClockCmd                   0x0800fa55   Thumb Code    26  stm32l1xx_rcc.o(i.RCC_APB1PeriphClockCmd)
    RCC_APB1PeriphResetCmd                   0x0800fa75   Thumb Code    26  stm32l1xx_rcc.o(i.RCC_APB1PeriphResetCmd)
    RCC_APB2PeriphClockCmd                   0x0800fa95   Thumb Code    26  stm32l1xx_rcc.o(i.RCC_APB2PeriphClockCmd)
    RCC_APB2PeriphResetCmd                   0x0800fab5   Thumb Code    26  stm32l1xx_rcc.o(i.RCC_APB2PeriphResetCmd)
    RCC_DeInit                               0x0800fad5   Thumb Code    74  stm32l1xx_rcc.o(i.RCC_DeInit)
    RCC_GetClocksFreq                        0x0800fb2d   Thumb Code   238  stm32l1xx_rcc.o(i.RCC_GetClocksFreq)
    RCC_GetFlagStatus                        0x0800fc2d   Thumb Code    48  stm32l1xx_rcc.o(i.RCC_GetFlagStatus)
    RCC_GetSYSCLKSource                      0x0800fc61   Thumb Code    10  stm32l1xx_rcc.o(i.RCC_GetSYSCLKSource)
    RCC_HCLKConfig                           0x0800fc71   Thumb Code    18  stm32l1xx_rcc.o(i.RCC_HCLKConfig)
    RCC_HSEConfig                            0x0800fc89   Thumb Code    12  stm32l1xx_rcc.o(i.RCC_HSEConfig)
    RCC_HSICmd                               0x0800fc99   Thumb Code     6  stm32l1xx_rcc.o(i.RCC_HSICmd)
    RCC_PCLK1Config                          0x0800fca5   Thumb Code    18  stm32l1xx_rcc.o(i.RCC_PCLK1Config)
    RCC_PCLK2Config                          0x0800fcbd   Thumb Code    20  stm32l1xx_rcc.o(i.RCC_PCLK2Config)
    RCC_PLLCmd                               0x0800fcd5   Thumb Code     6  stm32l1xx_rcc.o(i.RCC_PLLCmd)
    RCC_PLLConfig                            0x0800fce1   Thumb Code    14  stm32l1xx_rcc.o(i.RCC_PLLConfig)
    RCC_SYSCLKConfig                         0x0800fcf5   Thumb Code    18  stm32l1xx_rcc.o(i.RCC_SYSCLKConfig)
    ResetSoftware                            0x0800fd0d   Thumb Code   134  modbus.o(i.ResetSoftware)
    SPI1_CS_Select                           0x0800fda9   Thumb Code    60  spi.o(i.SPI1_CS_Select)
    SPI1_Configuration                       0x0800fded   Thumb Code   242  spi.o(i.SPI1_Configuration)
    SPI1_ReadWriteByte                       0x0800feed   Thumb Code    70  spi.o(i.SPI1_ReadWriteByte)
    SPI_Cmd                                  0x0800ff39   Thumb Code    24  stm32l1xx_spi.o(i.SPI_Cmd)
    SPI_I2S_DeInit                           0x0800ff51   Thumb Code    76  stm32l1xx_spi.o(i.SPI_I2S_DeInit)
    SPI_I2S_GetFlagStatus                    0x0800ffa9   Thumb Code    18  stm32l1xx_spi.o(i.SPI_I2S_GetFlagStatus)
    SPI_I2S_ReceiveData                      0x0800ffbb   Thumb Code     6  stm32l1xx_spi.o(i.SPI_I2S_ReceiveData)
    SPI_I2S_SendData                         0x0800ffc1   Thumb Code     4  stm32l1xx_spi.o(i.SPI_I2S_SendData)
    SPI_Init                                 0x0800ffc5   Thumb Code    60  stm32l1xx_spi.o(i.SPI_Init)
    TEMP_Task                                0x08010001   Thumb Code   256  main.o(i.TEMP_Task)
    U485SendData                             0x0801011d   Thumb Code    36  uart.o(i.U485SendData)
    UART1_Configuration                      0x08010149   Thumb Code   282  uart.o(i.UART1_Configuration)
    USART1_ClearBuf_Flag                     0x0801026d   Thumb Code    18  uart.o(i.USART1_ClearBuf_Flag)
    USART1_GetChar                           0x0801028d   Thumb Code    28  uart.o(i.USART1_GetChar)
    USART1_GetCharBlock                      0x080102ad   Thumb Code    52  uart.o(i.USART1_GetCharBlock)
    USART_ClearFlag                          0x080102e5   Thumb Code    18  stm32l1xx_usart.o(i.USART_ClearFlag)
    USART_Cmd                                0x080102f7   Thumb Code    24  stm32l1xx_usart.o(i.USART_Cmd)
    USART_GetFlagStatus                      0x0801030f   Thumb Code    26  stm32l1xx_usart.o(i.USART_GetFlagStatus)
    USART_GetITStatus                        0x08010329   Thumb Code    84  stm32l1xx_usart.o(i.USART_GetITStatus)
    USART_ITConfig                           0x0801037d   Thumb Code    74  stm32l1xx_usart.o(i.USART_ITConfig)
    USART_Init                               0x080103c9   Thumb Code   198  stm32l1xx_usart.o(i.USART_Init)
    USART_PutChar                            0x08010495   Thumb Code    48  uart.o(i.USART_PutChar)
    USART_PutData                            0x080104c5   Thumb Code    34  uart.o(i.USART_PutData)
    USART_ReceiveData                        0x080104e7   Thumb Code    10  stm32l1xx_usart.o(i.USART_ReceiveData)
    USART_SendData                           0x080104f1   Thumb Code     8  stm32l1xx_usart.o(i.USART_SendData)
    __ARM_fpclassify                         0x080104f9   Thumb Code    40  fpclassify.o(i.__ARM_fpclassify)
    __kernel_poly                            0x08010521   Thumb Code   170  poly.o(i.__kernel_poly)
    __mathlib_dbl_divzero                    0x080105f5   Thumb Code    12  dunder.o(i.__mathlib_dbl_divzero)
    __mathlib_dbl_infnan2                    0x08010605   Thumb Code     4  dunder.o(i.__mathlib_dbl_infnan2)
    __mathlib_dbl_invalid                    0x08010609   Thumb Code    12  dunder.o(i.__mathlib_dbl_invalid)
    __mathlib_dbl_overflow                   0x08010615   Thumb Code    14  dunder.o(i.__mathlib_dbl_overflow)
    __mathlib_dbl_underflow                  0x08010625   Thumb Code    10  dunder.o(i.__mathlib_dbl_underflow)
    __scatterload_copy                       0x08010635   Thumb Code    14  handlers.o(i.__scatterload_copy)
    __scatterload_null                       0x08010643   Thumb Code     2  handlers.o(i.__scatterload_null)
    __scatterload_zeroinit                   0x08010645   Thumb Code    14  handlers.o(i.__scatterload_zeroinit)
    __set_errno                              0x08010655   Thumb Code     6  errno.o(i.__set_errno)
    main                                     0x08010661   Thumb Code   110  main.o(i.main)
    pow                                      0x080106f5   Thumb Code  2512  pow.o(i.pow)
    sqrt                                     0x080110cd   Thumb Code    76  sqrt.o(i.sqrt)
    tmr1_callback                            0x08011119   Thumb Code    42  timer.o(i.tmr1_callback)
    OSCfg_IdleTaskStkBasePtr                 0x08011150   Data           4  os_cfg_app.o(.constdata)
    OSCfg_IdleTaskStkLimit                   0x08011154   Data           4  os_cfg_app.o(.constdata)
    OSCfg_IdleTaskStkSize                    0x08011158   Data           4  os_cfg_app.o(.constdata)
    OSCfg_IdleTaskStkSizeRAM                 0x0801115c   Data           4  os_cfg_app.o(.constdata)
    OSCfg_IntQBasePtr                        0x08011160   Data           4  os_cfg_app.o(.constdata)
    OSCfg_IntQSize                           0x08011164   Data           2  os_cfg_app.o(.constdata)
    OSCfg_IntQSizeRAM                        0x08011168   Data           4  os_cfg_app.o(.constdata)
    OSCfg_IntQTaskStkBasePtr                 0x0801116c   Data           4  os_cfg_app.o(.constdata)
    OSCfg_IntQTaskStkLimit                   0x08011170   Data           4  os_cfg_app.o(.constdata)
    OSCfg_IntQTaskStkSize                    0x08011174   Data           4  os_cfg_app.o(.constdata)
    OSCfg_IntQTaskStkSizeRAM                 0x08011178   Data           4  os_cfg_app.o(.constdata)
    OSCfg_ISRStkBasePtr                      0x0801117c   Data           4  os_cfg_app.o(.constdata)
    OSCfg_ISRStkSize                         0x08011180   Data           4  os_cfg_app.o(.constdata)
    OSCfg_ISRStkSizeRAM                      0x08011184   Data           4  os_cfg_app.o(.constdata)
    OSCfg_MsgPoolSize                        0x08011188   Data           2  os_cfg_app.o(.constdata)
    OSCfg_MsgPoolSizeRAM                     0x0801118c   Data           4  os_cfg_app.o(.constdata)
    OSCfg_MsgPoolBasePtr                     0x08011190   Data           4  os_cfg_app.o(.constdata)
    OSCfg_StatTaskPrio                       0x08011194   Data           1  os_cfg_app.o(.constdata)
    OSCfg_StatTaskRate_Hz                    0x08011198   Data           4  os_cfg_app.o(.constdata)
    OSCfg_StatTaskStkBasePtr                 0x0801119c   Data           4  os_cfg_app.o(.constdata)
    OSCfg_StatTaskStkLimit                   0x080111a0   Data           4  os_cfg_app.o(.constdata)
    OSCfg_StatTaskStkSize                    0x080111a4   Data           4  os_cfg_app.o(.constdata)
    OSCfg_StatTaskStkSizeRAM                 0x080111a8   Data           4  os_cfg_app.o(.constdata)
    OSCfg_StkSizeMin                         0x080111ac   Data           4  os_cfg_app.o(.constdata)
    OSCfg_TickRate_Hz                        0x080111b0   Data           4  os_cfg_app.o(.constdata)
    OSCfg_TickTaskPrio                       0x080111b4   Data           1  os_cfg_app.o(.constdata)
    OSCfg_TickTaskStkBasePtr                 0x080111b8   Data           4  os_cfg_app.o(.constdata)
    OSCfg_TickTaskStkLimit                   0x080111bc   Data           4  os_cfg_app.o(.constdata)
    OSCfg_TickTaskStkSize                    0x080111c0   Data           4  os_cfg_app.o(.constdata)
    OSCfg_TickTaskStkSizeRAM                 0x080111c4   Data           4  os_cfg_app.o(.constdata)
    OSCfg_TickWheelSize                      0x080111c8   Data           2  os_cfg_app.o(.constdata)
    OSCfg_TickWheelSizeRAM                   0x080111cc   Data           4  os_cfg_app.o(.constdata)
    OSCfg_TmrTaskPrio                        0x080111d0   Data           1  os_cfg_app.o(.constdata)
    OSCfg_TmrTaskRate_Hz                     0x080111d4   Data           4  os_cfg_app.o(.constdata)
    OSCfg_TmrTaskStkBasePtr                  0x080111d8   Data           4  os_cfg_app.o(.constdata)
    OSCfg_TmrTaskStkLimit                    0x080111dc   Data           4  os_cfg_app.o(.constdata)
    OSCfg_TmrTaskStkSize                     0x080111e0   Data           4  os_cfg_app.o(.constdata)
    OSCfg_TmrTaskStkSizeRAM                  0x080111e4   Data           4  os_cfg_app.o(.constdata)
    OSCfg_TmrWheelSize                       0x080111e8   Data           2  os_cfg_app.o(.constdata)
    OSCfg_TmrWheelSizeRAM                    0x080111ec   Data           4  os_cfg_app.o(.constdata)
    OSCfg_DataSizeRAM                        0x080111f0   Data           4  os_cfg_app.o(.constdata)
    OSDbg_DbgEn                              0x080111f4   Data           1  os_dbg.o(.constdata)
    OSDbg_ArgChkEn                           0x080111f5   Data           1  os_dbg.o(.constdata)
    OSDbg_AppHooksEn                         0x080111f6   Data           1  os_dbg.o(.constdata)
    OSDbg_EndiannessTest                     0x080111f8   Data           4  os_dbg.o(.constdata)
    OSDbg_CalledFromISRChkEn                 0x080111fc   Data           1  os_dbg.o(.constdata)
    OSDbg_FlagEn                             0x080111fd   Data           1  os_dbg.o(.constdata)
    OSDbg_FlagGrp                            0x08011200   Data          40  os_dbg.o(.constdata)
    OSDbg_FlagDelEn                          0x08011228   Data           1  os_dbg.o(.constdata)
    OSDbg_FlagModeClrEn                      0x08011229   Data           1  os_dbg.o(.constdata)
    OSDbg_FlagPendAbortEn                    0x0801122a   Data           1  os_dbg.o(.constdata)
    OSDbg_FlagGrpSize                        0x0801122c   Data           2  os_dbg.o(.constdata)
    OSDbg_FlagWidth                          0x0801122e   Data           2  os_dbg.o(.constdata)
    OSDbg_IntQ                               0x08011230   Data           2  os_dbg.o(.constdata)
    OSDbg_ISRPostDeferredEn                  0x08011232   Data           1  os_dbg.o(.constdata)
    OSDbg_Mem                                0x08011234   Data          32  os_dbg.o(.constdata)
    OSDbg_MemEn                              0x08011254   Data           1  os_dbg.o(.constdata)
    OSDbg_MemSize                            0x08011256   Data           2  os_dbg.o(.constdata)
    OSDbg_MsgEn                              0x08011258   Data           1  os_dbg.o(.constdata)
    OSDbg_MsgSize                            0x0801125a   Data           2  os_dbg.o(.constdata)
    OSDbg_MsgPoolSize                        0x0801125c   Data           2  os_dbg.o(.constdata)
    OSDbg_MsgQSize                           0x0801125e   Data           2  os_dbg.o(.constdata)
    OSDbg_Mutex                              0x08011260   Data          44  os_dbg.o(.constdata)
    OSDbg_MutexEn                            0x0801128c   Data           1  os_dbg.o(.constdata)
    OSDbg_MutexDelEn                         0x0801128d   Data           1  os_dbg.o(.constdata)
    OSDbg_MutexPendAbortEn                   0x0801128e   Data           1  os_dbg.o(.constdata)
    OSDbg_MutexSize                          0x08011290   Data           2  os_dbg.o(.constdata)
    OSDbg_ObjTypeChkEn                       0x08011292   Data           1  os_dbg.o(.constdata)
    OSDbg_PendMultiEn                        0x08011293   Data           1  os_dbg.o(.constdata)
    OSDbg_PendDataSize                       0x08011294   Data           2  os_dbg.o(.constdata)
    OSDbg_PendListSize                       0x08011296   Data           2  os_dbg.o(.constdata)
    OSDbg_PendObjSize                        0x08011298   Data           2  os_dbg.o(.constdata)
    OSDbg_PrioMax                            0x0801129a   Data           2  os_dbg.o(.constdata)
    OSDbg_PrioTblSize                        0x0801129c   Data           2  os_dbg.o(.constdata)
    OSDbg_PtrSize                            0x0801129e   Data           2  os_dbg.o(.constdata)
    OSDbg_Q                                  0x080112a0   Data          48  os_dbg.o(.constdata)
    OSDbg_QEn                                0x080112d0   Data           1  os_dbg.o(.constdata)
    OSDbg_QDelEn                             0x080112d1   Data           1  os_dbg.o(.constdata)
    OSDbg_QFlushEn                           0x080112d2   Data           1  os_dbg.o(.constdata)
    OSDbg_QPendAbortEn                       0x080112d3   Data           1  os_dbg.o(.constdata)
    OSDbg_QSize                              0x080112d4   Data           2  os_dbg.o(.constdata)
    OSDbg_SchedRoundRobinEn                  0x080112d6   Data           1  os_dbg.o(.constdata)
    OSDbg_Sem                                0x080112d8   Data          40  os_dbg.o(.constdata)
    OSDbg_SemEn                              0x08011300   Data           1  os_dbg.o(.constdata)
    OSDbg_SemDelEn                           0x08011301   Data           1  os_dbg.o(.constdata)
    OSDbg_SemPendAbortEn                     0x08011302   Data           1  os_dbg.o(.constdata)
    OSDbg_SemSetEn                           0x08011303   Data           1  os_dbg.o(.constdata)
    OSDbg_SemSize                            0x08011304   Data           2  os_dbg.o(.constdata)
    OSDbg_RdyList                            0x08011306   Data           2  os_dbg.o(.constdata)
    OSDbg_RdyListSize                        0x08011308   Data           4  os_dbg.o(.constdata)
    OSDbg_StkWidth                           0x0801130c   Data           1  os_dbg.o(.constdata)
    OSDbg_StatTaskEn                         0x0801130d   Data           1  os_dbg.o(.constdata)
    OSDbg_StatTaskStkChkEn                   0x0801130e   Data           1  os_dbg.o(.constdata)
    OSDbg_TaskChangePrioEn                   0x0801130f   Data           1  os_dbg.o(.constdata)
    OSDbg_TaskDelEn                          0x08011310   Data           1  os_dbg.o(.constdata)
    OSDbg_TaskQEn                            0x08011311   Data           1  os_dbg.o(.constdata)
    OSDbg_TaskQPendAbortEn                   0x08011312   Data           1  os_dbg.o(.constdata)
    OSDbg_TaskProfileEn                      0x08011313   Data           1  os_dbg.o(.constdata)
    OSDbg_TaskRegTblSize                     0x08011314   Data           2  os_dbg.o(.constdata)
    OSDbg_TaskSemPendAbortEn                 0x08011316   Data           1  os_dbg.o(.constdata)
    OSDbg_TaskSuspendEn                      0x08011317   Data           1  os_dbg.o(.constdata)
    OSDbg_TCBSize                            0x08011318   Data           2  os_dbg.o(.constdata)
    OSDbg_TickSpokeSize                      0x0801131a   Data           2  os_dbg.o(.constdata)
    OSDbg_TimeDlyHMSMEn                      0x0801131c   Data           1  os_dbg.o(.constdata)
    OSDbg_TimeDlyResumeEn                    0x0801131d   Data           1  os_dbg.o(.constdata)
    OSDbg_TLS_TblSize                        0x0801131e   Data           2  os_dbg.o(.constdata)
    OSDbg_Tmr                                0x08011320   Data          52  os_dbg.o(.constdata)
    OSDbg_TmrEn                              0x08011354   Data           1  os_dbg.o(.constdata)
    OSDbg_TmrDelEn                           0x08011355   Data           1  os_dbg.o(.constdata)
    OSDbg_TmrSize                            0x08011356   Data           2  os_dbg.o(.constdata)
    OSDbg_TmrSpokeSize                       0x08011358   Data           2  os_dbg.o(.constdata)
    OSDbg_VersionNbr                         0x0801135a   Data           2  os_dbg.o(.constdata)
    OSDbg_DataSize                           0x0801135c   Data           4  os_dbg.o(.constdata)
    __mathlib_zero                           0x080113e8   Data           8  qnan.o(.constdata)
    Region$$Table$$Base                      0x080113f0   Number         0  anon$$obj.o(Region$$Table)
    Region$$Table$$Limit                     0x08011410   Number         0  anon$$obj.o(Region$$Table)
    MKx                                      0x20000004   Data           4  main.o(.data)
    MKy                                      0x20000008   Data           4  main.o(.data)
    MKz                                      0x2000000c   Data           4  main.o(.data)
    SysTick_Count                            0x20000010   Data           4  main.o(.data)
    SysTick_Count1                           0x20000014   Data           4  main.o(.data)
    TimingDelay                              0x20000018   Data           4  main.o(.data)
    WorkTime                                 0x2000001c   Data           4  main.o(.data)
    WorkTimeOutFlag                          0x20000020   Data           1  main.o(.data)
    Temp_Flag                                0x20000021   Data           1  main.o(.data)
    MainPower_Flag                           0x20000022   Data           1  main.o(.data)
    MMA8451_Flag                             0x20000023   Data           1  main.o(.data)
    Time_Count                               0x20000024   Data           4  main.o(.data)
    Old_Temp                                 0x20000028   Data           4  main.o(.data)
    Temp_Count                               0x2000002c   Data           4  main.o(.data)
    Temp_Err_Count                           0x20000030   Data           1  main.o(.data)
    test_count                               0x20000034   Data           4  main.o(.data)
    ad7799_ID                                0x20000038   Data           1  main.o(.data)
    ad7799_status                            0x20000039   Data           1  main.o(.data)
    Modbus_BusyFlag                          0x2000003a   Data           1  modbus.o(.data)
    Modbus_FreeFlag                          0x2000003b   Data           1  modbus.o(.data)
    FactoryResetWord                         0x2000003c   Data           4  modbus.o(.data)
    FactorySetValueWord                      0x20000040   Data           4  modbus.o(.data)
    FactorySetValueWord2                     0x20000044   Data           4  modbus.o(.data)
    SuperModeValueWord2                      0x20000048   Data           4  modbus.o(.data)
    SuperMode_Flag                           0x2000004c   Data           1  modbus.o(.data)
    PA_MV_Data_Filter                        0x20000050   Data           4  spi.o(.data)
    AD779x_Sampling_Complete_Flag0           0x20000054   Data           1  spi.o(.data)
    AD779x_Sampling_Complete_Flag1           0x20000055   Data           1  spi.o(.data)
    ModbusIntervalTime                       0x20000060   Data           1  uart.o(.data)
    USART1_INTERVAL_TIME                     0x20000061   Data           1  uart.o(.data)
    USART1_RX_Len                            0x20000062   Data           1  uart.o(.data)
    Uart1Flag                                0x20000063   Data           1  uart.o(.data)
    OSPrioTbl                                0x20000080   Data           4  os_prio.o(.data)
    OS_AppTaskCreateHookPtr                  0x20000084   Data           4  os_var.o(.data)
    OS_AppTaskDelHookPtr                     0x20000088   Data           4  os_var.o(.data)
    OS_AppTaskReturnHookPtr                  0x2000008c   Data           4  os_var.o(.data)
    OS_AppIdleTaskHookPtr                    0x20000090   Data           4  os_var.o(.data)
    OS_AppStatTaskHookPtr                    0x20000094   Data           4  os_var.o(.data)
    OS_AppTaskSwHookPtr                      0x20000098   Data           4  os_var.o(.data)
    OS_AppTimeTickHookPtr                    0x2000009c   Data           4  os_var.o(.data)
    OSIdleTaskCtr                            0x200000a0   Data           4  os_var.o(.data)
    OSIntNestingCtr                          0x200000a4   Data           1  os_var.o(.data)
    OSRunning                                0x200000a5   Data           1  os_var.o(.data)
    OSFlagDbgListPtr                         0x200000a8   Data           4  os_var.o(.data)
    OSFlagQty                                0x200000ac   Data           2  os_var.o(.data)
    OSMemDbgListPtr                          0x200000b0   Data           4  os_var.o(.data)
    OSMemQty                                 0x200000b4   Data           2  os_var.o(.data)
    OSMutexDbgListPtr                        0x200000b8   Data           4  os_var.o(.data)
    OSMutexQty                               0x200000bc   Data           2  os_var.o(.data)
    OSPrioCur                                0x200000be   Data           1  os_var.o(.data)
    OSPrioHighRdy                            0x200000bf   Data           1  os_var.o(.data)
    OSPrioSaved                              0x200000c0   Data           1  os_var.o(.data)
    OSQDbgListPtr                            0x200000c4   Data           4  os_var.o(.data)
    OSQQty                                   0x200000c8   Data           2  os_var.o(.data)
    OSSchedLockTimeBegin                     0x200000cc   Data           4  os_var.o(.data)
    OSSchedLockTimeMax                       0x200000d0   Data           4  os_var.o(.data)
    OSSchedLockTimeMaxCur                    0x200000d4   Data           4  os_var.o(.data)
    OSSchedLockNestingCtr                    0x200000d8   Data           1  os_var.o(.data)
    OSSchedRoundRobinDfltTimeQuanta          0x200000dc   Data           4  os_var.o(.data)
    OSSchedRoundRobinEn                      0x200000e0   Data           1  os_var.o(.data)
    OSSemDbgListPtr                          0x200000e4   Data           4  os_var.o(.data)
    OSSemQty                                 0x200000e8   Data           2  os_var.o(.data)
    OSStatResetFlag                          0x200000ea   Data           1  os_var.o(.data)
    OSStatTaskCPUUsage                       0x200000ec   Data           2  os_var.o(.data)
    OSStatTaskCPUUsageMax                    0x200000ee   Data           2  os_var.o(.data)
    OSStatTaskCtr                            0x200000f0   Data           4  os_var.o(.data)
    OSStatTaskCtrMax                         0x200000f4   Data           4  os_var.o(.data)
    OSStatTaskCtrRun                         0x200000f8   Data           4  os_var.o(.data)
    OSStatTaskRdy                            0x200000fc   Data           1  os_var.o(.data)
    OSStatTaskTimeMax                        0x20000100   Data           4  os_var.o(.data)
    OSTaskCtxSwCtr                           0x20000104   Data           4  os_var.o(.data)
    OSTaskDbgListPtr                         0x20000108   Data           4  os_var.o(.data)
    OSTaskQty                                0x2000010c   Data           2  os_var.o(.data)
    OSTaskRegNextAvailID                     0x2000010e   Data           1  os_var.o(.data)
    OSTickCtr                                0x20000110   Data           4  os_var.o(.data)
    OSTickTaskTimeMax                        0x20000114   Data           4  os_var.o(.data)
    OSTmrDbgListPtr                          0x20000118   Data           4  os_var.o(.data)
    OSTmrQty                                 0x2000011c   Data           2  os_var.o(.data)
    OSTmrTaskTimeMax                         0x20000120   Data           4  os_var.o(.data)
    OSTmrTickCtr                             0x20000124   Data           4  os_var.o(.data)
    OSTmrUpdateCnt                           0x20000128   Data           4  os_var.o(.data)
    OSTmrUpdateCtr                           0x2000012c   Data           4  os_var.o(.data)
    OSTCBCurPtr                              0x20000130   Data           4  os_var.o(.data)
    OSTCBHighRdyPtr                          0x20000134   Data           4  os_var.o(.data)
    CPU_TS_TmrFreq_Hz                        0x20000138   Data           4  cpu_core.o(.data)
    OS_CPU_ExceptStkBase                     0x2000013c   Data           4  os_cpu_c.o(.data)
    tmr1                                     0x20000410   Data          52  main.o(.bss)
    InstructionTaskTCB                       0x20000444   Data         196  main.o(.bss)
    CLCWDTTaskTCB                            0x20000d08   Data         196  main.o(.bss)
    PASTaskTCB                               0x20000ed0   Data         196  main.o(.bss)
    TEMPTaskTCB                              0x20001398   Data         196  main.o(.bss)
    MAINPOWERTaskTCB                         0x20001660   Data         196  main.o(.bss)
    LED0TaskTCB                              0x20001928   Data         196  main.o(.bss)
    LED1TaskTCB                              0x20001af0   Data         196  main.o(.bss)
    IMU_Data                                 0x20001cb8   Data          52  main.o(.bss)
    KeepRegister                             0x20001cec   Data         176  modbus.o(.bss)
    KeepRegisterTemp                         0x20001d9c   Data         176  modbus.o(.bss)
    InputRegister                            0x20001e4c   Data          70  modbus.o(.bss)
    InputRegisterTemp                        0x20001e92   Data          70  modbus.o(.bss)
    ModbusDataPackage                        0x20001ed8   Data        1026  modbus.o(.bss)
    uart1_rbuf                               0x200022dc   Data        1032  uart.o(.bss)
    OSCfg_IdleTaskStk                        0x200027c8   Data         512  os_cfg_app.o(.bss)
    OSCfg_ISRStk                             0x200029c8   Data        1024  os_cfg_app.o(.bss)
    OSCfg_MsgPool                            0x20002dc8   Data        1600  os_cfg_app.o(.bss)
    OSCfg_StatTaskStk                        0x20003408   Data         512  os_cfg_app.o(.bss)
    OSCfg_TickTaskStk                        0x20003608   Data         512  os_cfg_app.o(.bss)
    OSCfg_TickWheel                          0x20003808   Data         136  os_cfg_app.o(.bss)
    OSCfg_TmrTaskStk                         0x20003890   Data         512  os_cfg_app.o(.bss)
    OSCfg_TmrWheel                           0x20003a90   Data         136  os_cfg_app.o(.bss)
    OSIdleTaskTCB                            0x20003b18   Data         196  os_var.o(.bss)
    OSMsgPool                                0x20003bdc   Data          12  os_var.o(.bss)
    OSRdyList                                0x20003be8   Data         192  os_var.o(.bss)
    OSStatTaskTCB                            0x20003ca8   Data         196  os_var.o(.bss)
    OSTickTaskTCB                            0x20003d6c   Data         196  os_var.o(.bss)
    OSTmrTaskTCB                             0x20003e30   Data         196  os_var.o(.bss)
    CPU_Name                                 0x20003ef4   Data          16  cpu_core.o(.bss)
    __initial_sp                             0x20004b08   Data           0  cstartup.o(STACK)



==============================================================================

Memory Map of the image

  Image Entry point : 0x08008125

  Load Region LR_IROM1 (Base: 0x08008000, Size: 0x00009554, Max: 0x00018000, ABSOLUTE, COMPRESSED[0x00009444])

    Execution Region ER_IROM1 (Exec base: 0x08008000, Load base: 0x08008000, Size: 0x00009410, Max: 0x00018000, ABSOLUTE)

    Exec Addr    Load Addr    Size         Type   Attr      Idx    E Section Name        Object

    0x08008000   0x08008000   0x00000124   Data   RO         4929    RESET               cstartup.o
    0x08008124   0x08008124   0x00000000   Code   RO         7174  * .ARM.Collect$$$$00000000  mc_w.l(entry.o)
    0x08008124   0x08008124   0x00000004   Code   RO         7246    .ARM.Collect$$$$00000001  mc_w.l(entry2.o)
    0x08008128   0x08008128   0x00000004   Code   RO         7249    .ARM.Collect$$$$00000004  mc_w.l(entry5.o)
    0x0800812c   0x0800812c   0x00000000   Code   RO         7251    .ARM.Collect$$$$00000008  mc_w.l(entry7b.o)
    0x0800812c   0x0800812c   0x00000000   Code   RO         7253    .ARM.Collect$$$$0000000A  mc_w.l(entry8b.o)
    0x0800812c   0x0800812c   0x00000008   Code   RO         7254    .ARM.Collect$$$$0000000B  mc_w.l(entry9a.o)
    0x08008134   0x08008134   0x00000000   Code   RO         7256    .ARM.Collect$$$$0000000D  mc_w.l(entry10a.o)
    0x08008134   0x08008134   0x00000000   Code   RO         7258    .ARM.Collect$$$$0000000F  mc_w.l(entry11a.o)
    0x08008134   0x08008134   0x00000004   Code   RO         7247    .ARM.Collect$$$$00002712  mc_w.l(entry2.o)
    0x08008138   0x08008138   0x00000018   Code   RO         4930    .text               cstartup.o
    0x08008150   0x08008150   0x00000034   Code   RO         6617    .text               cpu_a.o
    0x08008184   0x08008184   0x00000024   Code   RO         7179    .text               mc_w.l(memcpya.o)
    0x080081a8   0x080081a8   0x00000024   Code   RO         7181    .text               mc_w.l(memseta.o)
    0x080081cc   0x080081cc   0x0000001e   Code   RO         7183    .text               mc_w.l(strncmp.o)
    0x080081ea   0x080081ea   0x000000b0   Code   RO         7187    .text               mf_w.l(fadd.o)
    0x0800829a   0x0800829a   0x00000064   Code   RO         7189    .text               mf_w.l(fmul.o)
    0x080082fe   0x080082fe   0x0000007c   Code   RO         7191    .text               mf_w.l(fdiv.o)
    0x0800837a   0x0800837a   0x0000014e   Code   RO         7193    .text               mf_w.l(dadd.o)
    0x080084c8   0x080084c8   0x000000e4   Code   RO         7195    .text               mf_w.l(dmul.o)
    0x080085ac   0x080085ac   0x000000de   Code   RO         7197    .text               mf_w.l(ddiv.o)
    0x0800868a   0x0800868a   0x00000012   Code   RO         7199    .text               mf_w.l(fflti.o)
    0x0800869c   0x0800869c   0x0000000a   Code   RO         7201    .text               mf_w.l(ffltui.o)
    0x080086a6   0x080086a6   0x00000022   Code   RO         7203    .text               mf_w.l(dflti.o)
    0x080086c8   0x080086c8   0x0000001a   Code   RO         7205    .text               mf_w.l(dfltui.o)
    0x080086e2   0x080086e2   0x00000026   Code   RO         7207    .text               mf_w.l(f2d.o)
    0x08008708   0x08008708   0x00000030   Code   RO         7209    .text               mf_w.l(cdcmple.o)
    0x08008738   0x08008738   0x00000030   Code   RO         7211    .text               mf_w.l(cdrcmple.o)
    0x08008768   0x08008768   0x00000038   Code   RO         7213    .text               mf_w.l(d2f.o)
    0x080087a0   0x080087a0   0x00000014   Code   RO         7215    .text               mf_w.l(cfcmple.o)
    0x080087b4   0x080087b4   0x00000014   Code   RO         7217    .text               mf_w.l(cfrcmple.o)
    0x080087c8   0x080087c8   0x0000001e   Code   RO         7260    .text               mc_w.l(llshl.o)
    0x080087e6   0x080087e6   0x00000020   Code   RO         7262    .text               mc_w.l(llushr.o)
    0x08008806   0x08008806   0x00000024   Code   RO         7264    .text               mc_w.l(llsshr.o)
    0x0800882a   0x0800882a   0x00000000   Code   RO         7273    .text               mc_w.l(iusefp.o)
    0x0800882a   0x0800882a   0x0000006e   Code   RO         7274    .text               mf_w.l(fepilogue.o)
    0x08008898   0x08008898   0x000000ba   Code   RO         7276    .text               mf_w.l(depilogue.o)
    0x08008952   0x08008952   0x0000002e   Code   RO         7278    .text               mf_w.l(dscalb.o)
    0x08008980   0x08008980   0x00000024   Code   RO         7280    .text               mc_w.l(init.o)
    0x080089a4   0x080089a4   0x000000a2   Code   RO         7282    .text               mf_w.l(dsqrt.o)
    0x08008a46   0x08008a46   0x0000003a   Code   RO         7292    .text               mc_w.l(__dczerorl.o)
    0x08008a80   0x08008a80   0x00000084   Code   RO         7083    CODE                os_cpu_a.o
    0x08008b04   0x08008b04   0x00000044   Code   RO          613    i.AD779x_Calibrate  spi.o
    0x08008b48   0x08008b48   0x00000026   Code   RO          614    i.AD779x_Comm       spi.o
    0x08008b6e   0x08008b6e   0x00000002   PAD
    0x08008b70   0x08008b70   0x00000110   Code   RO          615    i.AD779x_ContinuousReadData1  spi.o
    0x08008c80   0x08008c80   0x00000010   Code   RO          616    i.AD779x_DataReady  spi.o
    0x08008c90   0x08008c90   0x0000004c   Code   RO          617    i.AD779x_Init       spi.o
    0x08008cdc   0x08008cdc   0x0000002e   Code   RO          618    i.AD779x_ReadOffset  spi.o
    0x08008d0a   0x08008d0a   0x0000002e   Code   RO          619    i.AD779x_ReadScale  spi.o
    0x08008d38   0x08008d38   0x00000010   Code   RO          620    i.AD779x_RequestData  spi.o
    0x08008d48   0x08008d48   0x0000001e   Code   RO          621    i.AD779x_Reset      spi.o
    0x08008d66   0x08008d66   0x0000003a   Code   RO          622    i.AD779x_Set        spi.o
    0x08008da0   0x08008da0   0x0000002c   Code   RO          623    i.AD779x_SetMode    spi.o
    0x08008dcc   0x08008dcc   0x00000018   Code   RO          624    i.AD779x_StatusRegisterRead  spi.o
    0x08008de4   0x08008de4   0x00000056   Code   RO          625    i.AD779x_WriteConfig  spi.o
    0x08008e3a   0x08008e3a   0x00000016   Code   RO         1063    i.ADC_Cmd           stm32l1xx_adc.o
    0x08008e50   0x08008e50   0x00000010   Code   RO         1070    i.ADC_DelaySelectionConfig  stm32l1xx_adc.o
    0x08008e60   0x08008e60   0x00000008   Code   RO         1076    i.ADC_GetConversionValue  stm32l1xx_adc.o
    0x08008e68   0x08008e68   0x00000012   Code   RO         1077    i.ADC_GetFlagStatus  stm32l1xx_adc.o
    0x08008e7a   0x08008e7a   0x00000002   PAD
    0x08008e7c   0x08008e7c   0x00000054   Code   RO         1083    i.ADC_Init          stm32l1xx_adc.o
    0x08008ed0   0x08008ed0   0x00000012   Code   RO         1087    i.ADC_PowerDownCmd  stm32l1xx_adc.o
    0x08008ee2   0x08008ee2   0x00000158   Code   RO         1088    i.ADC_RegularChannelConfig  stm32l1xx_adc.o
    0x0800903a   0x0800903a   0x0000000a   Code   RO         1090    i.ADC_SoftwareStartConv  stm32l1xx_adc.o
    0x08009044   0x08009044   0x0000001a   Code   RO         1092    i.ADC_StructInit    stm32l1xx_adc.o
    0x0800905e   0x0800905e   0x00000002   PAD
    0x08009060   0x08009060   0x000002c0   Code   RO            3    i.AppTaskStart      main.o
    0x08009320   0x08009320   0x0000000e   Code   RO         4764    i.BSP_CPU_ClkFreq   bsp.o
    0x0800932e   0x0800932e   0x00000088   Code   RO         4765    i.BSP_Init          bsp.o
    0x080093b6   0x080093b6   0x00000008   Code   RO         4938    i.BSP_IntDisAll     bsp_int.o
    0x080093be   0x080093be   0x00000002   PAD
    0x080093c0   0x080093c0   0x00000040   Code   RO         4940    i.BSP_IntHandler    bsp_int.o
    0x08009400   0x08009400   0x0000000a   Code   RO         4941    i.BSP_IntHandlerADC1  bsp_int.o
    0x0800940a   0x0800940a   0x0000000a   Code   RO         4942    i.BSP_IntHandlerAES  bsp_int.o
    0x08009414   0x08009414   0x0000000a   Code   RO         4943    i.BSP_IntHandlerCOMP  bsp_int.o
    0x0800941e   0x0800941e   0x0000000a   Code   RO         4944    i.BSP_IntHandlerCOMP_ACQ  bsp_int.o
    0x08009428   0x08009428   0x0000000a   Code   RO         4945    i.BSP_IntHandlerDAC  bsp_int.o
    0x08009432   0x08009432   0x0000000a   Code   RO         4946    i.BSP_IntHandlerDMA1_CH1  bsp_int.o
    0x0800943c   0x0800943c   0x0000000a   Code   RO         4947    i.BSP_IntHandlerDMA1_CH2  bsp_int.o
    0x08009446   0x08009446   0x0000000a   Code   RO         4948    i.BSP_IntHandlerDMA1_CH3  bsp_int.o
    0x08009450   0x08009450   0x0000000a   Code   RO         4949    i.BSP_IntHandlerDMA1_CH4  bsp_int.o
    0x0800945a   0x0800945a   0x0000000a   Code   RO         4950    i.BSP_IntHandlerDMA1_CH5  bsp_int.o
    0x08009464   0x08009464   0x0000000a   Code   RO         4951    i.BSP_IntHandlerDMA1_CH6  bsp_int.o
    0x0800946e   0x0800946e   0x0000000a   Code   RO         4952    i.BSP_IntHandlerDMA1_CH7  bsp_int.o
    0x08009478   0x08009478   0x0000000a   Code   RO         4953    i.BSP_IntHandlerDMA2_CH1  bsp_int.o
    0x08009482   0x08009482   0x0000000a   Code   RO         4954    i.BSP_IntHandlerDMA2_CH2  bsp_int.o
    0x0800948c   0x0800948c   0x0000000a   Code   RO         4955    i.BSP_IntHandlerDMA2_CH3  bsp_int.o
    0x08009496   0x08009496   0x0000000a   Code   RO         4956    i.BSP_IntHandlerDMA2_CH4  bsp_int.o
    0x080094a0   0x080094a0   0x0000000a   Code   RO         4957    i.BSP_IntHandlerDMA2_CH5  bsp_int.o
    0x080094aa   0x080094aa   0x00000002   Code   RO         4958    i.BSP_IntHandlerDummy  bsp_int.o
    0x080094ac   0x080094ac   0x0000000a   Code   RO         4959    i.BSP_IntHandlerEXTI0  bsp_int.o
    0x080094b6   0x080094b6   0x0000000a   Code   RO         4960    i.BSP_IntHandlerEXTI1  bsp_int.o
    0x080094c0   0x080094c0   0x0000000a   Code   RO         4961    i.BSP_IntHandlerEXTI15_10  bsp_int.o
    0x080094ca   0x080094ca   0x0000000a   Code   RO         4962    i.BSP_IntHandlerEXTI2  bsp_int.o
    0x080094d4   0x080094d4   0x0000000a   Code   RO         4963    i.BSP_IntHandlerEXTI3  bsp_int.o
    0x080094de   0x080094de   0x0000000a   Code   RO         4964    i.BSP_IntHandlerEXTI4  bsp_int.o
    0x080094e8   0x080094e8   0x0000000a   Code   RO         4965    i.BSP_IntHandlerEXTI9_5  bsp_int.o
    0x080094f2   0x080094f2   0x0000000a   Code   RO         4966    i.BSP_IntHandlerFLASH  bsp_int.o
    0x080094fc   0x080094fc   0x0000000a   Code   RO         4967    i.BSP_IntHandlerI2C1_ER  bsp_int.o
    0x08009506   0x08009506   0x0000000a   Code   RO         4968    i.BSP_IntHandlerI2C1_EV  bsp_int.o
    0x08009510   0x08009510   0x0000000a   Code   RO         4969    i.BSP_IntHandlerI2C2_ER  bsp_int.o
    0x0800951a   0x0800951a   0x0000000a   Code   RO         4970    i.BSP_IntHandlerI2C2_EV  bsp_int.o
    0x08009524   0x08009524   0x0000000a   Code   RO         4971    i.BSP_IntHandlerLCD  bsp_int.o
    0x0800952e   0x0800952e   0x0000000a   Code   RO         4972    i.BSP_IntHandlerPVD  bsp_int.o
    0x08009538   0x08009538   0x0000000a   Code   RO         4973    i.BSP_IntHandlerRCC  bsp_int.o
    0x08009542   0x08009542   0x0000000a   Code   RO         4974    i.BSP_IntHandlerRTCAlarm  bsp_int.o
    0x0800954c   0x0800954c   0x0000000a   Code   RO         4975    i.BSP_IntHandlerRTC_WKUP  bsp_int.o
    0x08009556   0x08009556   0x0000000a   Code   RO         4976    i.BSP_IntHandlerSDIO  bsp_int.o
    0x08009560   0x08009560   0x0000000a   Code   RO         4977    i.BSP_IntHandlerSPI1  bsp_int.o
    0x0800956a   0x0800956a   0x0000000a   Code   RO         4978    i.BSP_IntHandlerSPI2  bsp_int.o
    0x08009574   0x08009574   0x0000000a   Code   RO         4979    i.BSP_IntHandlerSPI3  bsp_int.o
    0x0800957e   0x0800957e   0x0000000a   Code   RO         4980    i.BSP_IntHandlerTAMP_STAMP  bsp_int.o
    0x08009588   0x08009588   0x0000000a   Code   RO         4981    i.BSP_IntHandlerTIM10  bsp_int.o
    0x08009592   0x08009592   0x0000000a   Code   RO         4982    i.BSP_IntHandlerTIM11  bsp_int.o
    0x0800959c   0x0800959c   0x0000000a   Code   RO         4983    i.BSP_IntHandlerTIM2  bsp_int.o
    0x080095a6   0x080095a6   0x0000000a   Code   RO         4984    i.BSP_IntHandlerTIM3  bsp_int.o
    0x080095b0   0x080095b0   0x0000000a   Code   RO         4985    i.BSP_IntHandlerTIM4  bsp_int.o
    0x080095ba   0x080095ba   0x0000000a   Code   RO         4986    i.BSP_IntHandlerTIM5  bsp_int.o
    0x080095c4   0x080095c4   0x0000000a   Code   RO         4987    i.BSP_IntHandlerTIM6  bsp_int.o
    0x080095ce   0x080095ce   0x0000000a   Code   RO         4988    i.BSP_IntHandlerTIM7  bsp_int.o
    0x080095d8   0x080095d8   0x0000000a   Code   RO         4989    i.BSP_IntHandlerTIM9  bsp_int.o
    0x080095e2   0x080095e2   0x0000000a   Code   RO         4990    i.BSP_IntHandlerUART4  bsp_int.o
    0x080095ec   0x080095ec   0x0000000a   Code   RO         4991    i.BSP_IntHandlerUART5  bsp_int.o
    0x080095f6   0x080095f6   0x00000002   PAD
    0x080095f8   0x080095f8   0x000000b8   Code   RO          285    i.BSP_IntHandlerUSART1  stm32l1xx_it.o
    0x080096b0   0x080096b0   0x0000000a   Code   RO         4992    i.BSP_IntHandlerUSART2  bsp_int.o
    0x080096ba   0x080096ba   0x0000000a   Code   RO         4993    i.BSP_IntHandlerUSART3  bsp_int.o
    0x080096c4   0x080096c4   0x0000000a   Code   RO         4994    i.BSP_IntHandlerUSB_FS_WKUP  bsp_int.o
    0x080096ce   0x080096ce   0x0000000a   Code   RO         4995    i.BSP_IntHandlerUSB_HP  bsp_int.o
    0x080096d8   0x080096d8   0x0000000a   Code   RO         4996    i.BSP_IntHandlerUSB_LP  bsp_int.o
    0x080096e2   0x080096e2   0x0000000a   Code   RO         4997    i.BSP_IntHandlerWWDG  bsp_int.o
    0x080096ec   0x080096ec   0x0000001c   Code   RO         4998    i.BSP_IntInit       bsp_int.o
    0x08009708   0x08009708   0x00000034   Code   RO         5000    i.BSP_IntVectSet    bsp_int.o
    0x0800973c   0x0800973c   0x00000028   Code   RO            4    i.CLCWDT_Task       main.o
    0x08009764   0x08009764   0x0000000c   Code   RO         6493    i.CPU_Init          cpu_core.o
    0x08009770   0x08009770   0x00000030   Code   RO         6494    i.CPU_NameClr       cpu_core.o
    0x080097a0   0x080097a0   0x00000008   Code   RO         6496    i.CPU_NameInit      cpu_core.o
    0x080097a8   0x080097a8   0x00000014   Code   RO         6500    i.CPU_TS_Init       cpu_core.o
    0x080097bc   0x080097bc   0x0000000c   Code   RO         6502    i.CPU_TS_TmrFreqSet  cpu_core.o
    0x080097c8   0x080097c8   0x00000034   Code   RO         4767    i.CPU_TS_TmrInit    bsp.o
    0x080097fc   0x080097fc   0x0000000c   Code   RO         4768    i.CPU_TS_TmrRd      bsp.o
    0x08009808   0x08009808   0x0000003a   Code   RO          363    i.CRC16_Check       modbus.o
    0x08009842   0x08009842   0x00000002   PAD
    0x08009844   0x08009844   0x00000138   Code   RO          364    i.CTC               modbus.o
    0x0800997c   0x0800997c   0x0000001a   Code   RO         1880    i.DATA_EEPROM_EraseWord  stm32l1xx_flash.o
    0x08009996   0x08009996   0x00000002   PAD
    0x08009998   0x08009998   0x00000034   Code   RO         1883    i.DATA_EEPROM_FastProgramWord  stm32l1xx_flash.o
    0x080099cc   0x080099cc   0x00000014   Code   RO         1885    i.DATA_EEPROM_Lock  stm32l1xx_flash.o
    0x080099e0   0x080099e0   0x0000005c   Code   RO         1886    i.DATA_EEPROM_ProgramByte  stm32l1xx_flash.o
    0x08009a3c   0x08009a3c   0x00000024   Code   RO         1889    i.DATA_EEPROM_Unlock  stm32l1xx_flash.o
    0x08009a60   0x08009a60   0x00000114   Code   RO          507    i.DS18B20_Read_Byte  temp.o
    0x08009b74   0x08009b74   0x00000118   Code   RO          508    i.DS18B20_Rst       temp.o
    0x08009c8c   0x08009c8c   0x000000bc   Code   RO          510    i.DS18B20_TEMP      temp.o
    0x08009d48   0x08009d48   0x000000b8   Code   RO          511    i.DS18B20_Write_Byte  temp.o
    0x08009e00   0x08009e00   0x00000010   Code   RO          512    i.DS18B20_delayus   temp.o
    0x08009e10   0x08009e10   0x0000004c   Code   RO          815    i.EERead            ieeprom.o
    0x08009e5c   0x08009e5c   0x00000040   Code   RO          816    i.EERead_Z          ieeprom.o
    0x08009e9c   0x08009e9c   0x0000006c   Code   RO          817    i.EEWrite           ieeprom.o
    0x08009f08   0x08009f08   0x00000034   Code   RO         1894    i.FLASH_GetStatus   stm32l1xx_flash.o
    0x08009f3c   0x08009f3c   0x00000024   Code   RO         1919    i.FLASH_PrefetchBufferCmd  stm32l1xx_flash.o
    0x08009f60   0x08009f60   0x00000024   Code   RO         1920    i.FLASH_ReadAccess64Cmd  stm32l1xx_flash.o
    0x08009f84   0x08009f84   0x00000018   Code   RO         1922    i.FLASH_SetLatency  stm32l1xx_flash.o
    0x08009f9c   0x08009f9c   0x00000030   Code   RO         1924    i.FLASH_WaitForLastOperation  stm32l1xx_flash.o
    0x08009fcc   0x08009fcc   0x00000154   Code   RO          365    i.FactoryCalibration  modbus.o
    0x0800a120   0x0800a120   0x0000009c   Code   RO          570    i.GPIO_Configuration  gpio.o
    0x0800a1bc   0x0800a1bc   0x00000084   Code   RO         2273    i.GPIO_Init         stm32l1xx_gpio.o
    0x0800a240   0x0800a240   0x00000046   Code   RO         2274    i.GPIO_PinAFConfig  stm32l1xx_gpio.o
    0x0800a286   0x0800a286   0x00000008   Code   RO          571    i.GPIO_PinReverse   gpio.o
    0x0800a28e   0x0800a28e   0x00000004   Code   RO         2280    i.GPIO_ResetBits    stm32l1xx_gpio.o
    0x0800a292   0x0800a292   0x00000004   Code   RO         2281    i.GPIO_SetBits      stm32l1xx_gpio.o
    0x0800a296   0x0800a296   0x00000002   PAD
    0x0800a298   0x0800a298   0x00000030   Code   RO          864    i.Get_Adc           iadc.o
    0x0800a2c8   0x0800a2c8   0x0000008c   Code   RO          865    i.Get_Adc_Average   iadc.o
    0x0800a354   0x0800a354   0x00000048   Code   RO          366    i.Get_SNInfo_Fun    modbus.o
    0x0800a39c   0x0800a39c   0x000000b8   Code   RO          866    i.IADC_Configuration  iadc.o
    0x0800a454   0x0800a454   0x0000029c   Code   RO            5    i.Init_Parameter    main.o
    0x0800a6f0   0x0800a6f0   0x00000124   Code   RO          367    i.InputRegistorDataHton  modbus.o
    0x0800a814   0x0800a814   0x000001bc   Code   RO          368    i.Instruction_Process_Subfunction  modbus.o
    0x0800a9d0   0x0800a9d0   0x00000104   Code   RO            6    i.Instruction_Task  main.o
    0x0800aad4   0x0800aad4   0x000001d0   Code   RO          369    i.KeepRegistorDataHton  modbus.o
    0x0800aca4   0x0800aca4   0x00000044   Code   RO            7    i.LED0_Task         main.o
    0x0800ace8   0x0800ace8   0x00000028   Code   RO            8    i.LED1_Task         main.o
    0x0800ad10   0x0800ad10   0x00000d60   Code   RO          485    i.Level_height_conversion  pas.o
    0x0800ba70   0x0800ba70   0x0000006c   Code   RO            9    i.MAINPOWER_Task    main.o
    0x0800badc   0x0800badc   0x00000012   Code   RO         6809    i.Mem_Clr           lib_mem.o
    0x0800baee   0x0800baee   0x00000062   Code   RO         6826    i.Mem_Set           lib_mem.o
    0x0800bb50   0x0800bb50   0x00000100   Code   RO          370    i.ModbusFactoryParameterReset  modbus.o
    0x0800bc50   0x0800bc50   0x00000128   Code   RO          371    i.ModbusReadInputRegistor  modbus.o
    0x0800bd78   0x0800bd78   0x00000228   Code   RO          372    i.ModbusReadKeepRegistor  modbus.o
    0x0800bfa0   0x0800bfa0   0x00000048   Code   RO          373    i.ModbusReturnAckInfo  modbus.o
    0x0800bfe8   0x0800bfe8   0x000000d0   Code   RO          374    i.ModbusSetInitalValue  modbus.o
    0x0800c0b8   0x0800c0b8   0x00000138   Code   RO          375    i.ModbusSwitchMode  modbus.o
    0x0800c1f0   0x0800c1f0   0x00000238   Code   RO          376    i.ModbusWriteSingleRegistor  modbus.o
    0x0800c428   0x0800c428   0x0000075c   Code   RO          377    i.ModbusWriteSomeRegistor  modbus.o
    0x0800cb84   0x0800cb84   0x00000078   Code   RO          917    i.NVIC_Init         misc.o
    0x0800cbfc   0x0800cbfc   0x00000014   Code   RO          918    i.NVIC_PriorityGroupConfig  misc.o
    0x0800cc10   0x0800cc10   0x00000002   Code   RO         5341    i.OSCfg_Init        os_cfg_app.o
    0x0800cc12   0x0800cc12   0x00000002   PAD
    0x0800cc14   0x0800cc14   0x00000014   Code   RO         7086    i.OSIdleTaskHook    os_cpu_c.o
    0x0800cc28   0x0800cc28   0x00000180   Code   RO         5402    i.OSInit            os_core.o
    0x0800cda8   0x0800cda8   0x00000038   Code   RO         7087    i.OSInitHook        os_cpu_c.o
    0x0800cde0   0x0800cde0   0x0000002c   Code   RO         5403    i.OSIntEnter        os_core.o
    0x0800ce0c   0x0800ce0c   0x000000e4   Code   RO         5404    i.OSIntExit         os_core.o
    0x0800cef0   0x0800cef0   0x000000a8   Code   RO         5405    i.OSSched           os_core.o
    0x0800cf98   0x0800cf98   0x00000074   Code   RO         5406    i.OSSchedLock       os_core.o
    0x0800d00c   0x0800d00c   0x00000064   Code   RO         5407    i.OSSchedRoundRobinCfg  os_core.o
    0x0800d070   0x0800d070   0x00000094   Code   RO         5409    i.OSSchedUnlock     os_core.o
    0x0800d104   0x0800d104   0x00000068   Code   RO         5410    i.OSStart           os_core.o
    0x0800d16c   0x0800d16c   0x00000128   Code   RO         6048    i.OSStatReset       os_stat.o
    0x0800d294   0x0800d294   0x000000f0   Code   RO         6049    i.OSStatTaskCPUUsageInit  os_stat.o
    0x0800d384   0x0800d384   0x00000014   Code   RO         7088    i.OSStatTaskHook    os_cpu_c.o
    0x0800d398   0x0800d398   0x000001b4   Code   RO         6079    i.OSTaskCreate      os_task.o
    0x0800d54c   0x0800d54c   0x00000018   Code   RO         7089    i.OSTaskCreateHook  os_cpu_c.o
    0x0800d564   0x0800d564   0x00000068   Code   RO         6086    i.OSTaskResume      os_task.o
    0x0800d5cc   0x0800d5cc   0x00000018   Code   RO         7091    i.OSTaskReturnHook  os_cpu_c.o
    0x0800d5e4   0x0800d5e4   0x000001dc   Code   RO         6087    i.OSTaskSemPend     os_task.o
    0x0800d7c0   0x0800d7c0   0x0000003e   Code   RO         6089    i.OSTaskSemPost     os_task.o
    0x0800d7fe   0x0800d7fe   0x00000002   PAD
    0x0800d800   0x0800d800   0x000000d4   Code   RO         6091    i.OSTaskStkChk      os_task.o
    0x0800d8d4   0x0800d8d4   0x000000c0   Code   RO         7092    i.OSTaskStkInit     os_cpu_c.o
    0x0800d994   0x0800d994   0x00000038   Code   RO         6092    i.OSTaskSuspend     os_task.o
    0x0800d9cc   0x0800d9cc   0x00000088   Code   RO         7093    i.OSTaskSwHook      os_cpu_c.o
    0x0800da54   0x0800da54   0x000000c4   Code   RO         6282    i.OSTimeDly         os_time.o
    0x0800db18   0x0800db18   0x0000019c   Code   RO         6283    i.OSTimeDlyHMSM     os_time.o
    0x0800dcb4   0x0800dcb4   0x0000005c   Code   RO         6286    i.OSTimeTick        os_time.o
    0x0800dd10   0x0800dd10   0x00000014   Code   RO         7094    i.OSTimeTickHook    os_cpu_c.o
    0x0800dd24   0x0800dd24   0x000000cc   Code   RO         6318    i.OSTmrCreate       os_tmr.o
    0x0800ddf0   0x0800ddf0   0x000000b4   Code   RO         6320    i.OSTmrStart        os_tmr.o
    0x0800dea4   0x0800dea4   0x00000038   Code   RO         7095    i.OS_CPU_SysTickHandler  os_cpu_c.o
    0x0800dedc   0x0800dedc   0x00000030   Code   RO         7096    i.OS_CPU_SysTickInit  os_cpu_c.o
    0x0800df0c   0x0800df0c   0x000001ac   Code   RO         5642    i.OS_Dbg_Init       os_dbg.o
    0x0800e0b8   0x0800e0b8   0x00000018   Code   RO         5665    i.OS_FlagInit       os_flag.o
    0x0800e0d0   0x0800e0d0   0x00000044   Code   RO         5412    i.OS_IdleTask       os_core.o
    0x0800e114   0x0800e114   0x00000070   Code   RO         5413    i.OS_IdleTaskInit   os_core.o
    0x0800e184   0x0800e184   0x00000018   Code   RO         5739    i.OS_MemInit        os_mem.o
    0x0800e19c   0x0800e19c   0x0000007c   Code   RO         5771    i.OS_MsgPoolInit    os_msg.o
    0x0800e218   0x0800e218   0x0000000e   Code   RO         5774    i.OS_MsgQInit       os_msg.o
    0x0800e226   0x0800e226   0x00000002   PAD
    0x0800e228   0x0800e228   0x00000018   Code   RO         5813    i.OS_MutexInit      os_mutex.o
    0x0800e240   0x0800e240   0x00000068   Code   RO         5414    i.OS_Pend           os_core.o
    0x0800e2a8   0x0800e2a8   0x00000026   Code   RO         5417    i.OS_PendDataInit   os_core.o
    0x0800e2ce   0x0800e2ce   0x00000002   PAD
    0x0800e2d0   0x0800e2d0   0x0000005c   Code   RO         5418    i.OS_PendDbgNameAdd  os_core.o
    0x0800e32c   0x0800e32c   0x00000024   Code   RO         5419    i.OS_PendDbgNameRemove  os_core.o
    0x0800e350   0x0800e350   0x00000066   Code   RO         5423    i.OS_PendListInsertPrio  os_core.o
    0x0800e3b6   0x0800e3b6   0x00000030   Code   RO         5424    i.OS_PendListRemove  os_core.o
    0x0800e3e6   0x0800e3e6   0x00000042   Code   RO         5425    i.OS_PendListRemove1  os_core.o
    0x0800e428   0x0800e428   0x000000c0   Code   RO         5428    i.OS_Post           os_core.o
    0x0800e4e8   0x0800e4e8   0x0000002a   Code   RO         5429    i.OS_Post1          os_core.o
    0x0800e512   0x0800e512   0x00000002   PAD
    0x0800e514   0x0800e514   0x00000028   Code   RO         5885    i.OS_PrioGetHighest  os_prio.o
    0x0800e53c   0x0800e53c   0x00000018   Code   RO         5886    i.OS_PrioInit       os_prio.o
    0x0800e554   0x0800e554   0x00000024   Code   RO         5887    i.OS_PrioInsert     os_prio.o
    0x0800e578   0x0800e578   0x00000024   Code   RO         5888    i.OS_PrioRemove     os_prio.o
    0x0800e59c   0x0800e59c   0x00000018   Code   RO         5929    i.OS_QInit          os_q.o
    0x0800e5b4   0x0800e5b4   0x00000024   Code   RO         5430    i.OS_RdyListInit    os_core.o
    0x0800e5d8   0x0800e5d8   0x0000002c   Code   RO         5431    i.OS_RdyListInsert  os_core.o
    0x0800e604   0x0800e604   0x00000040   Code   RO         5432    i.OS_RdyListInsertHead  os_core.o
    0x0800e644   0x0800e644   0x0000003c   Code   RO         5433    i.OS_RdyListInsertTail  os_core.o
    0x0800e680   0x0800e680   0x00000044   Code   RO         5434    i.OS_RdyListMoveHeadToTail  os_core.o
    0x0800e6c4   0x0800e6c4   0x0000005c   Code   RO         5435    i.OS_RdyListRemove  os_core.o
    0x0800e720   0x0800e720   0x0000001c   Code   RO         5436    i.OS_SchedLockTimeMeasStart  os_core.o
    0x0800e73c   0x0800e73c   0x0000003c   Code   RO         5437    i.OS_SchedLockTimeMeasStop  os_core.o
    0x0800e778   0x0800e778   0x000000d0   Code   RO         5438    i.OS_SchedRoundRobin  os_core.o
    0x0800e848   0x0800e848   0x00000018   Code   RO         5990    i.OS_SemInit        os_sem.o
    0x0800e860   0x0800e860   0x000002ec   Code   RO         6050    i.OS_StatTask       os_stat.o
    0x0800eb4c   0x0800eb4c   0x000000cc   Code   RO         6051    i.OS_StatTaskInit   os_stat.o
    0x0800ec18   0x0800ec18   0x00000038   Code   RO         5439    i.OS_TaskBlock      os_core.o
    0x0800ec50   0x0800ec50   0x00000030   Code   RO         6094    i.OS_TaskDbgListAdd  os_task.o
    0x0800ec80   0x0800ec80   0x00000020   Code   RO         6096    i.OS_TaskInit       os_task.o
    0x0800eca0   0x0800eca0   0x000000cc   Code   RO         6097    i.OS_TaskInitTCB    os_task.o
    0x0800ed6c   0x0800ed6c   0x0000001c   Code   RO         5440    i.OS_TaskRdy        os_core.o
    0x0800ed88   0x0800ed88   0x00000100   Code   RO         6099    i.OS_TaskResume     os_task.o
    0x0800ee88   0x0800ee88   0x00000024   Code   RO         6100    i.OS_TaskReturn     os_task.o
    0x0800eeac   0x0800eeac   0x000001c4   Code   RO         6101    i.OS_TaskSemPost    os_task.o
    0x0800f070   0x0800f070   0x00000118   Code   RO         6102    i.OS_TaskSuspend    os_task.o
    0x0800f188   0x0800f188   0x00000028   Code   RO         6234    i.OS_TickListInit   os_tick.o
    0x0800f1b0   0x0800f1b0   0x000001bc   Code   RO         6235    i.OS_TickListInsert  os_tick.o
    0x0800f36c   0x0800f36c   0x00000038   Code   RO         6236    i.OS_TickListRemove  os_tick.o
    0x0800f3a4   0x0800f3a4   0x00000024   Code   RO         6237    i.OS_TickListResetPeak  os_tick.o
    0x0800f3c8   0x0800f3c8   0x00000188   Code   RO         6238    i.OS_TickListUpdate  os_tick.o
    0x0800f550   0x0800f550   0x0000002c   Code   RO         6239    i.OS_TickTask       os_tick.o
    0x0800f57c   0x0800f57c   0x000000b8   Code   RO         6240    i.OS_TickTaskInit   os_tick.o
    0x0800f634   0x0800f634   0x00000028   Code   RO         6324    i.OS_TmrDbgListAdd  os_tmr.o
    0x0800f65c   0x0800f65c   0x00000128   Code   RO         6326    i.OS_TmrInit        os_tmr.o
    0x0800f784   0x0800f784   0x000000d0   Code   RO         6327    i.OS_TmrLink        os_tmr.o
    0x0800f854   0x0800f854   0x00000024   Code   RO         6328    i.OS_TmrResetPeak   os_tmr.o
    0x0800f878   0x0800f878   0x000000c0   Code   RO         6329    i.OS_TmrTask        os_tmr.o
    0x0800f938   0x0800f938   0x00000050   Code   RO         6330    i.OS_TmrUnlink      os_tmr.o
    0x0800f988   0x0800f988   0x00000078   Code   RO           10    i.PAS_Task          main.o
    0x0800fa00   0x0800fa00   0x00000018   Code   RO         2829    i.PWR_GetFlagStatus  stm32l1xx_pwr.o
    0x0800fa18   0x0800fa18   0x0000001c   Code   RO         2834    i.PWR_VoltageScalingConfig  stm32l1xx_pwr.o
    0x0800fa34   0x0800fa34   0x00000020   Code   RO         2920    i.RCC_AHBPeriphClockCmd  stm32l1xx_rcc.o
    0x0800fa54   0x0800fa54   0x00000020   Code   RO         2923    i.RCC_APB1PeriphClockCmd  stm32l1xx_rcc.o
    0x0800fa74   0x0800fa74   0x00000020   Code   RO         2925    i.RCC_APB1PeriphResetCmd  stm32l1xx_rcc.o
    0x0800fa94   0x0800fa94   0x00000020   Code   RO         2926    i.RCC_APB2PeriphClockCmd  stm32l1xx_rcc.o
    0x0800fab4   0x0800fab4   0x00000020   Code   RO         2928    i.RCC_APB2PeriphResetCmd  stm32l1xx_rcc.o
    0x0800fad4   0x0800fad4   0x00000058   Code   RO         2934    i.RCC_DeInit        stm32l1xx_rcc.o
    0x0800fb2c   0x0800fb2c   0x00000100   Code   RO         2935    i.RCC_GetClocksFreq  stm32l1xx_rcc.o
    0x0800fc2c   0x0800fc2c   0x00000034   Code   RO         2936    i.RCC_GetFlagStatus  stm32l1xx_rcc.o
    0x0800fc60   0x0800fc60   0x00000010   Code   RO         2938    i.RCC_GetSYSCLKSource  stm32l1xx_rcc.o
    0x0800fc70   0x0800fc70   0x00000018   Code   RO         2939    i.RCC_HCLKConfig    stm32l1xx_rcc.o
    0x0800fc88   0x0800fc88   0x00000010   Code   RO         2940    i.RCC_HSEConfig     stm32l1xx_rcc.o
    0x0800fc98   0x0800fc98   0x0000000c   Code   RO         2941    i.RCC_HSICmd        stm32l1xx_rcc.o
    0x0800fca4   0x0800fca4   0x00000018   Code   RO         2949    i.RCC_PCLK1Config   stm32l1xx_rcc.o
    0x0800fcbc   0x0800fcbc   0x00000018   Code   RO         2950    i.RCC_PCLK2Config   stm32l1xx_rcc.o
    0x0800fcd4   0x0800fcd4   0x0000000c   Code   RO         2951    i.RCC_PLLCmd        stm32l1xx_rcc.o
    0x0800fce0   0x0800fce0   0x00000014   Code   RO         2952    i.RCC_PLLConfig     stm32l1xx_rcc.o
    0x0800fcf4   0x0800fcf4   0x00000018   Code   RO         2956    i.RCC_SYSCLKConfig  stm32l1xx_rcc.o
    0x0800fd0c   0x0800fd0c   0x0000009c   Code   RO          378    i.ResetSoftware     modbus.o
    0x0800fda8   0x0800fda8   0x00000044   Code   RO          627    i.SPI1_CS_Select    spi.o
    0x0800fdec   0x0800fdec   0x00000100   Code   RO          628    i.SPI1_Configuration  spi.o
    0x0800feec   0x0800feec   0x0000004c   Code   RO          630    i.SPI1_ReadWriteByte  spi.o
    0x0800ff38   0x0800ff38   0x00000018   Code   RO         3705    i.SPI_Cmd           stm32l1xx_spi.o
    0x0800ff50   0x0800ff50   0x00000058   Code   RO         3712    i.SPI_I2S_DeInit    stm32l1xx_spi.o
    0x0800ffa8   0x0800ffa8   0x00000012   Code   RO         3713    i.SPI_I2S_GetFlagStatus  stm32l1xx_spi.o
    0x0800ffba   0x0800ffba   0x00000006   Code   RO         3716    i.SPI_I2S_ReceiveData  stm32l1xx_spi.o
    0x0800ffc0   0x0800ffc0   0x00000004   Code   RO         3717    i.SPI_I2S_SendData  stm32l1xx_spi.o
    0x0800ffc4   0x0800ffc4   0x0000003c   Code   RO         3718    i.SPI_Init          stm32l1xx_spi.o
    0x08010000   0x08010000   0x0000011c   Code   RO           11    i.TEMP_Task         main.o
    0x0801011c   0x0801011c   0x0000002c   Code   RO          739    i.U485SendData      uart.o
    0x08010148   0x08010148   0x00000124   Code   RO          740    i.UART1_Configuration  uart.o
    0x0801026c   0x0801026c   0x00000020   Code   RO          741    i.USART1_ClearBuf_Flag  uart.o
    0x0801028c   0x0801028c   0x00000020   Code   RO          742    i.USART1_GetChar    uart.o
    0x080102ac   0x080102ac   0x00000038   Code   RO          743    i.USART1_GetCharBlock  uart.o
    0x080102e4   0x080102e4   0x00000012   Code   RO         4458    i.USART_ClearFlag   stm32l1xx_usart.o
    0x080102f6   0x080102f6   0x00000018   Code   RO         4462    i.USART_Cmd         stm32l1xx_usart.o
    0x0801030e   0x0801030e   0x0000001a   Code   RO         4465    i.USART_GetFlagStatus  stm32l1xx_usart.o
    0x08010328   0x08010328   0x00000054   Code   RO         4466    i.USART_GetITStatus  stm32l1xx_usart.o
    0x0801037c   0x0801037c   0x0000004a   Code   RO         4468    i.USART_ITConfig    stm32l1xx_usart.o
    0x080103c6   0x080103c6   0x00000002   PAD
    0x080103c8   0x080103c8   0x000000cc   Code   RO         4469    i.USART_Init        stm32l1xx_usart.o
    0x08010494   0x08010494   0x00000030   Code   RO          744    i.USART_PutChar     uart.o
    0x080104c4   0x080104c4   0x00000022   Code   RO          745    i.USART_PutData     uart.o
    0x080104e6   0x080104e6   0x0000000a   Code   RO         4476    i.USART_ReceiveData  stm32l1xx_usart.o
    0x080104f0   0x080104f0   0x00000008   Code   RO         4479    i.USART_SendData    stm32l1xx_usart.o
    0x080104f8   0x080104f8   0x00000028   Code   RO         7233    i.__ARM_fpclassify  m_ws.l(fpclassify.o)
    0x08010520   0x08010520   0x000000aa   Code   RO         7235    i.__kernel_poly     m_ws.l(poly.o)
    0x080105ca   0x080105ca   0x0000002a   Code   RO          379    i.__ltobf           modbus.o
    0x080105f4   0x080105f4   0x00000010   Code   RO         7219    i.__mathlib_dbl_divzero  m_ws.l(dunder.o)
    0x08010604   0x08010604   0x00000004   Code   RO         7221    i.__mathlib_dbl_infnan2  m_ws.l(dunder.o)
    0x08010608   0x08010608   0x0000000c   Code   RO         7222    i.__mathlib_dbl_invalid  m_ws.l(dunder.o)
    0x08010614   0x08010614   0x0000000e   Code   RO         7223    i.__mathlib_dbl_overflow  m_ws.l(dunder.o)
    0x08010622   0x08010622   0x00000002   PAD
    0x08010624   0x08010624   0x00000010   Code   RO         7225    i.__mathlib_dbl_underflow  m_ws.l(dunder.o)
    0x08010634   0x08010634   0x0000000e   Code   RO         7286    i.__scatterload_copy  mc_w.l(handlers.o)
    0x08010642   0x08010642   0x00000002   Code   RO         7287    i.__scatterload_null  mc_w.l(handlers.o)
    0x08010644   0x08010644   0x0000000e   Code   RO         7288    i.__scatterload_zeroinit  mc_w.l(handlers.o)
    0x08010652   0x08010652   0x00000002   PAD
    0x08010654   0x08010654   0x0000000c   Code   RO         7268    i.__set_errno       mc_w.l(errno.o)
    0x08010660   0x08010660   0x00000094   Code   RO           12    i.main              main.o
    0x080106f4   0x080106f4   0x000009d8   Code   RO         7165    i.pow               m_ws.l(pow.o)
    0x080110cc   0x080110cc   0x0000004c   Code   RO         7239    i.sqrt              m_ws.l(sqrt.o)
    0x08011118   0x08011118   0x00000038   Code   RO          896    i.tmr1_callback     timer.o
    0x08011150   0x08011150   0x000000a4   Data   RO         5343    .constdata          os_cfg_app.o
    0x080111f4   0x080111f4   0x0000016c   Data   RO         5643    .constdata          os_dbg.o
    0x08011360   0x08011360   0x00000088   Data   RO         7166    .constdata          m_ws.l(pow.o)
    0x080113e8   0x080113e8   0x00000008   Data   RO         7237    .constdata          m_ws.l(qnan.o)
    0x080113f0   0x080113f0   0x00000020   Data   RO         7284    Region$$Table       anon$$obj.o


    Execution Region RW_IRAM1 (Exec base: 0x20000000, Load base: 0x08011410, Size: 0x00004b08, Max: 0x00008000, ABSOLUTE, COMPRESSED[0x00000034])

    Exec Addr    Load Addr    Size         Type   Attr      Idx    E Section Name        Object

    0x20000000   COMPRESSED   0x0000003a   Data   RW           14    .data               main.o
    0x2000003a   COMPRESSED   0x00000013   Data   RW          381    .data               modbus.o
    0x2000004d   COMPRESSED   0x00000003   PAD
    0x20000050   COMPRESSED   0x00000010   Data   RW          631    .data               spi.o
    0x20000060   COMPRESSED   0x00000004   Data   RW          749    .data               uart.o
    0x20000064   COMPRESSED   0x00000002   Data   RW          897    .data               timer.o
    0x20000066   COMPRESSED   0x00000019   Data   RW         2958    .data               stm32l1xx_rcc.o
    0x2000007f   COMPRESSED   0x00000001   PAD
    0x20000080   COMPRESSED   0x00000004   Data   RW         5889    .data               os_prio.o
    0x20000084   COMPRESSED   0x000000b4   Data   RW         6403    .data               os_var.o
    0x20000138   COMPRESSED   0x00000004   Data   RW         6506    .data               cpu_core.o
    0x2000013c   COMPRESSED   0x00000004   Data   RW         7097    .data               os_cpu_c.o
    0x20000140   COMPRESSED   0x00000004   Data   RW         7269    .data               mc_w.l(errno.o)
    0x20000144   COMPRESSED   0x00000004   PAD
    0x20000148        -       0x00001ba4   Zero   RW           13    .bss                main.o
    0x20001cec        -       0x000005ee   Zero   RW          380    .bss                modbus.o
    0x200022da   COMPRESSED   0x00000002   PAD
    0x200022dc        -       0x00000408   Zero   RW          748    .bss                uart.o
    0x200026e4        -       0x000000e4   Zero   RW         5001    .bss                bsp_int.o
    0x200027c8        -       0x00001350   Zero   RW         5342    .bss                os_cfg_app.o
    0x20003b18        -       0x000003dc   Zero   RW         6402    .bss                os_var.o
    0x20003ef4        -       0x00000010   Zero   RW         6504    .bss                cpu_core.o
    0x20003f04   COMPRESSED   0x00000004   PAD
    0x20003f08        -       0x00000c00   Zero   RW         4927    STACK               cstartup.o


==============================================================================

Image component sizes


      Code (inc. data)   RO Data    RW Data    ZI Data      Debug   Object Name

       214         14          0          0          0       1913   bsp.o
       714         16          0          0        228      28393   bsp_int.o
         0          0          0          0          0      38720   bsp_os.o
        52          0          0          0          0        328   cpu_a.o
       100         18          0          4         16      11754   cpu_core.o
        24          6        292          0       3072        640   cstartup.o
       164         10          0          0          0       1319   gpio.o
       372         28          0          0          0       1873   iadc.o
       248         22          0          0          0       2022   ieeprom.o
       116          0          0          0          0       1856   lib_mem.o
      2440        362          0         58       7076     269224   main.o
       140         24          0          0          0     237823   misc.o
      6328        252          0         19       1518      19033   modbus.o
         2          0        164          0       4944      29491   os_cfg_app.o
      2936        404          0          0          0      19156   os_core.o
       132         32          0          0          0        368   os_cpu_a.o
       596         62          0          4          0       7161   os_cpu_c.o
       428        280        364          0          0       4733   os_dbg.o
        24         10          0          0          0        814   os_flag.o
        24         10          0          0          0        813   os_mem.o
       138         14          0          0          0       1607   os_msg.o
        24         10          0          0          0        815   os_mutex.o
       136         16          0          4          0       2654   os_prio.o
        24         10          0          0          0        807   os_q.o
        24         10          0          0          0        805   os_sem.o
      1488        192          0          0          0       3747   os_stat.o
      2654        140          0          0          0      10694   os_task.o
      1196        116          0          0          0       5177   os_tick.o
       700         56          0          0          0       2845   os_time.o
      1236        162          0          0          0       6286   os_tmr.o
         0          0          0        180        988      18101   os_var.o
      3424         94          0          0          0       1730   pas.o
      1220         76          0         16          0       9357   spi.o
       546         10          0          0          0       6356   stm32l1xx_adc.o
       422         46          0          0          0       5936   stm32l1xx_flash.o
       210          0          0          0          0       2639   stm32l1xx_gpio.o
       184         16          0          0          0        911   stm32l1xx_it.o
        52          8          0          0          0       1059   stm32l1xx_pwr.o
       728        116          0         25          0      10553   stm32l1xx_rcc.o
       200         12          0          0          0       3523   stm32l1xx_spi.o
       448          6          0          0          0       5519   stm32l1xx_usart.o
       944         20          0          0          0       3020   temp.o
        56         14          0          2          0        444   timer.o
       538         48          0          4       1032       5572   uart.o

    ----------------------------------------------------------------------
     31674       2742        852        320      18880     787591   Object Totals
         0          0         32          0          0          0   (incl. Generated)
        28          0          0          4          6          0   (incl. Padding)

    ----------------------------------------------------------------------

      Code (inc. data)   RO Data    RW Data    ZI Data      Debug   Library Member Name

        62         10          0          0          0        340   dunder.o
        40          0          0          0          0         68   fpclassify.o
       170          0          0          0          0         96   poly.o
      2520        190        136          0          0        324   pow.o
         0          0          8          0          0          0   qnan.o
        76          0          0          0          0         84   sqrt.o
        58          0          0          0          0          0   __dczerorl.o
         0          0          0          0          0          0   entry.o
         0          0          0          0          0          0   entry10a.o
         0          0          0          0          0          0   entry11a.o
         8          4          0          0          0          0   entry2.o
         4          0          0          0          0          0   entry5.o
         0          0          0          0          0          0   entry7b.o
         0          0          0          0          0          0   entry8b.o
         8          4          0          0          0          0   entry9a.o
        12          6          0          4          0         68   errno.o
        30          0          0          0          0          0   handlers.o
        36          8          0          0          0         68   init.o
         0          0          0          0          0          0   iusefp.o
        30          0          0          0          0         68   llshl.o
        36          0          0          0          0         68   llsshr.o
        32          0          0          0          0         68   llushr.o
        36          0          0          0          0         68   memcpya.o
        36          0          0          0          0        108   memseta.o
        30          0          0          0          0         80   strncmp.o
        48          0          0          0          0         68   cdcmple.o
        48          0          0          0          0         68   cdrcmple.o
        20          0          0          0          0         68   cfcmple.o
        20          0          0          0          0         68   cfrcmple.o
        56          0          0          0          0         88   d2f.o
       334          0          0          0          0        148   dadd.o
       222          0          0          0          0        100   ddiv.o
       186          0          0          0          0        176   depilogue.o
        34          0          0          0          0         76   dflti.o
        26          0          0          0          0         76   dfltui.o
       228          0          0          0          0         96   dmul.o
        46          0          0          0          0         80   dscalb.o
       162          0          0          0          0        100   dsqrt.o
        38          0          0          0          0         68   f2d.o
       176          0          0          0          0        140   fadd.o
       124          0          0          0          0         88   fdiv.o
       110          0          0          0          0        168   fepilogue.o
        18          0          0          0          0         68   fflti.o
        10          0          0          0          0         68   ffltui.o
       100          0          0          0          0         76   fmul.o

    ----------------------------------------------------------------------
      5234        222        144          4          4       3396   Library Totals
         4          0          0          0          4          0   (incl. Padding)

    ----------------------------------------------------------------------

      Code (inc. data)   RO Data    RW Data    ZI Data      Debug   Library Name

      2868        200        144          0          0        912   m_ws.l
       356         22          0          4          0        596   mc_w.l
      2006          0          0          0          0       1888   mf_w.l

    ----------------------------------------------------------------------
      5234        222        144          4          4       3396   Library Totals

    ----------------------------------------------------------------------

==============================================================================


      Code (inc. data)   RO Data    RW Data    ZI Data      Debug   

     36908       2964        996        324      18884     774891   Grand Totals
     36908       2964        996         52      18884     774891   ELF Image Totals (compressed)
     36908       2964        996         52          0          0   ROM Totals

==============================================================================

    Total RO  Size (Code + RO Data)                37904 (  37.02kB)
    Total RW  Size (RW Data + ZI Data)             19208 (  18.76kB)
    Total ROM Size (Code + RO Data + RW Data)      37956 (  37.07kB)

==============================================================================

