Component: ARM Compiler 5.06 update 6 (build 750) Tool: armlink [4d35ed]

==============================================================================

Section Cross References

    main.o(i.AppTaskStart) refers to bsp.o(i.BSP_Init) for BSP_Init
    main.o(i.AppTaskStart) refers to cpu_core.o(i.CPU_Init) for CPU_Init
    main.o(i.AppTaskStart) refers to bsp.o(i.BSP_CPU_ClkFreq) for BSP_CPU_ClkFreq
    main.o(i.AppTaskStart) refers to os_cpu_c.o(i.OS_CPU_SysTickInit) for OS_CPU_SysTickInit
    main.o(i.AppTaskStart) refers to os_stat.o(i.OSStatTaskCPUUsageInit) for OSStatTaskCPUUsageInit
    main.o(i.AppTaskStart) refers to os_core.o(i.OSSchedRoundRobinCfg) for OSSchedRoundRobinCfg
    main.o(i.AppTaskStart) refers to misc.o(i.NVIC_PriorityGroupConfig) for NVIC_PriorityGroupConfig
    main.o(i.AppTaskStart) refers to gpio.o(i.GPIO_Configuration) for GPIO_Configuration
    main.o(i.AppTaskStart) refers to main.o(i.Init_Parameter) for Init_Parameter
    main.o(i.AppTaskStart) refers to uart.o(i.UART1_Configuration) for UART1_Configuration
    main.o(i.AppTaskStart) refers to spi.o(i.SPI1_Configuration) for SPI1_Configuration
    main.o(i.AppTaskStart) refers to spi.o(i.AD779x_Init) for AD779x_Init
    main.o(i.AppTaskStart) refers to os_tmr.o(i.OSTmrCreate) for OSTmrCreate
    main.o(i.AppTaskStart) refers to cpu_a.o(.text) for CPU_SR_Save
    main.o(i.AppTaskStart) refers to os_task.o(i.OSTaskCreate) for OSTaskCreate
    main.o(i.AppTaskStart) refers to os_time.o(i.OSTimeDlyHMSM) for OSTimeDlyHMSM
    main.o(i.AppTaskStart) refers to os_cfg_app.o(.constdata) for OSCfg_TickRate_Hz
    main.o(i.AppTaskStart) refers to modbus.o(.bss) for KeepRegister
    main.o(i.AppTaskStart) refers to timer.o(i.tmr1_callback) for tmr1_callback
    main.o(i.AppTaskStart) refers to main.o(.bss) for tmr1
    main.o(i.AppTaskStart) refers to main.o(i.CLCWDT_Task) for CLCWDT_Task
    main.o(i.AppTaskStart) refers to main.o(i.Instruction_Task) for Instruction_Task
    main.o(i.AppTaskStart) refers to main.o(i.PAS_Task) for PAS_Task
    main.o(i.AppTaskStart) refers to main.o(i.MAINPOWER_Task) for MAINPOWER_Task
    main.o(i.AppTaskStart) refers to main.o(i.TEMP_Task) for TEMP_Task
    main.o(i.AppTaskStart) refers to main.o(i.LED0_Task) for LED0_Task
    main.o(i.AppTaskStart) refers to main.o(i.LED1_Task) for LED1_Task
    main.o(i.CLCWDT_Task) refers to os_time.o(i.OSTimeDlyHMSM) for OSTimeDlyHMSM
    main.o(i.CLCWDT_Task) refers to gpio.o(i.GPIO_PinReverse) for GPIO_PinReverse
    main.o(i.Init_Parameter) refers to ieeprom.o(i.EERead) for EERead
    main.o(i.Init_Parameter) refers to gpio.o(i.GPIO_PinReverse) for GPIO_PinReverse
    main.o(i.Init_Parameter) refers to ieeprom.o(i.EEWrite) for EEWrite
    main.o(i.Init_Parameter) refers to fflti.o(.text) for __aeabi_i2f
    main.o(i.Init_Parameter) refers to modbus.o(i.Get_SNInfo_Fun) for Get_SNInfo_Fun
    main.o(i.Init_Parameter) refers to modbus.o(.bss) for KeepRegister
    main.o(i.Init_Parameter) refers to modbus.o(.data) for SuperMode_Flag
    main.o(i.Instruction_Task) refers to stm32l1xx_gpio.o(i.GPIO_ResetBits) for GPIO_ResetBits
    main.o(i.Instruction_Task) refers to uart.o(i.USART1_GetChar) for USART1_GetChar
    main.o(i.Instruction_Task) refers to uart.o(i.USART1_ClearBuf_Flag) for USART1_ClearBuf_Flag
    main.o(i.Instruction_Task) refers to modbus.o(i.CRC16_Check) for CRC16_Check
    main.o(i.Instruction_Task) refers to modbus.o(i.Instruction_Process_Subfunction) for Instruction_Process_Subfunction
    main.o(i.Instruction_Task) refers to os_time.o(i.OSTimeDlyHMSM) for OSTimeDlyHMSM
    main.o(i.Instruction_Task) refers to modbus.o(.bss) for ModbusDataPackage
    main.o(i.LED0_Task) refers to os_time.o(i.OSTimeDlyHMSM) for OSTimeDlyHMSM
    main.o(i.LED1_Task) refers to os_time.o(i.OSTimeDlyHMSM) for OSTimeDlyHMSM
    main.o(i.MAINPOWER_Task) refers to os_time.o(i.OSTimeDlyHMSM) for OSTimeDlyHMSM
    main.o(i.MAINPOWER_Task) refers to iadc.o(i.IADC_Configuration) for IADC_Configuration
    main.o(i.MAINPOWER_Task) refers to iadc.o(i.Get_Adc_Average) for Get_Adc_Average
    main.o(i.MAINPOWER_Task) refers to stm32l1xx_rcc.o(i.RCC_HSICmd) for RCC_HSICmd
    main.o(i.MAINPOWER_Task) refers to stm32l1xx_rcc.o(i.RCC_APB2PeriphClockCmd) for RCC_APB2PeriphClockCmd
    main.o(i.MAINPOWER_Task) refers to main.o(.data) for MainPower_Flag
    main.o(i.MAINPOWER_Task) refers to modbus.o(.bss) for InputRegister
    main.o(i.PAS_Task) refers to os_time.o(i.OSTimeDlyHMSM) for OSTimeDlyHMSM
    main.o(i.PAS_Task) refers to os_tmr.o(i.OSTmrStart) for OSTmrStart
    main.o(i.PAS_Task) refers to spi.o(i.AD779x_ContinuousReadData1) for AD779x_ContinuousReadData1
    main.o(i.PAS_Task) refers to pas.o(i.Level_height_conversion) for Level_height_conversion
    main.o(i.PAS_Task) refers to main.o(.bss) for tmr1
    main.o(i.PAS_Task) refers to modbus.o(.bss) for KeepRegister
    main.o(i.PAS_Task) refers to spi.o(.data) for AD779x_Sampling_Complete_Flag1
[...]
    BSP_IntHandlerTIM3                       0x080095c7   Thumb Code    10  bsp_int.o(i.BSP_IntHandlerTIM3)
    BSP_IntHandlerTIM4                       0x080095d1   Thumb Code    10  bsp_int.o(i.BSP_IntHandlerTIM4)
    BSP_IntHandlerTIM5                       0x080095db   Thumb Code    10  bsp_int.o(i.BSP_IntHandlerTIM5)
    BSP_IntHandlerTIM6                       0x080095e5   Thumb Code    10  bsp_int.o(i.BSP_IntHandlerTIM6)
    BSP_IntHandlerTIM7                       0x080095ef   Thumb Code    10  bsp_int.o(i.BSP_IntHandlerTIM7)
    BSP_IntHandlerTIM9                       0x080095f9   Thumb Code    10  bsp_int.o(i.BSP_IntHandlerTIM9)
    BSP_IntHandlerUART4                      0x08009603   Thumb Code    10  bsp_int.o(i.BSP_IntHandlerUART4)
    BSP_IntHandlerUART5                      0x0800960d   Thumb Code    10  bsp_int.o(i.BSP_IntHandlerUART5)
    BSP_IntHandlerUSART1                     0x08009619   Thumb Code   160  stm32l1xx_it.o(i.BSP_IntHandlerUSART1)
    BSP_IntHandlerUSART2                     0x080096c9   Thumb Code    10  bsp_int.o(i.BSP_IntHandlerUSART2)
    BSP_IntHandlerUSART3                     0x080096d3   Thumb Code    10  bsp_int.o(i.BSP_IntHandlerUSART3)
    BSP_IntHandlerUSB_FS_WKUP                0x080096dd   Thumb Code    10  bsp_int.o(i.BSP_IntHandlerUSB_FS_WKUP)
    BSP_IntHandlerUSB_HP                     0x080096e7   Thumb Code    10  bsp_int.o(i.BSP_IntHandlerUSB_HP)
    BSP_IntHandlerUSB_LP                     0x080096f1   Thumb Code    10  bsp_int.o(i.BSP_IntHandlerUSB_LP)
    BSP_IntHandlerWWDG                       0x080096fb   Thumb Code    10  bsp_int.o(i.BSP_IntHandlerWWDG)
    BSP_IntInit                              0x08009705   Thumb Code    22  bsp_int.o(i.BSP_IntInit)
    BSP_IntVectSet                           0x08009721   Thumb Code    48  bsp_int.o(i.BSP_IntVectSet)
    CLCWDT_Task                              0x08009755   Thumb Code    36  main.o(i.CLCWDT_Task)
    CPU_Init                                 0x0800977d   Thumb Code    12  cpu_core.o(i.CPU_Init)
    CPU_NameClr                              0x08009789   Thumb Code    42  cpu_core.o(i.CPU_NameClr)
    CPU_TS_TmrFreqSet                        0x080097d5   Thumb Code     6  cpu_core.o(i.CPU_TS_TmrFreqSet)
    CPU_TS_TmrInit                           0x080097e1   Thumb Code    44  bsp.o(i.CPU_TS_TmrInit)
    CPU_TS_TmrRd                             0x08009815   Thumb Code     6  bsp.o(i.CPU_TS_TmrRd)
    CRC16_Check                              0x08009821   Thumb Code    58  modbus.o(i.CRC16_Check)
    CTC                                      0x0800985d   Thumb Code   296  modbus.o(i.CTC)
    DATA_EEPROM_EraseWord                    0x08009995   Thumb Code    26  stm32l1xx_flash.o(i.DATA_EEPROM_EraseWord)
    DATA_EEPROM_FastProgramWord              0x080099b1   Thumb Code    46  stm32l1xx_flash.o(i.DATA_EEPROM_FastProgramWord)
    DATA_EEPROM_Lock                         0x080099e5   Thumb Code    14  stm32l1xx_flash.o(i.DATA_EEPROM_Lock)
    DATA_EEPROM_ProgramByte                  0x080099f9   Thumb Code    92  stm32l1xx_flash.o(i.DATA_EEPROM_ProgramByte)
    DATA_EEPROM_Unlock                       0x08009a55   Thumb Code    24  stm32l1xx_flash.o(i.DATA_EEPROM_Unlock)
    DS18B20_Read_Byte                        0x08009a79   Thumb Code   272  temp.o(i.DS18B20_Read_Byte)
    DS18B20_Rst                              0x08009b8d   Thumb Code   276  temp.o(i.DS18B20_Rst)
    DS18B20_TEMP                             0x08009ca5   Thumb Code   184  temp.o(i.DS18B20_TEMP)
    DS18B20_Write_Byte                       0x08009d65   Thumb Code   180  temp.o(i.DS18B20_Write_Byte)
    DS18B20_delayus                          0x08009e1d   Thumb Code    16  temp.o(i.DS18B20_delayus)
    EERead                                   0x08009e2d   Thumb Code    68  ieeprom.o(i.EERead)
    EERead_Z                                 0x08009e79   Thumb Code    58  ieeprom.o(i.EERead_Z)
    EEWrite                                  0x08009eb9   Thumb Code    92  ieeprom.o(i.EEWrite)
    FLASH_GetStatus                          0x08009f19   Thumb Code    48  stm32l1xx_flash.o(i.FLASH_GetStatus)
    FLASH_PrefetchBufferCmd                  0x08009f4d   Thumb Code    30  stm32l1xx_flash.o(i.FLASH_PrefetchBufferCmd)
    FLASH_ReadAccess64Cmd                    0x08009f71   Thumb Code    30  stm32l1xx_flash.o(i.FLASH_ReadAccess64Cmd)
    FLASH_SetLatency                         0x08009f95   Thumb Code    18  stm32l1xx_flash.o(i.FLASH_SetLatency)
    FLASH_WaitForLastOperation               0x08009fad   Thumb Code    48  stm32l1xx_flash.o(i.FLASH_WaitForLastOperation)
    FactoryCalibration                       0x08009fdd   Thumb Code   316  modbus.o(i.FactoryCalibration)
    GPIO_Configuration                       0x0800a131   Thumb Code   148  gpio.o(i.GPIO_Configuration)
    GPIO_Init                                0x0800a1cd   Thumb Code   132  stm32l1xx_gpio.o(i.GPIO_Init)
    GPIO_PinAFConfig                         0x0800a251   Thumb Code    70  stm32l1xx_gpio.o(i.GPIO_PinAFConfig)
    GPIO_PinReverse                          0x0800a297   Thumb Code     8  gpio.o(i.GPIO_PinReverse)
    GPIO_ResetBits                           0x0800a29f   Thumb Code     4  stm32l1xx_gpio.o(i.GPIO_ResetBits)
    GPIO_SetBits                             0x0800a2a3   Thumb Code     4  stm32l1xx_gpio.o(i.GPIO_SetBits)
    Get_Adc                                  0x0800a2a9   Thumb Code    42  iadc.o(i.Get_Adc)
    Get_Adc_Average                          0x0800a2d9   Thumb Code   126  iadc.o(i.Get_Adc_Average)
    Get_SNInfo_Fun                           0x0800a365   Thumb Code    68  modbus.o(i.Get_SNInfo_Fun)
    IADC_Configuration                       0x0800a3ad   Thumb Code   176  iadc.o(i.IADC_Configuration)
    Init_Parameter                           0x0800a465   Thumb Code   618  main.o(i.Init_Parameter)
    InputRegistorDataHton                    0x0800a6e9   Thumb Code   284  modbus.o(i.InputRegistorDataHton)
    Instruction_Process_Subfunction          0x0800a80d   Thumb Code   432  modbus.o(i.Instruction_Process_Subfunction)
    Instruction_Task                         0x0800a9c9   Thumb Code   146  main.o(i.Instruction_Task)
    KeepRegistorDataHton                     0x0800aa65   Thumb Code   454  modbus.o(i.KeepRegistorDataHton)
    LED0_Task                                0x0800ac35   Thumb Code    64  main.o(i.LED0_Task)
    LED1_Task                                0x0800ac79   Thumb Code    34  main.o(i.LED1_Task)
    Level_height_conversion                  0x0800aca1   Thumb Code  3414  pas.o(i.Level_height_conversion)
    MAINPOWER_Task                           0x0800ba01   Thumb Code    98  main.o(i.MAINPOWER_Task)
    Mem_Clr                                  0x0800ba6d   Thumb Code    18  lib_mem.o(i.Mem_Clr)
    Mem_Set                                  0x0800ba7f   Thumb Code    98  lib_mem.o(i.Mem_Set)
    ModbusFactoryParameterReset              0x0800bae1   Thumb Code   232  modbus.o(i.ModbusFactoryParameterReset)
    ModbusReadInputRegistor                  0x0800bbe1   Thumb Code   284  modbus.o(i.ModbusReadInputRegistor)
    ModbusReadKeepRegistor                   0x0800bd09   Thumb Code   540  modbus.o(i.ModbusReadKeepRegistor)
    ModbusReturnAckInfo                      0x0800bf31   Thumb Code    64  modbus.o(i.ModbusReturnAckInfo)
    ModbusSetInitalValue                     0x0800bf79   Thumb Code   192  modbus.o(i.ModbusSetInitalValue)
    ModbusSwitchMode                         0x0800c049   Thumb Code   288  modbus.o(i.ModbusSwitchMode)
    ModbusWriteSingleRegistor                0x0800c181   Thumb Code   556  modbus.o(i.ModbusWriteSingleRegistor)
    ModbusWriteSomeRegistor                  0x0800c3b9   Thumb Code  1804  modbus.o(i.ModbusWriteSomeRegistor)
    NVIC_Init                                0x0800cadd   Thumb Code   106  misc.o(i.NVIC_Init)
    NVIC_PriorityGroupConfig                 0x0800cb55   Thumb Code    10  misc.o(i.NVIC_PriorityGroupConfig)
    OSCfg_Init                               0x0800cb69   Thumb Code     2  os_cfg_app.o(i.OSCfg_Init)
    OSIdleTaskHook                           0x0800cb6d   Thumb Code    16  os_cpu_c.o(i.OSIdleTaskHook)
    OSInit                                   0x0800cb81   Thumb Code   288  os_core.o(i.OSInit)
    OSInitHook                               0x0800cd01   Thumb Code    42  os_cpu_c.o(i.OSInitHook)
    OSIntEnter                               0x0800cd39   Thumb Code    34  os_core.o(i.OSIntEnter)
    OSIntExit                                0x0800cd65   Thumb Code   192  os_core.o(i.OSIntExit)
    OSSched                                  0x0800ce49   Thumb Code   134  os_core.o(i.OSSched)
    OSSchedLock                              0x0800cef1   Thumb Code   104  os_core.o(i.OSSchedLock)
    OSSchedRoundRobinCfg                     0x0800cf65   Thumb Code    88  os_core.o(i.OSSchedRoundRobinCfg)
    OSSchedUnlock                            0x0800cfc9   Thumb Code   136  os_core.o(i.OSSchedUnlock)
    OSStart                                  0x0800d05d   Thumb Code    78  os_core.o(i.OSStart)
    OSStatReset                              0x0800d0c5   Thumb Code   262  os_stat.o(i.OSStatReset)
    OSStatTaskCPUUsageInit                   0x0800d1ed   Thumb Code   212  os_stat.o(i.OSStatTaskCPUUsageInit)
    OSStatTaskHook                           0x0800d2dd   Thumb Code    16  os_cpu_c.o(i.OSStatTaskHook)
    OSTaskCreate                             0x0800d2f1   Thumb Code   412  os_task.o(i.OSTaskCreate)
    OSTaskCreateHook                         0x0800d4a5   Thumb Code    20  os_cpu_c.o(i.OSTaskCreateHook)
    OSTaskResume                             0x0800d4bd   Thumb Code    96  os_task.o(i.OSTaskResume)
    OSTaskReturnHook                         0x0800d525   Thumb Code    20  os_cpu_c.o(i.OSTaskReturnHook)
    OSTaskSemPend                            0x0800d53d   Thumb Code   464  os_task.o(i.OSTaskSemPend)
    OSTaskSemPost                            0x0800d719   Thumb Code    62  os_task.o(i.OSTaskSemPost)
    OSTaskStkChk                             0x0800d759   Thumb Code   204  os_task.o(i.OSTaskStkChk)
    OSTaskStkInit                            0x0800d82d   Thumb Code   188  os_cpu_c.o(i.OSTaskStkInit)
    OSTaskSuspend                            0x0800d8ed   Thumb Code    48  os_task.o(i.OSTaskSuspend)
    OSTaskSwHook                             0x0800d925   Thumb Code   120  os_cpu_c.o(i.OSTaskSwHook)
    OSTimeDly                                0x0800d9ad   Thumb Code   182  os_time.o(i.OSTimeDly)
    OSTimeDlyHMSM                            0x0800da71   Thumb Code   394  os_time.o(i.OSTimeDlyHMSM)
    OSTimeTick                               0x0800dc0d   Thumb Code    68  os_time.o(i.OSTimeTick)
    OSTimeTickHook                           0x0800dc69   Thumb Code    16  os_cpu_c.o(i.OSTimeTickHook)
    OSTmrCreate                              0x0800dc7d   Thumb Code   192  os_tmr.o(i.OSTmrCreate)
    OSTmrStart                               0x0800dd49   Thumb Code   170  os_tmr.o(i.OSTmrStart)
    OS_CPU_SysTickHandler                    0x0800ddfd   Thumb Code    52  os_cpu_c.o(i.OS_CPU_SysTickHandler)
    OS_CPU_SysTickInit                       0x0800de35   Thumb Code    44  os_cpu_c.o(i.OS_CPU_SysTickInit)
    OS_Dbg_Init                              0x0800de65   Thumb Code   148  os_dbg.o(i.OS_Dbg_Init)
    OS_FlagInit                              0x0800e011   Thumb Code    14  os_flag.o(i.OS_FlagInit)
    OS_IdleTask                              0x0800e029   Thumb Code    60  os_core.o(i.OS_IdleTask)
    OS_IdleTaskInit                          0x0800e06d   Thumb Code    66  os_core.o(i.OS_IdleTaskInit)
    OS_MemInit                               0x0800e0dd   Thumb Code    14  os_mem.o(i.OS_MemInit)
    OS_MsgPoolInit                           0x0800e0f5   Thumb Code   110  os_msg.o(i.OS_MsgPoolInit)
    OS_MsgQInit                              0x0800e171   Thumb Code    14  os_msg.o(i.OS_MsgQInit)
    OS_MutexInit                             0x0800e181   Thumb Code    14  os_mutex.o(i.OS_MutexInit)
    OS_Pend                                  0x0800e199   Thumb Code    98  os_core.o(i.OS_Pend)
    OS_PendDataInit                          0x0800e201   Thumb Code    38  os_core.o(i.OS_PendDataInit)
    OS_PendDbgNameAdd                        0x0800e229   Thumb Code    66  os_core.o(i.OS_PendDbgNameAdd)
    OS_PendDbgNameRemove                     0x0800e285   Thumb Code    30  os_core.o(i.OS_PendDbgNameRemove)
    OS_PendListInsertPrio                    0x0800e2a9   Thumb Code   102  os_core.o(i.OS_PendListInsertPrio)
    OS_PendListRemove                        0x0800e30f   Thumb Code    48  os_core.o(i.OS_PendListRemove)
    OS_PendListRemove1                       0x0800e33f   Thumb Code    66  os_core.o(i.OS_PendListRemove1)
    OS_Post                                  0x0800e381   Thumb Code   192  os_core.o(i.OS_Post)
    OS_Post1                                 0x0800e441   Thumb Code    42  os_core.o(i.OS_Post1)
    OS_PrioGetHighest                        0x0800e46d   Thumb Code    36  os_prio.o(i.OS_PrioGetHighest)
    OS_PrioInit                              0x0800e495   Thumb Code    20  os_prio.o(i.OS_PrioInit)
    OS_PrioInsert                            0x0800e4ad   Thumb Code    32  os_prio.o(i.OS_PrioInsert)
    OS_PrioRemove                            0x0800e4d1   Thumb Code    32  os_prio.o(i.OS_PrioRemove)
    OS_QInit                                 0x0800e4f5   Thumb Code    14  os_q.o(i.OS_QInit)
    OS_RdyListInit                           0x0800e50d   Thumb Code    32  os_core.o(i.OS_RdyListInit)
    OS_RdyListInsert                         0x0800e531   Thumb Code    40  os_core.o(i.OS_RdyListInsert)
    OS_RdyListInsertHead                     0x0800e55d   Thumb Code    58  os_core.o(i.OS_RdyListInsertHead)
    OS_RdyListInsertTail                     0x0800e59d   Thumb Code    56  os_core.o(i.OS_RdyListInsertTail)
    OS_RdyListMoveHeadToTail                 0x0800e5d9   Thumb Code    68  os_core.o(i.OS_RdyListMoveHeadToTail)
    OS_RdyListRemove                         0x0800e61d   Thumb Code    86  os_core.o(i.OS_RdyListRemove)
    OS_SchedLockTimeMeasStart                0x0800e679   Thumb Code    20  os_core.o(i.OS_SchedLockTimeMeasStart)
    OS_SchedLockTimeMeasStop                 0x0800e695   Thumb Code    44  os_core.o(i.OS_SchedLockTimeMeasStop)
    OS_SchedRoundRobin                       0x0800e6d1   Thumb Code   190  os_core.o(i.OS_SchedRoundRobin)
    OS_SemInit                               0x0800e7a1   Thumb Code    14  os_sem.o(i.OS_SemInit)
    OS_StatTask                              0x0800e7b9   Thumb Code   686  os_stat.o(i.OS_StatTask)
    OS_StatTaskInit                          0x0800eaa5   Thumb Code   136  os_stat.o(i.OS_StatTaskInit)
    OS_TaskBlock                             0x0800eb71   Thumb Code    56  os_core.o(i.OS_TaskBlock)
    OS_TaskDbgListAdd                        0x0800eba9   Thumb Code    42  os_task.o(i.OS_TaskDbgListAdd)
    OS_TaskInit                              0x0800ebd9   Thumb Code    18  os_task.o(i.OS_TaskInit)
    OS_TaskInitTCB                           0x0800ebf9   Thumb Code   190  os_task.o(i.OS_TaskInitTCB)
    OS_TaskRdy                               0x0800ecc5   Thumb Code    28  os_core.o(i.OS_TaskRdy)
    OS_TaskResume                            0x0800ece1   Thumb Code   256  os_task.o(i.OS_TaskResume)
    OS_TaskReturn                            0x0800ede1   Thumb Code    26  os_task.o(i.OS_TaskReturn)
    OS_TaskSemPost                           0x0800ee05   Thumb Code   448  os_task.o(i.OS_TaskSemPost)
    OS_TaskSuspend                           0x0800efc9   Thumb Code   272  os_task.o(i.OS_TaskSuspend)
    OS_TickListInit                          0x0800f0e1   Thumb Code    32  os_tick.o(i.OS_TickListInit)
    OS_TickListInsert                        0x0800f109   Thumb Code   430  os_tick.o(i.OS_TickListInsert)
    OS_TickListRemove                        0x0800f2c5   Thumb Code    56  os_tick.o(i.OS_TickListRemove)
    OS_TickListResetPeak                     0x0800f2fd   Thumb Code    28  os_tick.o(i.OS_TickListResetPeak)
    OS_TickListUpdate                        0x0800f321   Thumb Code   376  os_tick.o(i.OS_TickListUpdate)
    OS_TickTask                              0x0800f4a9   Thumb Code    38  os_tick.o(i.OS_TickTask)
    OS_TickTaskInit                          0x0800f4d5   Thumb Code   128  os_tick.o(i.OS_TickTaskInit)
    OS_TmrDbgListAdd                         0x0800f58d   Thumb Code    34  os_tmr.o(i.OS_TmrDbgListAdd)
    OS_TmrInit                               0x0800f5b5   Thumb Code   206  os_tmr.o(i.OS_TmrInit)
    OS_TmrLink                               0x0800f6dd   Thumb Code   196  os_tmr.o(i.OS_TmrLink)
    OS_TmrResetPeak                          0x0800f7ad   Thumb Code    28  os_tmr.o(i.OS_TmrResetPeak)
    OS_TmrTask                               0x0800f7d1   Thumb Code   176  os_tmr.o(i.OS_TmrTask)
    OS_TmrUnlink                             0x0800f891   Thumb Code    72  os_tmr.o(i.OS_TmrUnlink)
    PAS_Task                                 0x0800f8e1   Thumb Code    98  main.o(i.PAS_Task)
    PWR_GetFlagStatus                        0x0800f959   Thumb Code    20  stm32l1xx_pwr.o(i.PWR_GetFlagStatus)
    PWR_VoltageScalingConfig                 0x0800f971   Thumb Code    24  stm32l1xx_pwr.o(i.PWR_VoltageScalingConfig)
    RCC_AHBPeriphClockCmd                    0x0800f98d   Thumb Code    26  stm32l1xx_rcc.o(i.RCC_AHBPeriphClockCmd)
    RCC_APB1PeriphClockCmd                   0x0800f9ad   Thumb Code    26  stm32l1xx_rcc.o(i.RCC_APB1PeriphClockCmd)
    RCC_APB1PeriphResetCmd                   0x0800f9cd   Thumb Code    26  stm32l1xx_rcc.o(i.RCC_APB1PeriphResetCmd)
    RCC_APB2PeriphClockCmd                   0x0800f9ed   Thumb Code    26  stm32l1xx_rcc.o(i.RCC_APB2PeriphClockCmd)
    RCC_APB2PeriphResetCmd                   0x0800fa0d   Thumb Code    26  stm32l1xx_rcc.o(i.RCC_APB2PeriphResetCmd)
    RCC_DeInit                               0x0800fa2d   Thumb Code    74  stm32l1xx_rcc.o(i.RCC_DeInit)
    RCC_GetClocksFreq                        0x0800fa85   Thumb Code   238  stm32l1xx_rcc.o(i.RCC_GetClocksFreq)
    RCC_GetFlagStatus                        0x0800fb85   Thumb Code    48  stm32l1xx_rcc.o(i.RCC_GetFlagStatus)
    RCC_GetSYSCLKSource                      0x0800fbb9   Thumb Code    10  stm32l1xx_rcc.o(i.RCC_GetSYSCLKSource)
    RCC_HCLKConfig                           0x0800fbc9   Thumb Code    18  stm32l1xx_rcc.o(i.RCC_HCLKConfig)
    RCC_HSEConfig                            0x0800fbe1   Thumb Code    12  stm32l1xx_rcc.o(i.RCC_HSEConfig)
    RCC_HSICmd                               0x0800fbf1   Thumb Code     6  stm32l1xx_rcc.o(i.RCC_HSICmd)
    RCC_PCLK1Config                          0x0800fbfd   Thumb Code    18  stm32l1xx_rcc.o(i.RCC_PCLK1Config)
    RCC_PCLK2Config                          0x0800fc15   Thumb Code    20  stm32l1xx_rcc.o(i.RCC_PCLK2Config)
    RCC_PLLCmd                               0x0800fc2d   Thumb Code     6  stm32l1xx_rcc.o(i.RCC_PLLCmd)
    RCC_PLLConfig                            0x0800fc39   Thumb Code    14  stm32l1xx_rcc.o(i.RCC_PLLConfig)
    RCC_SYSCLKConfig                         0x0800fc4d   Thumb Code    18  stm32l1xx_rcc.o(i.RCC_SYSCLKConfig)
    ResetSoftware                            0x0800fc65   Thumb Code   134  modbus.o(i.ResetSoftware)
    SPI1_CS_Select                           0x0800fd01   Thumb Code    60  spi.o(i.SPI1_CS_Select)
    SPI1_Configuration                       0x0800fd45   Thumb Code   242  spi.o(i.SPI1_Configuration)
    SPI1_ReadWriteByte                       0x0800fe45   Thumb Code    70  spi.o(i.SPI1_ReadWriteByte)
    SPI_Cmd                                  0x0800fe91   Thumb Code    24  stm32l1xx_spi.o(i.SPI_Cmd)
    SPI_I2S_DeInit                           0x0800fea9   Thumb Code    76  stm32l1xx_spi.o(i.SPI_I2S_DeInit)
    SPI_I2S_GetFlagStatus                    0x0800ff01   Thumb Code    18  stm32l1xx_spi.o(i.SPI_I2S_GetFlagStatus)
    SPI_I2S_ReceiveData                      0x0800ff13   Thumb Code     6  stm32l1xx_spi.o(i.SPI_I2S_ReceiveData)
    SPI_I2S_SendData                         0x0800ff19   Thumb Code     4  stm32l1xx_spi.o(i.SPI_I2S_SendData)
    SPI_Init                                 0x0800ff1d   Thumb Code    60  stm32l1xx_spi.o(i.SPI_Init)
    TEMP_Task                                0x0800ff59   Thumb Code   256  main.o(i.TEMP_Task)
    U485SendData                             0x08010075   Thumb Code    38  uart.o(i.U485SendData)
    UART1_Configuration                      0x080100a5   Thumb Code   280  uart.o(i.UART1_Configuration)
    USART1_ClearBuf_Flag                     0x080101c5   Thumb Code    18  uart.o(i.USART1_ClearBuf_Flag)
    USART1_GetChar                           0x080101e5   Thumb Code    28  uart.o(i.USART1_GetChar)
    USART1_GetCharBlock                      0x08010205   Thumb Code    48  uart.o(i.USART1_GetCharBlock)
    USART_ClearITPendingBit                  0x08010239   Thumb Code    30  stm32l1xx_usart.o(i.USART_ClearITPendingBit)
    USART_Cmd                                0x08010257   Thumb Code    24  stm32l1xx_usart.o(i.USART_Cmd)
    USART_GetFlagStatus                      0x0801026f   Thumb Code    26  stm32l1xx_usart.o(i.USART_GetFlagStatus)
    USART_GetITStatus                        0x08010289   Thumb Code    84  stm32l1xx_usart.o(i.USART_GetITStatus)
    USART_ITConfig                           0x080102dd   Thumb Code    74  stm32l1xx_usart.o(i.USART_ITConfig)
    USART_Init                               0x08010329   Thumb Code   198  stm32l1xx_usart.o(i.USART_Init)
    USART_PutChar                            0x080103f5   Thumb Code    48  uart.o(i.USART_PutChar)
    USART_PutData                            0x08010425   Thumb Code    34  uart.o(i.USART_PutData)
    USART_ReceiveData                        0x08010447   Thumb Code    10  stm32l1xx_usart.o(i.USART_ReceiveData)
    USART_SendData                           0x08010451   Thumb Code     8  stm32l1xx_usart.o(i.USART_SendData)
    __ARM_fpclassify                         0x08010459   Thumb Code    40  fpclassify.o(i.__ARM_fpclassify)
    __kernel_poly                            0x08010481   Thumb Code   170  poly.o(i.__kernel_poly)
    __mathlib_dbl_divzero                    0x08010555   Thumb Code    12  dunder.o(i.__mathlib_dbl_divzero)
    __mathlib_dbl_infnan2                    0x08010565   Thumb Code     4  dunder.o(i.__mathlib_dbl_infnan2)
    __mathlib_dbl_invalid                    0x08010569   Thumb Code    12  dunder.o(i.__mathlib_dbl_invalid)
    __mathlib_dbl_overflow                   0x08010575   Thumb Code    14  dunder.o(i.__mathlib_dbl_overflow)
    __mathlib_dbl_underflow                  0x08010585   Thumb Code    10  dunder.o(i.__mathlib_dbl_underflow)
    __scatterload_copy                       0x08010595   Thumb Code    14  handlers.o(i.__scatterload_copy)
    __scatterload_null                       0x080105a3   Thumb Code     2  handlers.o(i.__scatterload_null)
    __scatterload_zeroinit                   0x080105a5   Thumb Code    14  handlers.o(i.__scatterload_zeroinit)
    __set_errno                              0x080105b5   Thumb Code     6  errno.o(i.__set_errno)
    main                                     0x080105c1   Thumb Code   110  main.o(i.main)
    pow                                      0x08010655   Thumb Code  2512  pow.o(i.pow)
    sqrt                                     0x0801102d   Thumb Code    76  sqrt.o(i.sqrt)
    tmr1_callback                            0x08011079   Thumb Code    42  timer.o(i.tmr1_callback)
    OSCfg_IdleTaskStkBasePtr                 0x080110b0   Data           4  os_cfg_app.o(.constdata)
    OSCfg_IdleTaskStkLimit                   0x080110b4   Data           4  os_cfg_app.o(.constdata)
    OSCfg_IdleTaskStkSize                    0x080110b8   Data           4  os_cfg_app.o(.constdata)
    OSCfg_IdleTaskStkSizeRAM                 0x080110bc   Data           4  os_cfg_app.o(.constdata)
    OSCfg_IntQBasePtr                        0x080110c0   Data           4  os_cfg_app.o(.constdata)
    OSCfg_IntQSize                           0x080110c4   Data           2  os_cfg_app.o(.constdata)
    OSCfg_IntQSizeRAM                        0x080110c8   Data           4  os_cfg_app.o(.constdata)
    OSCfg_IntQTaskStkBasePtr                 0x080110cc   Data           4  os_cfg_app.o(.constdata)
    OSCfg_IntQTaskStkLimit                   0x080110d0   Data           4  os_cfg_app.o(.constdata)
    OSCfg_IntQTaskStkSize                    0x080110d4   Data           4  os_cfg_app.o(.constdata)
    OSCfg_IntQTaskStkSizeRAM                 0x080110d8   Data           4  os_cfg_app.o(.constdata)
    OSCfg_ISRStkBasePtr                      0x080110dc   Data           4  os_cfg_app.o(.constdata)
    OSCfg_ISRStkSize                         0x080110e0   Data           4  os_cfg_app.o(.constdata)
    OSCfg_ISRStkSizeRAM                      0x080110e4   Data           4  os_cfg_app.o(.constdata)
    OSCfg_MsgPoolSize                        0x080110e8   Data           2  os_cfg_app.o(.constdata)
    OSCfg_MsgPoolSizeRAM                     0x080110ec   Data           4  os_cfg_app.o(.constdata)
    OSCfg_MsgPoolBasePtr                     0x080110f0   Data           4  os_cfg_app.o(.constdata)
    OSCfg_StatTaskPrio                       0x080110f4   Data           1  os_cfg_app.o(.constdata)
    OSCfg_StatTaskRate_Hz                    0x080110f8   Data           4  os_cfg_app.o(.constdata)
    OSCfg_StatTaskStkBasePtr                 0x080110fc   Data           4  os_cfg_app.o(.constdata)
    OSCfg_StatTaskStkLimit                   0x08011100   Data           4  os_cfg_app.o(.constdata)
    OSCfg_StatTaskStkSize                    0x08011104   Data           4  os_cfg_app.o(.constdata)
    OSCfg_StatTaskStkSizeRAM                 0x08011108   Data           4  os_cfg_app.o(.constdata)
    OSCfg_StkSizeMin                         0x0801110c   Data           4  os_cfg_app.o(.constdata)
    OSCfg_TickRate_Hz                        0x08011110   Data           4  os_cfg_app.o(.constdata)
    OSCfg_TickTaskPrio                       0x08011114   Data           1  os_cfg_app.o(.constdata)
    OSCfg_TickTaskStkBasePtr                 0x08011118   Data           4  os_cfg_app.o(.constdata)
    OSCfg_TickTaskStkLimit                   0x0801111c   Data           4  os_cfg_app.o(.constdata)
    OSCfg_TickTaskStkSize                    0x08011120   Data           4  os_cfg_app.o(.constdata)
    OSCfg_TickTaskStkSizeRAM                 0x08011124   Data           4  os_cfg_app.o(.constdata)
    OSCfg_TickWheelSize                      0x08011128   Data           2  os_cfg_app.o(.constdata)
    OSCfg_TickWheelSizeRAM                   0x0801112c   Data           4  os_cfg_app.o(.constdata)
    OSCfg_TmrTaskPrio                        0x08011130   Data           1  os_cfg_app.o(.constdata)
    OSCfg_TmrTaskRate_Hz                     0x08011134   Data           4  os_cfg_app.o(.constdata)
    OSCfg_TmrTaskStkBasePtr                  0x08011138   Data           4  os_cfg_app.o(.constdata)
    OSCfg_TmrTaskStkLimit                    0x0801113c   Data           4  os_cfg_app.o(.constdata)
    OSCfg_TmrTaskStkSize                     0x08011140   Data           4  os_cfg_app.o(.constdata)
    OSCfg_TmrTaskStkSizeRAM                  0x08011144   Data           4  os_cfg_app.o(.constdata)
    OSCfg_TmrWheelSize                       0x08011148   Data           2  os_cfg_app.o(.constdata)
    OSCfg_TmrWheelSizeRAM                    0x0801114c   Data           4  os_cfg_app.o(.constdata)
    OSCfg_DataSizeRAM                        0x08011150   Data           4  os_cfg_app.o(.constdata)
    OSDbg_DbgEn                              0x08011154   Data           1  os_dbg.o(.constdata)
    OSDbg_ArgChkEn                           0x08011155   Data           1  os_dbg.o(.constdata)
    OSDbg_AppHooksEn                         0x08011156   Data           1  os_dbg.o(.constdata)
    OSDbg_EndiannessTest                     0x08011158   Data           4  os_dbg.o(.constdata)
    OSDbg_CalledFromISRChkEn                 0x0801115c   Data           1  os_dbg.o(.constdata)
    OSDbg_FlagEn                             0x0801115d   Data           1  os_dbg.o(.constdata)
    OSDbg_FlagGrp                            0x08011160   Data          40  os_dbg.o(.constdata)
    OSDbg_FlagDelEn                          0x08011188   Data           1  os_dbg.o(.constdata)
    OSDbg_FlagModeClrEn                      0x08011189   Data           1  os_dbg.o(.constdata)
    OSDbg_FlagPendAbortEn                    0x0801118a   Data           1  os_dbg.o(.constdata)
    OSDbg_FlagGrpSize                        0x0801118c   Data           2  os_dbg.o(.constdata)
    OSDbg_FlagWidth                          0x0801118e   Data           2  os_dbg.o(.constdata)
    OSDbg_IntQ                               0x08011190   Data           2  os_dbg.o(.constdata)
    OSDbg_ISRPostDeferredEn                  0x08011192   Data           1  os_dbg.o(.constdata)
    OSDbg_Mem                                0x08011194   Data          32  os_dbg.o(.constdata)
    OSDbg_MemEn                              0x080111b4   Data           1  os_dbg.o(.constdata)
    OSDbg_MemSize                            0x080111b6   Data           2  os_dbg.o(.constdata)
    OSDbg_MsgEn                              0x080111b8   Data           1  os_dbg.o(.constdata)
    OSDbg_MsgSize                            0x080111ba   Data           2  os_dbg.o(.constdata)
    OSDbg_MsgPoolSize                        0x080111bc   Data           2  os_dbg.o(.constdata)
    OSDbg_MsgQSize                           0x080111be   Data           2  os_dbg.o(.constdata)
    OSDbg_Mutex                              0x080111c0   Data          44  os_dbg.o(.constdata)
    OSDbg_MutexEn                            0x080111ec   Data           1  os_dbg.o(.constdata)
    OSDbg_MutexDelEn                         0x080111ed   Data           1  os_dbg.o(.constdata)
    OSDbg_MutexPendAbortEn                   0x080111ee   Data           1  os_dbg.o(.constdata)
    OSDbg_MutexSize                          0x080111f0   Data           2  os_dbg.o(.constdata)
    OSDbg_ObjTypeChkEn                       0x080111f2   Data           1  os_dbg.o(.constdata)
    OSDbg_PendMultiEn                        0x080111f3   Data           1  os_dbg.o(.constdata)
    OSDbg_PendDataSize                       0x080111f4   Data           2  os_dbg.o(.constdata)
    OSDbg_PendListSize                       0x080111f6   Data           2  os_dbg.o(.constdata)
    OSDbg_PendObjSize                        0x080111f8   Data           2  os_dbg.o(.constdata)
    OSDbg_PrioMax                            0x080111fa   Data           2  os_dbg.o(.constdata)
    OSDbg_PrioTblSize                        0x080111fc   Data           2  os_dbg.o(.constdata)
    OSDbg_PtrSize                            0x080111fe   Data           2  os_dbg.o(.constdata)
    OSDbg_Q                                  0x08011200   Data          48  os_dbg.o(.constdata)
    OSDbg_QEn                                0x08011230   Data           1  os_dbg.o(.constdata)
    OSDbg_QDelEn                             0x08011231   Data           1  os_dbg.o(.constdata)
    OSDbg_QFlushEn                           0x08011232   Data           1  os_dbg.o(.constdata)
    OSDbg_QPendAbortEn                       0x08011233   Data           1  os_dbg.o(.constdata)
    OSDbg_QSize                              0x08011234   Data           2  os_dbg.o(.constdata)
    OSDbg_SchedRoundRobinEn                  0x08011236   Data           1  os_dbg.o(.constdata)
    OSDbg_Sem                                0x08011238   Data          40  os_dbg.o(.constdata)
    OSDbg_SemEn                              0x08011260   Data           1  os_dbg.o(.constdata)
    OSDbg_SemDelEn                           0x08011261   Data           1  os_dbg.o(.constdata)
    OSDbg_SemPendAbortEn                     0x08011262   Data           1  os_dbg.o(.constdata)
    OSDbg_SemSetEn                           0x08011263   Data           1  os_dbg.o(.constdata)
    OSDbg_SemSize                            0x08011264   Data           2  os_dbg.o(.constdata)
    OSDbg_RdyList                            0x08011266   Data           2  os_dbg.o(.constdata)
    OSDbg_RdyListSize                        0x08011268   Data           4  os_dbg.o(.constdata)
    OSDbg_StkWidth                           0x0801126c   Data           1  os_dbg.o(.constdata)
    OSDbg_StatTaskEn                         0x0801126d   Data           1  os_dbg.o(.constdata)
    OSDbg_StatTaskStkChkEn                   0x0801126e   Data           1  os_dbg.o(.constdata)
    OSDbg_TaskChangePrioEn                   0x0801126f   Data           1  os_dbg.o(.constdata)
    OSDbg_TaskDelEn                          0x08011270   Data           1  os_dbg.o(.constdata)
    OSDbg_TaskQEn                            0x08011271   Data           1  os_dbg.o(.constdata)
    OSDbg_TaskQPendAbortEn                   0x08011272   Data           1  os_dbg.o(.constdata)
    OSDbg_TaskProfileEn                      0x08011273   Data           1  os_dbg.o(.constdata)
    OSDbg_TaskRegTblSize                     0x08011274   Data           2  os_dbg.o(.constdata)
    OSDbg_TaskSemPendAbortEn                 0x08011276   Data           1  os_dbg.o(.constdata)
    OSDbg_TaskSuspendEn                      0x08011277   Data           1  os_dbg.o(.constdata)
    OSDbg_TCBSize                            0x08011278   Data           2  os_dbg.o(.constdata)
    OSDbg_TickSpokeSize                      0x0801127a   Data           2  os_dbg.o(.constdata)
    OSDbg_TimeDlyHMSMEn                      0x0801127c   Data           1  os_dbg.o(.constdata)
    OSDbg_TimeDlyResumeEn                    0x0801127d   Data           1  os_dbg.o(.constdata)
    OSDbg_TLS_TblSize                        0x0801127e   Data           2  os_dbg.o(.constdata)
    OSDbg_Tmr                                0x08011280   Data          52  os_dbg.o(.constdata)
    OSDbg_TmrEn                              0x080112b4   Data           1  os_dbg.o(.constdata)
    OSDbg_TmrDelEn                           0x080112b5   Data           1  os_dbg.o(.constdata)
    OSDbg_TmrSize                            0x080112b6   Data           2  os_dbg.o(.constdata)
    OSDbg_TmrSpokeSize                       0x080112b8   Data           2  os_dbg.o(.constdata)
    OSDbg_VersionNbr                         0x080112ba   Data           2  os_dbg.o(.constdata)
    OSDbg_DataSize                           0x080112bc   Data           4  os_dbg.o(.constdata)
    __mathlib_zero                           0x08011348   Data           8  qnan.o(.constdata)
    Region$$Table$$Base                      0x08011350   Number         0  anon$$obj.o(Region$$Table)
    Region$$Table$$Limit                     0x08011370   Number         0  anon$$obj.o(Region$$Table)
    MKx                                      0x20000004   Data           4  main.o(.data)
    MKy                                      0x20000008   Data           4  main.o(.data)
    MKz                                      0x2000000c   Data           4  main.o(.data)
    SysTick_Count                            0x20000010   Data           4  main.o(.data)
    SysTick_Count1                           0x20000014   Data           4  main.o(.data)
    TimingDelay                              0x20000018   Data           4  main.o(.data)
    WorkTime                                 0x2000001c   Data           4  main.o(.data)
    WorkTimeOutFlag                          0x20000020   Data           1  main.o(.data)
    Temp_Flag                                0x20000021   Data           1  main.o(.data)
    MainPower_Flag                           0x20000022   Data           1  main.o(.data)
    MMA8451_Flag                             0x20000023   Data           1  main.o(.data)
    Time_Count                               0x20000024   Data           4  main.o(.data)
    Old_Temp                                 0x20000028   Data           4  main.o(.data)
    Temp_Count                               0x2000002c   Data           4  main.o(.data)
    Temp_Err_Count                           0x20000030   Data           1  main.o(.data)
    test_count                               0x20000034   Data           4  main.o(.data)
    ad7799_ID                                0x20000038   Data           1  main.o(.data)
    ad7799_status                            0x20000039   Data           1  main.o(.data)
    Modbus_BusyFlag                          0x2000003a   Data           1  modbus.o(.data)
    Modbus_FreeFlag                          0x2000003b   Data           1  modbus.o(.data)
    FactoryResetWord                         0x2000003c   Data           4  modbus.o(.data)
    FactorySetValueWord                      0x20000040   Data           4  modbus.o(.data)
    FactorySetValueWord2                     0x20000044   Data           4  modbus.o(.data)
    SuperModeValueWord2                      0x20000048   Data           4  modbus.o(.data)
    SuperMode_Flag                           0x2000004c   Data           1  modbus.o(.data)
    PA_MV_Data_Filter                        0x20000050   Data           4  spi.o(.data)
    AD779x_Sampling_Complete_Flag0           0x20000054   Data           1  spi.o(.data)
    AD779x_Sampling_Complete_Flag1           0x20000055   Data           1  spi.o(.data)
    ModbusIntervalTime                       0x20000060   Data           1  uart.o(.data)
    USART1_INTERVAL_TIME                     0x20000061   Data           1  uart.o(.data)
    USART1_RX_Len                            0x20000062   Data           1  uart.o(.data)
    USART2_INTERVAL_TIME                     0x20000063   Data           1  uart.o(.data)
    USART2_RX_Len                            0x20000064   Data           1  uart.o(.data)
    USART3_INTERVAL_TIME                     0x20000065   Data           1  uart.o(.data)
    USART3_RX_Len                            0x20000066   Data           1  uart.o(.data)
    Uart1Flag                                0x20000067   Data           1  uart.o(.data)
    Uart2Flag                                0x20000068   Data           1  uart.o(.data)
    Uart3Flag                                0x20000069   Data           1  uart.o(.data)
    OSPrioTbl                                0x20000088   Data           4  os_prio.o(.data)
    OS_AppTaskCreateHookPtr                  0x2000008c   Data           4  os_var.o(.data)
    OS_AppTaskDelHookPtr                     0x20000090   Data           4  os_var.o(.data)
    OS_AppTaskReturnHookPtr                  0x20000094   Data           4  os_var.o(.data)
    OS_AppIdleTaskHookPtr                    0x20000098   Data           4  os_var.o(.data)
    OS_AppStatTaskHookPtr                    0x2000009c   Data           4  os_var.o(.data)
    OS_AppTaskSwHookPtr                      0x200000a0   Data           4  os_var.o(.data)
    OS_AppTimeTickHookPtr                    0x200000a4   Data           4  os_var.o(.data)
    OSIdleTaskCtr                            0x200000a8   Data           4  os_var.o(.data)
    OSIntNestingCtr                          0x200000ac   Data           1  os_var.o(.data)
    OSRunning                                0x200000ad   Data           1  os_var.o(.data)
    OSFlagDbgListPtr                         0x200000b0   Data           4  os_var.o(.data)
    OSFlagQty                                0x200000b4   Data           2  os_var.o(.data)
    OSMemDbgListPtr                          0x200000b8   Data           4  os_var.o(.data)
    OSMemQty                                 0x200000bc   Data           2  os_var.o(.data)
    OSMutexDbgListPtr                        0x200000c0   Data           4  os_var.o(.data)
    OSMutexQty                               0x200000c4   Data           2  os_var.o(.data)
    OSPrioCur                                0x200000c6   Data           1  os_var.o(.data)
    OSPrioHighRdy                            0x200000c7   Data           1  os_var.o(.data)
    OSPrioSaved                              0x200000c8   Data           1  os_var.o(.data)
    OSQDbgListPtr                            0x200000cc   Data           4  os_var.o(.data)
    OSQQty                                   0x200000d0   Data           2  os_var.o(.data)
    OSSchedLockTimeBegin                     0x200000d4   Data           4  os_var.o(.data)
    OSSchedLockTimeMax                       0x200000d8   Data           4  os_var.o(.data)
    OSSchedLockTimeMaxCur                    0x200000dc   Data           4  os_var.o(.data)
    OSSchedLockNestingCtr                    0x200000e0   Data           1  os_var.o(.data)
    OSSchedRoundRobinDfltTimeQuanta          0x200000e4   Data           4  os_var.o(.data)
    OSSchedRoundRobinEn                      0x200000e8   Data           1  os_var.o(.data)
    OSSemDbgListPtr                          0x200000ec   Data           4  os_var.o(.data)
    OSSemQty                                 0x200000f0   Data           2  os_var.o(.data)
    OSStatResetFlag                          0x200000f2   Data           1  os_var.o(.data)
    OSStatTaskCPUUsage                       0x200000f4   Data           2  os_var.o(.data)
    OSStatTaskCPUUsageMax                    0x200000f6   Data           2  os_var.o(.data)
    OSStatTaskCtr                            0x200000f8   Data           4  os_var.o(.data)
    OSStatTaskCtrMax                         0x200000fc   Data           4  os_var.o(.data)
    OSStatTaskCtrRun                         0x20000100   Data           4  os_var.o(.data)
    OSStatTaskRdy                            0x20000104   Data           1  os_var.o(.data)
    OSStatTaskTimeMax                        0x20000108   Data           4  os_var.o(.data)
    OSTaskCtxSwCtr                           0x2000010c   Data           4  os_var.o(.data)
    OSTaskDbgListPtr                         0x20000110   Data           4  os_var.o(.data)
    OSTaskQty                                0x20000114   Data           2  os_var.o(.data)
    OSTaskRegNextAvailID                     0x20000116   Data           1  os_var.o(.data)
    OSTickCtr                                0x20000118   Data           4  os_var.o(.data)
    OSTickTaskTimeMax                        0x2000011c   Data           4  os_var.o(.data)
    OSTmrDbgListPtr                          0x20000120   Data           4  os_var.o(.data)
    OSTmrQty                                 0x20000124   Data           2  os_var.o(.data)
    OSTmrTaskTimeMax                         0x20000128   Data           4  os_var.o(.data)
    OSTmrTickCtr                             0x2000012c   Data           4  os_var.o(.data)
    OSTmrUpdateCnt                           0x20000130   Data           4  os_var.o(.data)
    OSTmrUpdateCtr                           0x20000134   Data           4  os_var.o(.data)
    OSTCBCurPtr                              0x20000138   Data           4  os_var.o(.data)
    OSTCBHighRdyPtr                          0x2000013c   Data           4  os_var.o(.data)
    CPU_TS_TmrFreq_Hz                        0x20000140   Data           4  cpu_core.o(.data)
    OS_CPU_ExceptStkBase                     0x20000144   Data           4  os_cpu_c.o(.data)
    tmr1                                     0x20000418   Data          52  main.o(.bss)
    InstructionTaskTCB                       0x2000044c   Data         196  main.o(.bss)
    CLCWDTTaskTCB                            0x20000d10   Data         196  main.o(.bss)
    PASTaskTCB                               0x20000ed8   Data         196  main.o(.bss)
    TEMPTaskTCB                              0x200013a0   Data         196  main.o(.bss)
    MAINPOWERTaskTCB                         0x20001668   Data         196  main.o(.bss)
    LED0TaskTCB                              0x20001930   Data         196  main.o(.bss)
    LED1TaskTCB                              0x20001af8   Data         196  main.o(.bss)
    IMU_Data                                 0x20001cc0   Data          52  main.o(.bss)
    KeepRegister                             0x20001cf4   Data         176  modbus.o(.bss)
    KeepRegisterTemp                         0x20001da4   Data         176  modbus.o(.bss)
    InputRegister                            0x20001e54   Data          70  modbus.o(.bss)
    InputRegisterTemp                        0x20001e9a   Data          70  modbus.o(.bss)
    ModbusDataPackage                        0x20001ee0   Data         258  modbus.o(.bss)
    USART1_RX                                0x20001fe4   Data         256  uart.o(.bss)
    USART2_RX                                0x200020e4   Data         256  uart.o(.bss)
    USART3_RX                                0x200021e4   Data         256  uart.o(.bss)
    uart1_rbuf                               0x200022e4   Data         264  uart.o(.bss)
    uart2_rbuf                               0x200023ec   Data         264  uart.o(.bss)
    uart3_rbuf                               0x200024f4   Data         264  uart.o(.bss)
    OSCfg_IdleTaskStk                        0x200026e0   Data         512  os_cfg_app.o(.bss)
    OSCfg_ISRStk                             0x200028e0   Data        1024  os_cfg_app.o(.bss)
    OSCfg_MsgPool                            0x20002ce0   Data        1600  os_cfg_app.o(.bss)
    OSCfg_StatTaskStk                        0x20003320   Data         512  os_cfg_app.o(.bss)
    OSCfg_TickTaskStk                        0x20003520   Data         512  os_cfg_app.o(.bss)
    OSCfg_TickWheel                          0x20003720   Data         136  os_cfg_app.o(.bss)
    OSCfg_TmrTaskStk                         0x200037a8   Data         512  os_cfg_app.o(.bss)
    OSCfg_TmrWheel                           0x200039a8   Data         136  os_cfg_app.o(.bss)
    OSIdleTaskTCB                            0x20003a30   Data         196  os_var.o(.bss)
    OSMsgPool                                0x20003af4   Data          12  os_var.o(.bss)
    OSRdyList                                0x20003b00   Data         192  os_var.o(.bss)
    OSStatTaskTCB                            0x20003bc0   Data         196  os_var.o(.bss)
    OSTickTaskTCB                            0x20003c84   Data         196  os_var.o(.bss)
    OSTmrTaskTCB                             0x20003d48   Data         196  os_var.o(.bss)
    CPU_Name                                 0x20003e0c   Data          16  cpu_core.o(.bss)
    __initial_sp                             0x20004a20   Data           0  cstartup.o(STACK)



==============================================================================

Memory Map of the image

  Image Entry point : 0x08008125

  Load Region LR_IROM1 (Base: 0x08008000, Size: 0x000094bc, Max: 0x00018000, ABSOLUTE, COMPRESSED[0x000093a4])

    Execution Region ER_IROM1 (Exec base: 0x08008000, Load base: 0x08008000, Size: 0x00009370, Max: 0x00018000, ABSOLUTE)

    Exec Addr    Load Addr    Size         Type   Attr      Idx    E Section Name        Object

    0x08008000   0x08008000   0x00000124   Data   RO         4989    RESET               cstartup.o
    0x08008124   0x08008124   0x00000000   Code   RO         7234  * .ARM.Collect$$$$00000000  mc_w.l(entry.o)
    0x08008124   0x08008124   0x00000004   Code   RO         7306    .ARM.Collect$$$$00000001  mc_w.l(entry2.o)
    0x08008128   0x08008128   0x00000004   Code   RO         7309    .ARM.Collect$$$$00000004  mc_w.l(entry5.o)
    0x0800812c   0x0800812c   0x00000000   Code   RO         7311    .ARM.Collect$$$$00000008  mc_w.l(entry7b.o)
    0x0800812c   0x0800812c   0x00000000   Code   RO         7313    .ARM.Collect$$$$0000000A  mc_w.l(entry8b.o)
    0x0800812c   0x0800812c   0x00000008   Code   RO         7314    .ARM.Collect$$$$0000000B  mc_w.l(entry9a.o)
    0x08008134   0x08008134   0x00000000   Code   RO         7316    .ARM.Collect$$$$0000000D  mc_w.l(entry10a.o)
    0x08008134   0x08008134   0x00000000   Code   RO         7318    .ARM.Collect$$$$0000000F  mc_w.l(entry11a.o)
    0x08008134   0x08008134   0x00000004   Code   RO         7307    .ARM.Collect$$$$00002712  mc_w.l(entry2.o)
    0x08008138   0x08008138   0x00000018   Code   RO         4990    .text               cstartup.o
    0x08008150   0x08008150   0x00000034   Code   RO         6677    .text               cpu_a.o
    0x08008184   0x08008184   0x00000024   Code   RO         7239    .text               mc_w.l(memcpya.o)
    0x080081a8   0x080081a8   0x00000024   Code   RO         7241    .text               mc_w.l(memseta.o)
    0x080081cc   0x080081cc   0x0000001e   Code   RO         7243    .text               mc_w.l(strncmp.o)
    0x080081ea   0x080081ea   0x000000b0   Code   RO         7247    .text               mf_w.l(fadd.o)
    0x0800829a   0x0800829a   0x00000064   Code   RO         7249    .text               mf_w.l(fmul.o)
    0x080082fe   0x080082fe   0x0000007c   Code   RO         7251    .text               mf_w.l(fdiv.o)
    0x0800837a   0x0800837a   0x0000014e   Code   RO         7253    .text               mf_w.l(dadd.o)
    0x080084c8   0x080084c8   0x000000e4   Code   RO         7255    .text               mf_w.l(dmul.o)
    0x080085ac   0x080085ac   0x000000de   Code   RO         7257    .text               mf_w.l(ddiv.o)
    0x0800868a   0x0800868a   0x00000012   Code   RO         7259    .text               mf_w.l(fflti.o)
    0x0800869c   0x0800869c   0x0000000a   Code   RO         7261    .text               mf_w.l(ffltui.o)
    0x080086a6   0x080086a6   0x00000022   Code   RO         7263    .text               mf_w.l(dflti.o)
    0x080086c8   0x080086c8   0x0000001a   Code   RO         7265    .text               mf_w.l(dfltui.o)
    0x080086e2   0x080086e2   0x00000026   Code   RO         7267    .text               mf_w.l(f2d.o)
    0x08008708   0x08008708   0x00000030   Code   RO         7269    .text               mf_w.l(cdcmple.o)
    0x08008738   0x08008738   0x00000030   Code   RO         7271    .text               mf_w.l(cdrcmple.o)
    0x08008768   0x08008768   0x00000038   Code   RO         7273    .text               mf_w.l(d2f.o)
    0x080087a0   0x080087a0   0x00000014   Code   RO         7275    .text               mf_w.l(cfcmple.o)
    0x080087b4   0x080087b4   0x00000014   Code   RO         7277    .text               mf_w.l(cfrcmple.o)
    0x080087c8   0x080087c8   0x0000001e   Code   RO         7320    .text               mc_w.l(llshl.o)
    0x080087e6   0x080087e6   0x00000020   Code   RO         7322    .text               mc_w.l(llushr.o)
    0x08008806   0x08008806   0x00000024   Code   RO         7324    .text               mc_w.l(llsshr.o)
    0x0800882a   0x0800882a   0x00000000   Code   RO         7333    .text               mc_w.l(iusefp.o)
    0x0800882a   0x0800882a   0x0000006e   Code   RO         7334    .text               mf_w.l(fepilogue.o)
    0x08008898   0x08008898   0x000000ba   Code   RO         7336    .text               mf_w.l(depilogue.o)
    0x08008952   0x08008952   0x0000002e   Code   RO         7338    .text               mf_w.l(dscalb.o)
    0x08008980   0x08008980   0x00000024   Code   RO         7340    .text               mc_w.l(init.o)
    0x080089a4   0x080089a4   0x000000a2   Code   RO         7342    .text               mf_w.l(dsqrt.o)
    0x08008a46   0x08008a46   0x0000003a   Code   RO         7352    .text               mc_w.l(__dczerorl.o)
    0x08008a80   0x08008a80   0x00000084   Code   RO         7143    CODE                os_cpu_a.o
    0x08008b04   0x08008b04   0x00000044   Code   RO          625    i.AD779x_Calibrate  spi.o
    0x08008b48   0x08008b48   0x00000026   Code   RO          626    i.AD779x_Comm       spi.o
    0x08008b6e   0x08008b6e   0x00000002   PAD
    0x08008b70   0x08008b70   0x00000130   Code   RO          627    i.AD779x_ContinuousReadData1  spi.o
    0x08008ca0   0x08008ca0   0x00000010   Code   RO          628    i.AD779x_DataReady  spi.o
    0x08008cb0   0x08008cb0   0x0000004c   Code   RO          629    i.AD779x_Init       spi.o
    0x08008cfc   0x08008cfc   0x0000002e   Code   RO          630    i.AD779x_ReadOffset  spi.o
    0x08008d2a   0x08008d2a   0x0000002e   Code   RO          631    i.AD779x_ReadScale  spi.o
    0x08008d58   0x08008d58   0x00000010   Code   RO          632    i.AD779x_RequestData  spi.o
    0x08008d68   0x08008d68   0x0000001e   Code   RO          633    i.AD779x_Reset      spi.o
    0x08008d86   0x08008d86   0x0000003a   Code   RO          634    i.AD779x_Set        spi.o
    0x08008dc0   0x08008dc0   0x0000002c   Code   RO          635    i.AD779x_SetMode    spi.o
    0x08008dec   0x08008dec   0x00000018   Code   RO          636    i.AD779x_StatusRegisterRead  spi.o
    0x08008e04   0x08008e04   0x00000056   Code   RO          637    i.AD779x_WriteConfig  spi.o
    0x08008e5a   0x08008e5a   0x00000016   Code   RO         1123    i.ADC_Cmd           stm32l1xx_adc.o
    0x08008e70   0x08008e70   0x00000010   Code   RO         1130    i.ADC_DelaySelectionConfig  stm32l1xx_adc.o
    0x08008e80   0x08008e80   0x00000008   Code   RO         1136    i.ADC_GetConversionValue  stm32l1xx_adc.o
    0x08008e88   0x08008e88   0x00000012   Code   RO         1137    i.ADC_GetFlagStatus  stm32l1xx_adc.o
    0x08008e9a   0x08008e9a   0x00000002   PAD
    0x08008e9c   0x08008e9c   0x00000054   Code   RO         1143    i.ADC_Init          stm32l1xx_adc.o
    0x08008ef0   0x08008ef0   0x00000012   Code   RO         1147    i.ADC_PowerDownCmd  stm32l1xx_adc.o
    0x08008f02   0x08008f02   0x00000158   Code   RO         1148    i.ADC_RegularChannelConfig  stm32l1xx_adc.o
    0x0800905a   0x0800905a   0x0000000a   Code   RO         1150    i.ADC_SoftwareStartConv  stm32l1xx_adc.o
    0x08009064   0x08009064   0x0000001a   Code   RO         1152    i.ADC_StructInit    stm32l1xx_adc.o
    0x0800907e   0x0800907e   0x00000002   PAD
    0x08009080   0x08009080   0x000002c0   Code   RO            3    i.AppTaskStart      main.o
    0x08009340   0x08009340   0x0000000e   Code   RO         4824    i.BSP_CPU_ClkFreq   bsp.o
    0x0800934e   0x0800934e   0x00000088   Code   RO         4825    i.BSP_Init          bsp.o
    0x080093d6   0x080093d6   0x00000008   Code   RO         4998    i.BSP_IntDisAll     bsp_int.o
    0x080093de   0x080093de   0x00000002   PAD
    0x080093e0   0x080093e0   0x00000040   Code   RO         5000    i.BSP_IntHandler    bsp_int.o
    0x08009420   0x08009420   0x0000000a   Code   RO         5001    i.BSP_IntHandlerADC1  bsp_int.o
    0x0800942a   0x0800942a   0x0000000a   Code   RO         5002    i.BSP_IntHandlerAES  bsp_int.o
    0x08009434   0x08009434   0x0000000a   Code   RO         5003    i.BSP_IntHandlerCOMP  bsp_int.o
    0x0800943e   0x0800943e   0x0000000a   Code   RO         5004    i.BSP_IntHandlerCOMP_ACQ  bsp_int.o
    0x08009448   0x08009448   0x0000000a   Code   RO         5005    i.BSP_IntHandlerDAC  bsp_int.o
    0x08009452   0x08009452   0x0000000a   Code   RO         5006    i.BSP_IntHandlerDMA1_CH1  bsp_int.o
    0x0800945c   0x0800945c   0x0000000a   Code   RO         5007    i.BSP_IntHandlerDMA1_CH2  bsp_int.o
    0x08009466   0x08009466   0x0000000a   Code   RO         5008    i.BSP_IntHandlerDMA1_CH3  bsp_int.o
    0x08009470   0x08009470   0x0000000a   Code   RO         5009    i.BSP_IntHandlerDMA1_CH4  bsp_int.o
    0x0800947a   0x0800947a   0x0000000a   Code   RO         5010    i.BSP_IntHandlerDMA1_CH5  bsp_int.o
    0x08009484   0x08009484   0x0000000a   Code   RO         5011    i.BSP_IntHandlerDMA1_CH6  bsp_int.o
    0x0800948e   0x0800948e   0x0000000a   Code   RO         5012    i.BSP_IntHandlerDMA1_CH7  bsp_int.o
    0x08009498   0x08009498   0x0000000a   Code   RO         5013    i.BSP_IntHandlerDMA2_CH1  bsp_int.o
    0x080094a2   0x080094a2   0x0000000a   Code   RO         5014    i.BSP_IntHandlerDMA2_CH2  bsp_int.o
    0x080094ac   0x080094ac   0x0000000a   Code   RO         5015    i.BSP_IntHandlerDMA2_CH3  bsp_int.o
    0x080094b6   0x080094b6   0x0000000a   Code   RO         5016    i.BSP_IntHandlerDMA2_CH4  bsp_int.o
    0x080094c0   0x080094c0   0x0000000a   Code   RO         5017    i.BSP_IntHandlerDMA2_CH5  bsp_int.o
    0x080094ca   0x080094ca   0x00000002   Code   RO         5018    i.BSP_IntHandlerDummy  bsp_int.o
    0x080094cc   0x080094cc   0x0000000a   Code   RO         5019    i.BSP_IntHandlerEXTI0  bsp_int.o
    0x080094d6   0x080094d6   0x0000000a   Code   RO         5020    i.BSP_IntHandlerEXTI1  bsp_int.o
    0x080094e0   0x080094e0   0x0000000a   Code   RO         5021    i.BSP_IntHandlerEXTI15_10  bsp_int.o
    0x080094ea   0x080094ea   0x0000000a   Code   RO         5022    i.BSP_IntHandlerEXTI2  bsp_int.o
    0x080094f4   0x080094f4   0x0000000a   Code   RO         5023    i.BSP_IntHandlerEXTI3  bsp_int.o
    0x080094fe   0x080094fe   0x0000000a   Code   RO         5024    i.BSP_IntHandlerEXTI4  bsp_int.o
    0x08009508   0x08009508   0x0000000a   Code   RO         5025    i.BSP_IntHandlerEXTI9_5  bsp_int.o
    0x08009512   0x08009512   0x0000000a   Code   RO         5026    i.BSP_IntHandlerFLASH  bsp_int.o
    0x0800951c   0x0800951c   0x0000000a   Code   RO         5027    i.BSP_IntHandlerI2C1_ER  bsp_int.o
    0x08009526   0x08009526   0x0000000a   Code   RO         5028    i.BSP_IntHandlerI2C1_EV  bsp_int.o
    0x08009530   0x08009530   0x0000000a   Code   RO         5029    i.BSP_IntHandlerI2C2_ER  bsp_int.o
    0x0800953a   0x0800953a   0x0000000a   Code   RO         5030    i.BSP_IntHandlerI2C2_EV  bsp_int.o
    0x08009544   0x08009544   0x0000000a   Code   RO         5031    i.BSP_IntHandlerLCD  bsp_int.o
    0x0800954e   0x0800954e   0x0000000a   Code   RO         5032    i.BSP_IntHandlerPVD  bsp_int.o
    0x08009558   0x08009558   0x0000000a   Code   RO         5033    i.BSP_IntHandlerRCC  bsp_int.o
    0x08009562   0x08009562   0x0000000a   Code   RO         5034    i.BSP_IntHandlerRTCAlarm  bsp_int.o
    0x0800956c   0x0800956c   0x0000000a   Code   RO         5035    i.BSP_IntHandlerRTC_WKUP  bsp_int.o
    0x08009576   0x08009576   0x0000000a   Code   RO         5036    i.BSP_IntHandlerSDIO  bsp_int.o
    0x08009580   0x08009580   0x0000000a   Code   RO         5037    i.BSP_IntHandlerSPI1  bsp_int.o
    0x0800958a   0x0800958a   0x0000000a   Code   RO         5038    i.BSP_IntHandlerSPI2  bsp_int.o
    0x08009594   0x08009594   0x0000000a   Code   RO         5039    i.BSP_IntHandlerSPI3  bsp_int.o
    0x0800959e   0x0800959e   0x0000000a   Code   RO         5040    i.BSP_IntHandlerTAMP_STAMP  bsp_int.o
    0x080095a8   0x080095a8   0x0000000a   Code   RO         5041    i.BSP_IntHandlerTIM10  bsp_int.o
    0x080095b2   0x080095b2   0x0000000a   Code   RO         5042    i.BSP_IntHandlerTIM11  bsp_int.o
    0x080095bc   0x080095bc   0x0000000a   Code   RO         5043    i.BSP_IntHandlerTIM2  bsp_int.o
    0x080095c6   0x080095c6   0x0000000a   Code   RO         5044    i.BSP_IntHandlerTIM3  bsp_int.o
    0x080095d0   0x080095d0   0x0000000a   Code   RO         5045    i.BSP_IntHandlerTIM4  bsp_int.o
    0x080095da   0x080095da   0x0000000a   Code   RO         5046    i.BSP_IntHandlerTIM5  bsp_int.o
    0x080095e4   0x080095e4   0x0000000a   Code   RO         5047    i.BSP_IntHandlerTIM6  bsp_int.o
    0x080095ee   0x080095ee   0x0000000a   Code   RO         5048    i.BSP_IntHandlerTIM7  bsp_int.o
    0x080095f8   0x080095f8   0x0000000a   Code   RO         5049    i.BSP_IntHandlerTIM9  bsp_int.o
    0x08009602   0x08009602   0x0000000a   Code   RO         5050    i.BSP_IntHandlerUART4  bsp_int.o
    0x0800960c   0x0800960c   0x0000000a   Code   RO         5051    i.BSP_IntHandlerUART5  bsp_int.o
    0x08009616   0x08009616   0x00000002   PAD
    0x08009618   0x08009618   0x000000b0   Code   RO          285    i.BSP_IntHandlerUSART1  stm32l1xx_it.o
    0x080096c8   0x080096c8   0x0000000a   Code   RO         5052    i.BSP_IntHandlerUSART2  bsp_int.o
    0x080096d2   0x080096d2   0x0000000a   Code   RO         5053    i.BSP_IntHandlerUSART3  bsp_int.o
    0x080096dc   0x080096dc   0x0000000a   Code   RO         5054    i.BSP_IntHandlerUSB_FS_WKUP  bsp_int.o
    0x080096e6   0x080096e6   0x0000000a   Code   RO         5055    i.BSP_IntHandlerUSB_HP  bsp_int.o
    0x080096f0   0x080096f0   0x0000000a   Code   RO         5056    i.BSP_IntHandlerUSB_LP  bsp_int.o
    0x080096fa   0x080096fa   0x0000000a   Code   RO         5057    i.BSP_IntHandlerWWDG  bsp_int.o
    0x08009704   0x08009704   0x0000001c   Code   RO         5058    i.BSP_IntInit       bsp_int.o
    0x08009720   0x08009720   0x00000034   Code   RO         5060    i.BSP_IntVectSet    bsp_int.o
    0x08009754   0x08009754   0x00000028   Code   RO            4    i.CLCWDT_Task       main.o
    0x0800977c   0x0800977c   0x0000000c   Code   RO         6553    i.CPU_Init          cpu_core.o
    0x08009788   0x08009788   0x00000030   Code   RO         6554    i.CPU_NameClr       cpu_core.o
    0x080097b8   0x080097b8   0x00000008   Code   RO         6556    i.CPU_NameInit      cpu_core.o
    0x080097c0   0x080097c0   0x00000014   Code   RO         6560    i.CPU_TS_Init       cpu_core.o
    0x080097d4   0x080097d4   0x0000000c   Code   RO         6562    i.CPU_TS_TmrFreqSet  cpu_core.o
    0x080097e0   0x080097e0   0x00000034   Code   RO         4827    i.CPU_TS_TmrInit    bsp.o
    0x08009814   0x08009814   0x0000000c   Code   RO         4828    i.CPU_TS_TmrRd      bsp.o
    0x08009820   0x08009820   0x0000003a   Code   RO          375    i.CRC16_Check       modbus.o
    0x0800985a   0x0800985a   0x00000002   PAD
    0x0800985c   0x0800985c   0x00000138   Code   RO          376    i.CTC               modbus.o
    0x08009994   0x08009994   0x0000001a   Code   RO         1940    i.DATA_EEPROM_EraseWord  stm32l1xx_flash.o
    0x080099ae   0x080099ae   0x00000002   PAD
    0x080099b0   0x080099b0   0x00000034   Code   RO         1943    i.DATA_EEPROM_FastProgramWord  stm32l1xx_flash.o
    0x080099e4   0x080099e4   0x00000014   Code   RO         1945    i.DATA_EEPROM_Lock  stm32l1xx_flash.o
    0x080099f8   0x080099f8   0x0000005c   Code   RO         1946    i.DATA_EEPROM_ProgramByte  stm32l1xx_flash.o
    0x08009a54   0x08009a54   0x00000024   Code   RO         1949    i.DATA_EEPROM_Unlock  stm32l1xx_flash.o
    0x08009a78   0x08009a78   0x00000114   Code   RO          519    i.DS18B20_Read_Byte  temp.o
    0x08009b8c   0x08009b8c   0x00000118   Code   RO          520    i.DS18B20_Rst       temp.o
    0x08009ca4   0x08009ca4   0x000000c0   Code   RO          522    i.DS18B20_TEMP      temp.o
    0x08009d64   0x08009d64   0x000000b8   Code   RO          523    i.DS18B20_Write_Byte  temp.o
    0x08009e1c   0x08009e1c   0x00000010   Code   RO          524    i.DS18B20_delayus   temp.o
    0x08009e2c   0x08009e2c   0x0000004c   Code   RO          875    i.EERead            ieeprom.o
    0x08009e78   0x08009e78   0x00000040   Code   RO          876    i.EERead_Z          ieeprom.o
    0x08009eb8   0x08009eb8   0x00000060   Code   RO          877    i.EEWrite           ieeprom.o
    0x08009f18   0x08009f18   0x00000034   Code   RO         1954    i.FLASH_GetStatus   stm32l1xx_flash.o
    0x08009f4c   0x08009f4c   0x00000024   Code   RO         1979    i.FLASH_PrefetchBufferCmd  stm32l1xx_flash.o
    0x08009f70   0x08009f70   0x00000024   Code   RO         1980    i.FLASH_ReadAccess64Cmd  stm32l1xx_flash.o
    0x08009f94   0x08009f94   0x00000018   Code   RO         1982    i.FLASH_SetLatency  stm32l1xx_flash.o
    0x08009fac   0x08009fac   0x00000030   Code   RO         1984    i.FLASH_WaitForLastOperation  stm32l1xx_flash.o
    0x08009fdc   0x08009fdc   0x00000154   Code   RO          377    i.FactoryCalibration  modbus.o
    0x0800a130   0x0800a130   0x0000009c   Code   RO          582    i.GPIO_Configuration  gpio.o
    0x0800a1cc   0x0800a1cc   0x00000084   Code   RO         2333    i.GPIO_Init         stm32l1xx_gpio.o
    0x0800a250   0x0800a250   0x00000046   Code   RO         2334    i.GPIO_PinAFConfig  stm32l1xx_gpio.o
    0x0800a296   0x0800a296   0x00000008   Code   RO          583    i.GPIO_PinReverse   gpio.o
    0x0800a29e   0x0800a29e   0x00000004   Code   RO         2340    i.GPIO_ResetBits    stm32l1xx_gpio.o
    0x0800a2a2   0x0800a2a2   0x00000004   Code   RO         2341    i.GPIO_SetBits      stm32l1xx_gpio.o
    0x0800a2a6   0x0800a2a6   0x00000002   PAD
    0x0800a2a8   0x0800a2a8   0x00000030   Code   RO          924    i.Get_Adc           iadc.o
    0x0800a2d8   0x0800a2d8   0x0000008c   Code   RO          925    i.Get_Adc_Average   iadc.o
    0x0800a364   0x0800a364   0x00000048   Code   RO          378    i.Get_SNInfo_Fun    modbus.o
    0x0800a3ac   0x0800a3ac   0x000000b8   Code   RO          926    i.IADC_Configuration  iadc.o
    0x0800a464   0x0800a464   0x00000284   Code   RO            5    i.Init_Parameter    main.o
    0x0800a6e8   0x0800a6e8   0x00000124   Code   RO          379    i.InputRegistorDataHton  modbus.o
    0x0800a80c   0x0800a80c   0x000001bc   Code   RO          380    i.Instruction_Process_Subfunction  modbus.o
    0x0800a9c8   0x0800a9c8   0x0000009c   Code   RO            6    i.Instruction_Task  main.o
    0x0800aa64   0x0800aa64   0x000001d0   Code   RO          381    i.KeepRegistorDataHton  modbus.o
    0x0800ac34   0x0800ac34   0x00000044   Code   RO            7    i.LED0_Task         main.o
    0x0800ac78   0x0800ac78   0x00000028   Code   RO            8    i.LED1_Task         main.o
    0x0800aca0   0x0800aca0   0x00000d60   Code   RO          497    i.Level_height_conversion  pas.o
    0x0800ba00   0x0800ba00   0x0000006c   Code   RO            9    i.MAINPOWER_Task    main.o
    0x0800ba6c   0x0800ba6c   0x00000012   Code   RO         6869    i.Mem_Clr           lib_mem.o
    0x0800ba7e   0x0800ba7e   0x00000062   Code   RO         6886    i.Mem_Set           lib_mem.o
    0x0800bae0   0x0800bae0   0x00000100   Code   RO          382    i.ModbusFactoryParameterReset  modbus.o
    0x0800bbe0   0x0800bbe0   0x00000128   Code   RO          383    i.ModbusReadInputRegistor  modbus.o
    0x0800bd08   0x0800bd08   0x00000228   Code   RO          384    i.ModbusReadKeepRegistor  modbus.o
    0x0800bf30   0x0800bf30   0x00000048   Code   RO          385    i.ModbusReturnAckInfo  modbus.o
    0x0800bf78   0x0800bf78   0x000000d0   Code   RO          386    i.ModbusSetInitalValue  modbus.o
    0x0800c048   0x0800c048   0x00000138   Code   RO          387    i.ModbusSwitchMode  modbus.o
    0x0800c180   0x0800c180   0x00000238   Code   RO          388    i.ModbusWriteSingleRegistor  modbus.o
    0x0800c3b8   0x0800c3b8   0x00000724   Code   RO          389    i.ModbusWriteSomeRegistor  modbus.o
    0x0800cadc   0x0800cadc   0x00000078   Code   RO          977    i.NVIC_Init         misc.o
    0x0800cb54   0x0800cb54   0x00000014   Code   RO          978    i.NVIC_PriorityGroupConfig  misc.o
    0x0800cb68   0x0800cb68   0x00000002   Code   RO         5401    i.OSCfg_Init        os_cfg_app.o
    0x0800cb6a   0x0800cb6a   0x00000002   PAD
    0x0800cb6c   0x0800cb6c   0x00000014   Code   RO         7146    i.OSIdleTaskHook    os_cpu_c.o
    0x0800cb80   0x0800cb80   0x00000180   Code   RO         5462    i.OSInit            os_core.o
    0x0800cd00   0x0800cd00   0x00000038   Code   RO         7147    i.OSInitHook        os_cpu_c.o
    0x0800cd38   0x0800cd38   0x0000002c   Code   RO         5463    i.OSIntEnter        os_core.o
    0x0800cd64   0x0800cd64   0x000000e4   Code   RO         5464    i.OSIntExit         os_core.o
    0x0800ce48   0x0800ce48   0x000000a8   Code   RO         5465    i.OSSched           os_core.o
    0x0800cef0   0x0800cef0   0x00000074   Code   RO         5466    i.OSSchedLock       os_core.o
    0x0800cf64   0x0800cf64   0x00000064   Code   RO         5467    i.OSSchedRoundRobinCfg  os_core.o
    0x0800cfc8   0x0800cfc8   0x00000094   Code   RO         5469    i.OSSchedUnlock     os_core.o
    0x0800d05c   0x0800d05c   0x00000068   Code   RO         5470    i.OSStart           os_core.o
    0x0800d0c4   0x0800d0c4   0x00000128   Code   RO         6108    i.OSStatReset       os_stat.o
    0x0800d1ec   0x0800d1ec   0x000000f0   Code   RO         6109    i.OSStatTaskCPUUsageInit  os_stat.o
    0x0800d2dc   0x0800d2dc   0x00000014   Code   RO         7148    i.OSStatTaskHook    os_cpu_c.o
    0x0800d2f0   0x0800d2f0   0x000001b4   Code   RO         6139    i.OSTaskCreate      os_task.o
    0x0800d4a4   0x0800d4a4   0x00000018   Code   RO         7149    i.OSTaskCreateHook  os_cpu_c.o
    0x0800d4bc   0x0800d4bc   0x00000068   Code   RO         6146    i.OSTaskResume      os_task.o
    0x0800d524   0x0800d524   0x00000018   Code   RO         7151    i.OSTaskReturnHook  os_cpu_c.o
    0x0800d53c   0x0800d53c   0x000001dc   Code   RO         6147    i.OSTaskSemPend     os_task.o
    0x0800d718   0x0800d718   0x0000003e   Code   RO         6149    i.OSTaskSemPost     os_task.o
    0x0800d756   0x0800d756   0x00000002   PAD
    0x0800d758   0x0800d758   0x000000d4   Code   RO         6151    i.OSTaskStkChk      os_task.o
    0x0800d82c   0x0800d82c   0x000000c0   Code   RO         7152    i.OSTaskStkInit     os_cpu_c.o
    0x0800d8ec   0x0800d8ec   0x00000038   Code   RO         6152    i.OSTaskSuspend     os_task.o
    0x0800d924   0x0800d924   0x00000088   Code   RO         7153    i.OSTaskSwHook      os_cpu_c.o
    0x0800d9ac   0x0800d9ac   0x000000c4   Code   RO         6342    i.OSTimeDly         os_time.o
    0x0800da70   0x0800da70   0x0000019c   Code   RO         6343    i.OSTimeDlyHMSM     os_time.o
    0x0800dc0c   0x0800dc0c   0x0000005c   Code   RO         6346    i.OSTimeTick        os_time.o
    0x0800dc68   0x0800dc68   0x00000014   Code   RO         7154    i.OSTimeTickHook    os_cpu_c.o
    0x0800dc7c   0x0800dc7c   0x000000cc   Code   RO         6378    i.OSTmrCreate       os_tmr.o
    0x0800dd48   0x0800dd48   0x000000b4   Code   RO         6380    i.OSTmrStart        os_tmr.o
    0x0800ddfc   0x0800ddfc   0x00000038   Code   RO         7155    i.OS_CPU_SysTickHandler  os_cpu_c.o
    0x0800de34   0x0800de34   0x00000030   Code   RO         7156    i.OS_CPU_SysTickInit  os_cpu_c.o
    0x0800de64   0x0800de64   0x000001ac   Code   RO         5702    i.OS_Dbg_Init       os_dbg.o
    0x0800e010   0x0800e010   0x00000018   Code   RO         5725    i.OS_FlagInit       os_flag.o
    0x0800e028   0x0800e028   0x00000044   Code   RO         5472    i.OS_IdleTask       os_core.o
    0x0800e06c   0x0800e06c   0x00000070   Code   RO         5473    i.OS_IdleTaskInit   os_core.o
    0x0800e0dc   0x0800e0dc   0x00000018   Code   RO         5799    i.OS_MemInit        os_mem.o
    0x0800e0f4   0x0800e0f4   0x0000007c   Code   RO         5831    i.OS_MsgPoolInit    os_msg.o
    0x0800e170   0x0800e170   0x0000000e   Code   RO         5834    i.OS_MsgQInit       os_msg.o
    0x0800e17e   0x0800e17e   0x00000002   PAD
    0x0800e180   0x0800e180   0x00000018   Code   RO         5873    i.OS_MutexInit      os_mutex.o
    0x0800e198   0x0800e198   0x00000068   Code   RO         5474    i.OS_Pend           os_core.o
    0x0800e200   0x0800e200   0x00000026   Code   RO         5477    i.OS_PendDataInit   os_core.o
    0x0800e226   0x0800e226   0x00000002   PAD
    0x0800e228   0x0800e228   0x0000005c   Code   RO         5478    i.OS_PendDbgNameAdd  os_core.o
    0x0800e284   0x0800e284   0x00000024   Code   RO         5479    i.OS_PendDbgNameRemove  os_core.o
    0x0800e2a8   0x0800e2a8   0x00000066   Code   RO         5483    i.OS_PendListInsertPrio  os_core.o
    0x0800e30e   0x0800e30e   0x00000030   Code   RO         5484    i.OS_PendListRemove  os_core.o
    0x0800e33e   0x0800e33e   0x00000042   Code   RO         5485    i.OS_PendListRemove1  os_core.o
    0x0800e380   0x0800e380   0x000000c0   Code   RO         5488    i.OS_Post           os_core.o
    0x0800e440   0x0800e440   0x0000002a   Code   RO         5489    i.OS_Post1          os_core.o
    0x0800e46a   0x0800e46a   0x00000002   PAD
    0x0800e46c   0x0800e46c   0x00000028   Code   RO         5945    i.OS_PrioGetHighest  os_prio.o
    0x0800e494   0x0800e494   0x00000018   Code   RO         5946    i.OS_PrioInit       os_prio.o
    0x0800e4ac   0x0800e4ac   0x00000024   Code   RO         5947    i.OS_PrioInsert     os_prio.o
    0x0800e4d0   0x0800e4d0   0x00000024   Code   RO         5948    i.OS_PrioRemove     os_prio.o
    0x0800e4f4   0x0800e4f4   0x00000018   Code   RO         5989    i.OS_QInit          os_q.o
    0x0800e50c   0x0800e50c   0x00000024   Code   RO         5490    i.OS_RdyListInit    os_core.o
    0x0800e530   0x0800e530   0x0000002c   Code   RO         5491    i.OS_RdyListInsert  os_core.o
    0x0800e55c   0x0800e55c   0x00000040   Code   RO         5492    i.OS_RdyListInsertHead  os_core.o
    0x0800e59c   0x0800e59c   0x0000003c   Code   RO         5493    i.OS_RdyListInsertTail  os_core.o
    0x0800e5d8   0x0800e5d8   0x00000044   Code   RO         5494    i.OS_RdyListMoveHeadToTail  os_core.o
    0x0800e61c   0x0800e61c   0x0000005c   Code   RO         5495    i.OS_RdyListRemove  os_core.o
    0x0800e678   0x0800e678   0x0000001c   Code   RO         5496    i.OS_SchedLockTimeMeasStart  os_core.o
    0x0800e694   0x0800e694   0x0000003c   Code   RO         5497    i.OS_SchedLockTimeMeasStop  os_core.o
    0x0800e6d0   0x0800e6d0   0x000000d0   Code   RO         5498    i.OS_SchedRoundRobin  os_core.o
    0x0800e7a0   0x0800e7a0   0x00000018   Code   RO         6050    i.OS_SemInit        os_sem.o
    0x0800e7b8   0x0800e7b8   0x000002ec   Code   RO         6110    i.OS_StatTask       os_stat.o
    0x0800eaa4   0x0800eaa4   0x000000cc   Code   RO         6111    i.OS_StatTaskInit   os_stat.o
    0x0800eb70   0x0800eb70   0x00000038   Code   RO         5499    i.OS_TaskBlock      os_core.o
    0x0800eba8   0x0800eba8   0x00000030   Code   RO         6154    i.OS_TaskDbgListAdd  os_task.o
    0x0800ebd8   0x0800ebd8   0x00000020   Code   RO         6156    i.OS_TaskInit       os_task.o
    0x0800ebf8   0x0800ebf8   0x000000cc   Code   RO         6157    i.OS_TaskInitTCB    os_task.o
    0x0800ecc4   0x0800ecc4   0x0000001c   Code   RO         5500    i.OS_TaskRdy        os_core.o
    0x0800ece0   0x0800ece0   0x00000100   Code   RO         6159    i.OS_TaskResume     os_task.o
    0x0800ede0   0x0800ede0   0x00000024   Code   RO         6160    i.OS_TaskReturn     os_task.o
    0x0800ee04   0x0800ee04   0x000001c4   Code   RO         6161    i.OS_TaskSemPost    os_task.o
    0x0800efc8   0x0800efc8   0x00000118   Code   RO         6162    i.OS_TaskSuspend    os_task.o
    0x0800f0e0   0x0800f0e0   0x00000028   Code   RO         6294    i.OS_TickListInit   os_tick.o
    0x0800f108   0x0800f108   0x000001bc   Code   RO         6295    i.OS_TickListInsert  os_tick.o
    0x0800f2c4   0x0800f2c4   0x00000038   Code   RO         6296    i.OS_TickListRemove  os_tick.o
    0x0800f2fc   0x0800f2fc   0x00000024   Code   RO         6297    i.OS_TickListResetPeak  os_tick.o
    0x0800f320   0x0800f320   0x00000188   Code   RO         6298    i.OS_TickListUpdate  os_tick.o
    0x0800f4a8   0x0800f4a8   0x0000002c   Code   RO         6299    i.OS_TickTask       os_tick.o
    0x0800f4d4   0x0800f4d4   0x000000b8   Code   RO         6300    i.OS_TickTaskInit   os_tick.o
    0x0800f58c   0x0800f58c   0x00000028   Code   RO         6384    i.OS_TmrDbgListAdd  os_tmr.o
    0x0800f5b4   0x0800f5b4   0x00000128   Code   RO         6386    i.OS_TmrInit        os_tmr.o
    0x0800f6dc   0x0800f6dc   0x000000d0   Code   RO         6387    i.OS_TmrLink        os_tmr.o
    0x0800f7ac   0x0800f7ac   0x00000024   Code   RO         6388    i.OS_TmrResetPeak   os_tmr.o
    0x0800f7d0   0x0800f7d0   0x000000c0   Code   RO         6389    i.OS_TmrTask        os_tmr.o
    0x0800f890   0x0800f890   0x00000050   Code   RO         6390    i.OS_TmrUnlink      os_tmr.o
    0x0800f8e0   0x0800f8e0   0x00000078   Code   RO           10    i.PAS_Task          main.o
    0x0800f958   0x0800f958   0x00000018   Code   RO         2889    i.PWR_GetFlagStatus  stm32l1xx_pwr.o
    0x0800f970   0x0800f970   0x0000001c   Code   RO         2894    i.PWR_VoltageScalingConfig  stm32l1xx_pwr.o
    0x0800f98c   0x0800f98c   0x00000020   Code   RO         2980    i.RCC_AHBPeriphClockCmd  stm32l1xx_rcc.o
    0x0800f9ac   0x0800f9ac   0x00000020   Code   RO         2983    i.RCC_APB1PeriphClockCmd  stm32l1xx_rcc.o
    0x0800f9cc   0x0800f9cc   0x00000020   Code   RO         2985    i.RCC_APB1PeriphResetCmd  stm32l1xx_rcc.o
    0x0800f9ec   0x0800f9ec   0x00000020   Code   RO         2986    i.RCC_APB2PeriphClockCmd  stm32l1xx_rcc.o
    0x0800fa0c   0x0800fa0c   0x00000020   Code   RO         2988    i.RCC_APB2PeriphResetCmd  stm32l1xx_rcc.o
    0x0800fa2c   0x0800fa2c   0x00000058   Code   RO         2994    i.RCC_DeInit        stm32l1xx_rcc.o
    0x0800fa84   0x0800fa84   0x00000100   Code   RO         2995    i.RCC_GetClocksFreq  stm32l1xx_rcc.o
    0x0800fb84   0x0800fb84   0x00000034   Code   RO         2996    i.RCC_GetFlagStatus  stm32l1xx_rcc.o
    0x0800fbb8   0x0800fbb8   0x00000010   Code   RO         2998    i.RCC_GetSYSCLKSource  stm32l1xx_rcc.o
    0x0800fbc8   0x0800fbc8   0x00000018   Code   RO         2999    i.RCC_HCLKConfig    stm32l1xx_rcc.o
    0x0800fbe0   0x0800fbe0   0x00000010   Code   RO         3000    i.RCC_HSEConfig     stm32l1xx_rcc.o
    0x0800fbf0   0x0800fbf0   0x0000000c   Code   RO         3001    i.RCC_HSICmd        stm32l1xx_rcc.o
    0x0800fbfc   0x0800fbfc   0x00000018   Code   RO         3009    i.RCC_PCLK1Config   stm32l1xx_rcc.o
    0x0800fc14   0x0800fc14   0x00000018   Code   RO         3010    i.RCC_PCLK2Config   stm32l1xx_rcc.o
    0x0800fc2c   0x0800fc2c   0x0000000c   Code   RO         3011    i.RCC_PLLCmd        stm32l1xx_rcc.o
    0x0800fc38   0x0800fc38   0x00000014   Code   RO         3012    i.RCC_PLLConfig     stm32l1xx_rcc.o
    0x0800fc4c   0x0800fc4c   0x00000018   Code   RO         3016    i.RCC_SYSCLKConfig  stm32l1xx_rcc.o
    0x0800fc64   0x0800fc64   0x0000009c   Code   RO          390    i.ResetSoftware     modbus.o
    0x0800fd00   0x0800fd00   0x00000044   Code   RO          639    i.SPI1_CS_Select    spi.o
    0x0800fd44   0x0800fd44   0x00000100   Code   RO          640    i.SPI1_Configuration  spi.o
    0x0800fe44   0x0800fe44   0x0000004c   Code   RO          642    i.SPI1_ReadWriteByte  spi.o
    0x0800fe90   0x0800fe90   0x00000018   Code   RO         3765    i.SPI_Cmd           stm32l1xx_spi.o
    0x0800fea8   0x0800fea8   0x00000058   Code   RO         3772    i.SPI_I2S_DeInit    stm32l1xx_spi.o
    0x0800ff00   0x0800ff00   0x00000012   Code   RO         3773    i.SPI_I2S_GetFlagStatus  stm32l1xx_spi.o
    0x0800ff12   0x0800ff12   0x00000006   Code   RO         3776    i.SPI_I2S_ReceiveData  stm32l1xx_spi.o
    0x0800ff18   0x0800ff18   0x00000004   Code   RO         3777    i.SPI_I2S_SendData  stm32l1xx_spi.o
    0x0800ff1c   0x0800ff1c   0x0000003c   Code   RO         3778    i.SPI_Init          stm32l1xx_spi.o
    0x0800ff58   0x0800ff58   0x0000011c   Code   RO           11    i.TEMP_Task         main.o
    0x08010074   0x08010074   0x00000030   Code   RO          751    i.U485SendData      uart.o
    0x080100a4   0x080100a4   0x00000120   Code   RO          752    i.UART1_Configuration  uart.o
    0x080101c4   0x080101c4   0x00000020   Code   RO          755    i.USART1_ClearBuf_Flag  uart.o
    0x080101e4   0x080101e4   0x00000020   Code   RO          756    i.USART1_GetChar    uart.o
    0x08010204   0x08010204   0x00000034   Code   RO          757    i.USART1_GetCharBlock  uart.o
    0x08010238   0x08010238   0x0000001e   Code   RO         4519    i.USART_ClearITPendingBit  stm32l1xx_usart.o
    0x08010256   0x08010256   0x00000018   Code   RO         4522    i.USART_Cmd         stm32l1xx_usart.o
    0x0801026e   0x0801026e   0x0000001a   Code   RO         4525    i.USART_GetFlagStatus  stm32l1xx_usart.o
    0x08010288   0x08010288   0x00000054   Code   RO         4526    i.USART_GetITStatus  stm32l1xx_usart.o
    0x080102dc   0x080102dc   0x0000004a   Code   RO         4528    i.USART_ITConfig    stm32l1xx_usart.o
    0x08010326   0x08010326   0x00000002   PAD
    0x08010328   0x08010328   0x000000cc   Code   RO         4529    i.USART_Init        stm32l1xx_usart.o
    0x080103f4   0x080103f4   0x00000030   Code   RO          764    i.USART_PutChar     uart.o
    0x08010424   0x08010424   0x00000022   Code   RO          765    i.USART_PutData     uart.o
    0x08010446   0x08010446   0x0000000a   Code   RO         4536    i.USART_ReceiveData  stm32l1xx_usart.o
    0x08010450   0x08010450   0x00000008   Code   RO         4539    i.USART_SendData    stm32l1xx_usart.o
    0x08010458   0x08010458   0x00000028   Code   RO         7293    i.__ARM_fpclassify  m_ws.l(fpclassify.o)
    0x08010480   0x08010480   0x000000aa   Code   RO         7295    i.__kernel_poly     m_ws.l(poly.o)
    0x0801052a   0x0801052a   0x0000002a   Code   RO          391    i.__ltobf           modbus.o
    0x08010554   0x08010554   0x00000010   Code   RO         7279    i.__mathlib_dbl_divzero  m_ws.l(dunder.o)
    0x08010564   0x08010564   0x00000004   Code   RO         7281    i.__mathlib_dbl_infnan2  m_ws.l(dunder.o)
    0x08010568   0x08010568   0x0000000c   Code   RO         7282    i.__mathlib_dbl_invalid  m_ws.l(dunder.o)
    0x08010574   0x08010574   0x0000000e   Code   RO         7283    i.__mathlib_dbl_overflow  m_ws.l(dunder.o)
    0x08010582   0x08010582   0x00000002   PAD
    0x08010584   0x08010584   0x00000010   Code   RO         7285    i.__mathlib_dbl_underflow  m_ws.l(dunder.o)
    0x08010594   0x08010594   0x0000000e   Code   RO         7346    i.__scatterload_copy  mc_w.l(handlers.o)
    0x080105a2   0x080105a2   0x00000002   Code   RO         7347    i.__scatterload_null  mc_w.l(handlers.o)
    0x080105a4   0x080105a4   0x0000000e   Code   RO         7348    i.__scatterload_zeroinit  mc_w.l(handlers.o)
    0x080105b2   0x080105b2   0x00000002   PAD
    0x080105b4   0x080105b4   0x0000000c   Code   RO         7328    i.__set_errno       mc_w.l(errno.o)
    0x080105c0   0x080105c0   0x00000094   Code   RO           12    i.main              main.o
    0x08010654   0x08010654   0x000009d8   Code   RO         7225    i.pow               m_ws.l(pow.o)
    0x0801102c   0x0801102c   0x0000004c   Code   RO         7299    i.sqrt              m_ws.l(sqrt.o)
    0x08011078   0x08011078   0x00000038   Code   RO          956    i.tmr1_callback     timer.o
    0x080110b0   0x080110b0   0x000000a4   Data   RO         5403    .constdata          os_cfg_app.o
    0x08011154   0x08011154   0x0000016c   Data   RO         5703    .constdata          os_dbg.o
    0x080112c0   0x080112c0   0x00000088   Data   RO         7226    .constdata          m_ws.l(pow.o)
    0x08011348   0x08011348   0x00000008   Data   RO         7297    .constdata          m_ws.l(qnan.o)
    0x08011350   0x08011350   0x00000020   Data   RO         7344    Region$$Table       anon$$obj.o


    Execution Region RW_IRAM1 (Exec base: 0x20000000, Load base: 0x08011370, Size: 0x00004a20, Max: 0x00008000, ABSOLUTE, COMPRESSED[0x00000034])

    Exec Addr    Load Addr    Size         Type   Attr      Idx    E Section Name        Object

    0x20000000   COMPRESSED   0x0000003a   Data   RW           14    .data               main.o
    0x2000003a   COMPRESSED   0x00000013   Data   RW          393    .data               modbus.o
    0x2000004d   COMPRESSED   0x00000003   PAD
    0x20000050   COMPRESSED   0x00000010   Data   RW          643    .data               spi.o
    0x20000060   COMPRESSED   0x0000000a   Data   RW          769    .data               uart.o
    0x2000006a   COMPRESSED   0x00000002   Data   RW          957    .data               timer.o
    0x2000006c   COMPRESSED   0x00000019   Data   RW         3018    .data               stm32l1xx_rcc.o
    0x20000085   COMPRESSED   0x00000003   PAD
    0x20000088   COMPRESSED   0x00000004   Data   RW         5949    .data               os_prio.o
    0x2000008c   COMPRESSED   0x000000b4   Data   RW         6463    .data               os_var.o
    0x20000140   COMPRESSED   0x00000004   Data   RW         6566    .data               cpu_core.o
    0x20000144   COMPRESSED   0x00000004   Data   RW         7157    .data               os_cpu_c.o
    0x20000148   COMPRESSED   0x00000004   Data   RW         7329    .data               mc_w.l(errno.o)
    0x2000014c   COMPRESSED   0x00000004   PAD
    0x20000150        -       0x00001ba4   Zero   RW           13    .bss                main.o
    0x20001cf4        -       0x000002ee   Zero   RW          392    .bss                modbus.o
    0x20001fe2   COMPRESSED   0x00000002   PAD
    0x20001fe4        -       0x00000618   Zero   RW          768    .bss                uart.o
    0x200025fc        -       0x000000e4   Zero   RW         5061    .bss                bsp_int.o
    0x200026e0        -       0x00001350   Zero   RW         5402    .bss                os_cfg_app.o
    0x20003a30        -       0x000003dc   Zero   RW         6462    .bss                os_var.o
    0x20003e0c        -       0x00000010   Zero   RW         6564    .bss                cpu_core.o
    0x20003e1c   COMPRESSED   0x00000004   PAD
    0x20003e20        -       0x00000c00   Zero   RW         4987    STACK               cstartup.o


==============================================================================

Image component sizes


      Code (inc. data)   RO Data    RW Data    ZI Data      Debug   Object Name

       214         14          0          0          0      22286   bsp.o
       714         16          0          0        228      28393   bsp_int.o
         0          0          0          0          0      18363   bsp_os.o
        52          0          0          0          0        328   cpu_a.o
       100         18          0          4         16      11754   cpu_core.o
        24          6        292          0       3072        640   cstartup.o
       164          8          0          0          0       1319   gpio.o
       372         28          0          0          0       1873   iadc.o
       236         18          0          0          0       2018   ieeprom.o
       116          0          0          0          0       1856   lib_mem.o
      2312        356          0         58       7076     260718   main.o
       140         24          0          0          0     237823   misc.o
      6272        250          0         19        750      18929   modbus.o
         2          0        164          0       4944      29491   os_cfg_app.o
      2936        404          0          0          0      19156   os_core.o
       132         32          0          0          0        368   os_cpu_a.o
       596         62          0          4          0       7161   os_cpu_c.o
       428        280        364          0          0       4733   os_dbg.o
        24         10          0          0          0        814   os_flag.o
        24         10          0          0          0        813   os_mem.o
       138         14          0          0          0       1607   os_msg.o
        24         10          0          0          0        815   os_mutex.o
       136         16          0          4          0       2654   os_prio.o
        24         10          0          0          0        807   os_q.o
        24         10          0          0          0        805   os_sem.o
      1488        192          0          0          0       3747   os_stat.o
      2654        140          0          0          0      10694   os_task.o
      1196        116          0          0          0       5177   os_tick.o
       700         56          0          0          0       2845   os_time.o
      1236        162          0          0          0       6286   os_tmr.o
         0          0          0        180        988      18101   os_var.o
      3424         94          0          0          0       1730   pas.o
      1252         78          0         16          0       9369   spi.o
       546         10          0          0          0       6356   stm32l1xx_adc.o
       422         46          0          0          0       5936   stm32l1xx_flash.o
       210          0          0          0          0       2639   stm32l1xx_gpio.o
       176         16          0          0          0        923   stm32l1xx_it.o
        52          8          0          0          0       1059   stm32l1xx_pwr.o
       728        116          0         25          0      10553   stm32l1xx_rcc.o
       200         12          0          0          0       3523   stm32l1xx_spi.o
       460          6          0          0          0       5599   stm32l1xx_usart.o
       948         20          0          0          0       2992   temp.o
        56         14          0          2          0        444   timer.o
       534         48          0         10       1560       6278   uart.o

    ----------------------------------------------------------------------
     31514       2730        852        328      18640     779775   Object Totals
         0          0         32          0          0          0   (incl. Generated)
        28          0          0          6          6          0   (incl. Padding)

    ----------------------------------------------------------------------

      Code (inc. data)   RO Data    RW Data    ZI Data      Debug   Library Member Name

        62         10          0          0          0        340   dunder.o
        40          0          0          0          0         68   fpclassify.o
       170          0          0          0          0         96   poly.o
      2520        190        136          0          0        324   pow.o
         0          0          8          0          0          0   qnan.o
        76          0          0          0          0         84   sqrt.o
        58          0          0          0          0          0   __dczerorl.o
         0          0          0          0          0          0   entry.o
         0          0          0          0          0          0   entry10a.o
         0          0          0          0          0          0   entry11a.o
         8          4          0          0          0          0   entry2.o
         4          0          0          0          0          0   entry5.o
         0          0          0          0          0          0   entry7b.o
         0          0          0          0          0          0   entry8b.o
         8          4          0          0          0          0   entry9a.o
        12          6          0          4          0         68   errno.o
        30          0          0          0          0          0   handlers.o
        36          8          0          0          0         68   init.o
         0          0          0          0          0          0   iusefp.o
        30          0          0          0          0         68   llshl.o
        36          0          0          0          0         68   llsshr.o
        32          0          0          0          0         68   llushr.o
        36          0          0          0          0         68   memcpya.o
        36          0          0          0          0        108   memseta.o
        30          0          0          0          0         80   strncmp.o
        48          0          0          0          0         68   cdcmple.o
        48          0          0          0          0         68   cdrcmple.o
        20          0          0          0          0         68   cfcmple.o
        20          0          0          0          0         68   cfrcmple.o
        56          0          0          0          0         88   d2f.o
       334          0          0          0          0        148   dadd.o
       222          0          0          0          0        100   ddiv.o
       186          0          0          0          0        176   depilogue.o
        34          0          0          0          0         76   dflti.o
        26          0          0          0          0         76   dfltui.o
       228          0          0          0          0         96   dmul.o
        46          0          0          0          0         80   dscalb.o
       162          0          0          0          0        100   dsqrt.o
        38          0          0          0          0         68   f2d.o
       176          0          0          0          0        140   fadd.o
       124          0          0          0          0         88   fdiv.o
       110          0          0          0          0        168   fepilogue.o
        18          0          0          0          0         68   fflti.o
        10          0          0          0          0         68   ffltui.o
       100          0          0          0          0         76   fmul.o

    ----------------------------------------------------------------------
      5234        222        144          4          4       3396   Library Totals
         4          0          0          0          4          0   (incl. Padding)

    ----------------------------------------------------------------------

      Code (inc. data)   RO Data    RW Data    ZI Data      Debug   Library Name

      2868        200        144          0          0        912   m_ws.l
       356         22          0          4          0        596   mc_w.l
      2006          0          0          0          0       1888   mf_w.l

    ----------------------------------------------------------------------
      5234        222        144          4          4       3396   Library Totals

    ----------------------------------------------------------------------

==============================================================================


      Code (inc. data)   RO Data    RW Data    ZI Data      Debug   

     36748       2952        996        332      18644     767075   Grand Totals
     36748       2952        996         52      18644     767075   ELF Image Totals (compressed)
     36748       2952        996         52          0          0   ROM Totals

==============================================================================

    Total RO  Size (Code + RO Data)                37744 (  36.86kB)
    Total RW  Size (RW Data + ZI Data)             18976 (  18.53kB)
    Total ROM Size (Code + RO Data + RW Data)      37796 (  36.91kB)

==============================================================================

