Component: ARM Compiler 5.06 update 6 (build 750) Tool: armlink [4d35ed]

==============================================================================

Section Cross References

    main.o(i.Delay) refers to main.o(.data) for .data
    main.o(i.Init_Hardware) refers to misc.o(i.NVIC_PriorityGroupConfig) for NVIC_PriorityGroupConfig
    main.o(i.Init_Hardware) refers to main.o(i.Init_SysTick) for Init_SysTick
    main.o(i.Init_Hardware) refers to gpio.o(i.GPIO_Configuration) for GPIO_Configuration
    main.o(i.Init_Hardware) refers to uart.o(i.UART1_Configuration) for UART1_Configuration
    main.o(i.Init_Hardware) refers to main.o(i.Delay) for Delay
    main.o(i.Init_Parameter) refers to main.o(i.Delay) for Delay
    main.o(i.Init_Parameter) refers to ieeprom.o(i.EERead) for EERead
    main.o(i.Init_Parameter) refers to modbus.o(i.Get_SNInfo_Fun) for Get_SNInfo_Fun
    main.o(i.Init_Parameter) refers to main.o(.bss) for .bss
    main.o(i.Init_Parameter) refers to main.o(.data) for .data
    main.o(i.Init_SysTick) refers to main.o(i.NVIC_SetPriority) for NVIC_SetPriority
    main.o(i.Init_SysTick) refers to main.o(.bss) for .bss
    main.o(i.main) refers to stm32l1xx_rcc.o(i.RCC_GetClocksFreq) for RCC_GetClocksFreq
    main.o(i.main) refers to main.o(i.Init_Hardware) for Init_Hardware
    main.o(i.main) refers to main.o(i.Init_Parameter) for Init_Parameter
    main.o(i.main) refers to iap.o(i.Wait_Commend) for Wait_Commend
    main.o(i.main) refers to iap.o(i.iap_load_app) for iap_load_app
    main.o(i.main) refers to iap.o(i.Update_Firmware) for Update_Firmware
    main.o(i.main) refers to main.o(.bss) for .bss
    main.o(i.main) refers to main.o(.data) for .data
    stm32l1xx_it.o(i.SysTick_Handler) refers to main.o(.data) for TimingDelay
    stm32l1xx_it.o(i.USART1_IRQHandler) refers to stm32l1xx_usart.o(i.USART_GetITStatus) for USART_GetITStatus
    stm32l1xx_it.o(i.USART1_IRQHandler) refers to stm32l1xx_usart.o(i.USART_ReceiveData) for USART_ReceiveData
    stm32l1xx_it.o(i.USART1_IRQHandler) refers to stm32l1xx_usart.o(i.USART_ClearITPendingBit) for USART_ClearITPendingBit
    stm32l1xx_it.o(i.USART1_IRQHandler) refers to uart.o(.bss) for uart1_rbuf
    stm32l1xx_it.o(i.USART1_IRQHandler) refers to modbus.o(.bss) for ModbusDataPackage
    iap.o(i.ClearUsartBuf) refers to uart.o(i.USART1_ClearBuf_Flag) for USART1_ClearBuf_Flag
    iap.o(i.ClearUsartBuf) refers to modbus.o(.bss) for ModbusDataPackage
    iap.o(i.Re_BootLoader_Info) refers to modbus.o(i.CRC16_Check) for CRC16_Check
    iap.o(i.Re_BootLoader_Info) refers to uart.o(i.U485SendData) for U485SendData
    iap.o(i.Re_BootLoader_Info) refers to iap.o(i.ClearUsartBuf) for ClearUsartBuf
    iap.o(i.Re_BootLoader_Info) refers to main.o(.bss) for BL_Data
    iap.o(i.Re_BootLoader_Update) refers to ieeprom.o(i.EEWrite) for EEWrite
    iap.o(i.Re_BootLoader_Update) refers to modbus.o(i.CRC16_Check) for CRC16_Check
    iap.o(i.Re_BootLoader_Update) refers to uart.o(i.U485SendData) for U485SendData
    iap.o(i.Re_BootLoader_Update) refers to iap.o(i.ClearUsartBuf) for ClearUsartBuf
    iap.o(i.Re_BootLoader_Update) refers to main.o(.data) for Update_Firmware_Flag
    iap.o(i.Re_BootLoader_Update) refers to main.o(.bss) for BL_Data
    iap.o(i.Update_Firmware) refers to memseta.o(.text) for __aeabi_memclr4
    iap.o(i.Update_Firmware) refers to main.o(i.Delay) for Delay
    iap.o(i.Update_Firmware) refers to uart.o(i.USART1_GetChar) for USART1_GetChar
    iap.o(i.Update_Firmware) refers to modbus.o(i.CRC16_Check) for CRC16_Check
    iap.o(i.Update_Firmware) refers to uart.o(i.U485SendData) for U485SendData
    iap.o(i.Update_Firmware) refers to iap.o(i.ClearUsartBuf) for ClearUsartBuf
    iap.o(i.Update_Firmware) refers to iap.o(i.Re_BootLoader_Info) for Re_BootLoader_Info
    iap.o(i.Update_Firmware) refers to iflash.o(i.FLASH_Page_Erase) for FLASH_Page_Erase
    iap.o(i.Update_Firmware) refers to iflash.o(i.Write_4NByte_to_Flash) for Write_4NByte_to_Flash
    iap.o(i.Update_Firmware) refers to ieeprom.o(i.EEWrite) for EEWrite
    iap.o(i.Update_Firmware) refers to iap.o(i.iap_load_app) for iap_load_app
    iap.o(i.Update_Firmware) refers to modbus.o(.bss) for ModbusDataPackage
    iap.o(i.Update_Firmware) refers to main.o(.bss) for BL_Data
    iap.o(i.Wait_Commend) refers to main.o(i.Delay) for Delay
    iap.o(i.Wait_Commend) refers to uart.o(i.USART1_GetChar) for USART1_GetChar
    iap.o(i.Wait_Commend) refers to modbus.o(i.CRC16_Check) for CRC16_Check
    iap.o(i.Wait_Commend) refers to iap.o(i.Re_BootLoader_Info) for Re_BootLoader_Info
    iap.o(i.Wait_Commend) refers to iap.o(i.ClearUsartBuf) for ClearUsartBuf
    iap.o(i.Wait_Commend) refers to iap.o(i.Re_BootLoader_Update) for Re_BootLoader_Update
    iap.o(i.Wait_Commend) refers to modbus.o(.bss) for ModbusDataPackage
    iap.o(i.Wait_Commend) refers to main.o(.bss) for BL_Data
    iap.o(i.iap_load_app) refers to iap.o(.emb_text) for MSR_MSP
    iap.o(i.iap_load_app) refers to iap.o(.data) for .data
    modbus.o(i.Get_SNInfo_Fun) refers to memseta.o(.text) for __aeabi_memclr4
    modbus.o(i.Get_SNInfo_Fun) refers to ieeprom.o(i.EERead) for EERead
    modbus.o(i.Get_SNInfo_Fun) refers to ieeprom.o(i.EEWrite) for EEWrite
    modbus.o(i.Get_SNInfo_Fun) refers to modbus.o(.constdata) for .constdata
    modbus.o(i.Get_SNInfo_Fun) refers to main.o(.bss) for BL_Data
    gpio.o(i.GPIO_Configuration) refers to stm32l1xx_rcc.o(i.RCC_AHBPeriphClockCmd) for RCC_AHBPeriphClockCmd
    gpio.o(i.GPIO_Configuration) refers to stm32l1xx_gpio.o(i.GPIO_Init) for GPIO_Init
    ieeprom.o(i.EEErase) refers to memseta.o(.text) for __aeabi_memclr4
    ieeprom.o(i.EEErase) refers to ieeprom.o(i.EEWrite) for EEWrite
    ieeprom.o(i.EERead) refers to stm32l1xx_flash.o(i.DATA_EEPROM_Unlock) for DATA_EEPROM_Unlock
    ieeprom.o(i.EERead) refers to stm32l1xx_flash.o(i.FLASH_GetStatus) for FLASH_GetStatus
    ieeprom.o(i.EERead) refers to stm32l1xx_flash.o(i.DATA_EEPROM_Lock) for DATA_EEPROM_Lock
    ieeprom.o(i.EEWrite) refers to stm32l1xx_flash.o(i.DATA_EEPROM_Unlock) for DATA_EEPROM_Unlock
    ieeprom.o(i.EEWrite) refers to stm32l1xx_flash.o(i.FLASH_GetStatus) for FLASH_GetStatus
    ieeprom.o(i.EEWrite) refers to stm32l1xx_flash.o(i.DATA_EEPROM_Lock) for DATA_EEPROM_Lock
    ieeprom.o(i.Read_EEPROM) refers to stm32l1xx_flash.o(i.DATA_EEPROM_Unlock) for DATA_EEPROM_Unlock
    ieeprom.o(i.Read_EEPROM) refers to stm32l1xx_flash.o(i.FLASH_GetStatus) for FLASH_GetStatus
    ieeprom.o(i.Read_EEPROM) refers to stm32l1xx_flash.o(i.DATA_EEPROM_Lock) for DATA_EEPROM_Lock
    ieeprom.o(i.Write_EEPROM) refers to stm32l1xx_flash.o(i.DATA_EEPROM_Unlock) for DATA_EEPROM_Unlock
    ieeprom.o(i.Write_EEPROM) refers to stm32l1xx_flash.o(i.FLASH_GetStatus) for FLASH_GetStatus
    ieeprom.o(i.Write_EEPROM) refers to stm32l1xx_flash.o(i.DATA_EEPROM_ProgramByte) for DATA_EEPROM_ProgramByte
    ieeprom.o(i.Write_EEPROM) refers to stm32l1xx_flash.o(i.DATA_EEPROM_Lock) for DATA_EEPROM_Lock
    iflash.o(i.FLASH_If_Erase) refers to stm32l1xx_flash.o(i.FLASH_ErasePage) for FLASH_ErasePage
    iflash.o(i.FLASH_If_Init) refers to stm32l1xx_flash.o(i.FLASH_Unlock) for FLASH_Unlock
    iflash.o(i.FLASH_If_Init) refers to stm32l1xx_flash.o(i.FLASH_ClearFlag) for FLASH_ClearFlag
    iflash.o(i.FLASH_Page_Erase) refers to iflash.o(i.FLASH_If_Init) for FLASH_If_Init
    iflash.o(i.FLASH_Page_Erase) refers to stm32l1xx_flash.o(i.FLASH_ErasePage) for FLASH_ErasePage
    iflash.o(i.FLASH_Page_Erase) refers to stm32l1xx_flash.o(i.FLASH_Lock) for FLASH_Lock
    iflash.o(i.FLASH_Test) refers to memseta.o(.text) for __aeabi_memclr4
    iflash.o(i.FLASH_Test) refers to iflash.o(i.FLASH_Page_Erase) for FLASH_Page_Erase
    iflash.o(i.FLASH_Test) refers to iflash.o(i.Read_4NByte_From_Flash) for Read_4NByte_From_Flash
    iflash.o(i.FLASH_Test) refers to iflash.o(i.Write_4NByte_to_Flash) for Write_4NByte_to_Flash
    iflash.o(i.Write_4NByte_to_Flash) refers to iflash.o(i.FLASH_If_Init) for FLASH_If_Init
    iflash.o(i.Write_4NByte_to_Flash) refers to stm32l1xx_flash.o(i.FLASH_FastProgramWord) for FLASH_FastProgramWord
    iflash.o(i.Write_4NByte_to_Flash) refers to stm32l1xx_flash.o(i.FLASH_Lock) for FLASH_Lock
    uart.o(i.U485SendData) refers to uart.o(i.USART_PutData) for USART_PutData
    uart.o(i.UART1_Configuration) refers to misc.o(i.NVIC_Init) for NVIC_Init
    uart.o(i.UART1_Configuration) refers to stm32l1xx_rcc.o(i.RCC_APB2PeriphClockCmd) for RCC_APB2PeriphClockCmd
    uart.o(i.UART1_Configuration) refers to stm32l1xx_gpio.o(i.GPIO_PinAFConfig) for GPIO_PinAFConfig
    uart.o(i.UART1_Configuration) refers to stm32l1xx_gpio.o(i.GPIO_Init) for GPIO_Init
    uart.o(i.UART1_Configuration) refers to stm32l1xx_usart.o(i.USART_Init) for USART_Init
    uart.o(i.UART1_Configuration) refers to stm32l1xx_usart.o(i.USART_ITConfig) for USART_ITConfig
    uart.o(i.UART1_Configuration) refers to stm32l1xx_usart.o(i.USART_ClearFlag) for USART_ClearFlag
    uart.o(i.UART1_Configuration) refers to stm32l1xx_usart.o(i.USART_Cmd) for USART_Cmd
    uart.o(i.USART1_ClearBuf_Flag) refers to uart.o(.bss) for .bss
    uart.o(i.USART1_ClearBuf_Flag) refers to uart.o(.data) for .data
    uart.o(i.USART1_GetChar) refers to uart.o(i.USART1_GetCharBlock) for USART1_GetCharBlock
    uart.o(i.USART1_GetChar) refers to uart.o(.bss) for .bss
    uart.o(i.USART1_GetCharBlock) refers to uart.o(.bss) for .bss
    uart.o(i.USART_PutChar) refers to stm32l1xx_usart.o(i.USART_GetFlagStatus) for USART_GetFlagStatus
    uart.o(i.USART_PutChar) refers to stm32l1xx_usart.o(i.USART_SendData) for USART_SendData
    uart.o(i.USART_PutData) refers to uart.o(i.USART_PutChar) for USART_PutChar
    uart.o(i.USART_PutS) refers to uart.o(i.USART_PutChar) for USART_PutChar
    uart.o(i.fputc) refers to uart.o(i.USART_PutChar) for USART_PutChar
    stm32l1xx_flash.o(i.DATA_EEPROM_EraseByte) refers to stm32l1xx_flash.o(i.FLASH_WaitForLastOperation) for FLASH_WaitForLastOperation
    stm32l1xx_flash.o(i.DATA_EEPROM_EraseHalfWord) refers to stm32l1xx_flash.o(i.FLASH_WaitForLastOperation) for FLASH_WaitForLastOperation
    stm32l1xx_flash.o(i.DATA_EEPROM_EraseWord) refers to stm32l1xx_flash.o(i.FLASH_WaitForLastOperation) for FLASH_WaitForLastOperation
    stm32l1xx_flash.o(i.DATA_EEPROM_FastProgramByte) refers to stm32l1xx_flash.o(i.FLASH_WaitForLastOperation) for FLASH_WaitForLastOperation
    stm32l1xx_flash.o(i.DATA_EEPROM_FastProgramByte) refers to stm32l1xx_flash.o(i.DATA_EEPROM_EraseWord) for DATA_EEPROM_EraseWord
    stm32l1xx_flash.o(i.DATA_EEPROM_FastProgramByte) refers to stm32l1xx_flash.o(i.DATA_EEPROM_FastProgramWord) for DATA_EEPROM_FastProgramWord
    stm32l1xx_flash.o(i.DATA_EEPROM_FastProgramHalfWord) refers to stm32l1xx_flash.o(i.FLASH_WaitForLastOperation) for FLASH_WaitForLastOperation
    stm32l1xx_flash.o(i.DATA_EEPROM_FastProgramHalfWord) refers to stm32l1xx_flash.o(i.DATA_EEPROM_EraseWord) for DATA_EEPROM_EraseWord
    stm32l1xx_flash.o(i.DATA_EEPROM_FastProgramHalfWord) refers to stm32l1xx_flash.o(i.DATA_EEPROM_FastProgramWord) for DATA_EEPROM_FastProgramWord
    stm32l1xx_flash.o(i.DATA_EEPROM_FastProgramHalfWord) refers to stm32l1xx_flash.o(i.DATA_EEPROM_FastProgramByte) for DATA_EEPROM_FastProgramByte
    stm32l1xx_flash.o(i.DATA_EEPROM_FastProgramWord) refers to stm32l1xx_flash.o(i.FLASH_WaitForLastOperation) for FLASH_WaitForLastOperation
    stm32l1xx_flash.o(i.DATA_EEPROM_ProgramByte) refers to stm32l1xx_flash.o(i.FLASH_WaitForLastOperation) for FLASH_WaitForLastOperation
    stm32l1xx_flash.o(i.DATA_EEPROM_ProgramByte) refers to stm32l1xx_flash.o(i.DATA_EEPROM_EraseWord) for DATA_EEPROM_EraseWord
    stm32l1xx_flash.o(i.DATA_EEPROM_ProgramByte) refers to stm32l1xx_flash.o(i.DATA_EEPROM_FastProgramWord) for DATA_EEPROM_FastProgramWord
    stm32l1xx_flash.o(i.DATA_EEPROM_ProgramHalfWord) refers to stm32l1xx_flash.o(i.FLASH_WaitForLastOperation) for FLASH_WaitForLastOperation
    stm32l1xx_flash.o(i.DATA_EEPROM_ProgramHalfWord) refers to stm32l1xx_flash.o(i.DATA_EEPROM_EraseWord) for DATA_EEPROM_EraseWord
    stm32l1xx_flash.o(i.DATA_EEPROM_ProgramHalfWord) refers to stm32l1xx_flash.o(i.DATA_EEPROM_FastProgramWord) for DATA_EEPROM_FastProgramWord
    stm32l1xx_flash.o(i.DATA_EEPROM_ProgramHalfWord) refers to stm32l1xx_flash.o(i.DATA_EEPROM_FastProgramByte) for DATA_EEPROM_FastProgramByte
    stm32l1xx_flash.o(i.DATA_EEPROM_ProgramWord) refers to stm32l1xx_flash.o(i.FLASH_WaitForLastOperation) for FLASH_WaitForLastOperation
    stm32l1xx_flash.o(i.FLASH_ErasePage) refers to stm32l1xx_flash.o(i.FLASH_WaitForLastOperation) for FLASH_WaitForLastOperation
    stm32l1xx_flash.o(i.FLASH_FastProgramWord) refers to stm32l1xx_flash.o(i.FLASH_WaitForLastOperation) for FLASH_WaitForLastOperation
    stm32l1xx_flash.o(i.FLASH_OB_BORConfig) refers to stm32l1xx_flash.o(i.FLASH_WaitForLastOperation) for FLASH_WaitForLastOperation
    stm32l1xx_flash.o(i.FLASH_OB_BootConfig) refers to stm32l1xx_flash.o(i.FLASH_WaitForLastOperation) for FLASH_WaitForLastOperation
    stm32l1xx_flash.o(i.FLASH_OB_PCROP1Config) refers to stm32l1xx_flash.o(i.FLASH_WaitForLastOperation) for FLASH_WaitForLastOperation
    stm32l1xx_flash.o(i.FLASH_OB_PCROPConfig) refers to stm32l1xx_flash.o(i.FLASH_WaitForLastOperation) for FLASH_WaitForLastOperation
    stm32l1xx_flash.o(i.FLASH_OB_PCROPSelectionConfig) refers to stm32l1xx_flash.o(i.FLASH_WaitForLastOperation) for FLASH_WaitForLastOperation
    stm32l1xx_flash.o(i.FLASH_OB_RDPConfig) refers to stm32l1xx_flash.o(i.FLASH_WaitForLastOperation) for FLASH_WaitForLastOperation
    stm32l1xx_flash.o(i.FLASH_OB_Unlock) refers to stm32l1xx_flash.o(i.DATA_EEPROM_Unlock) for DATA_EEPROM_Unlock
    stm32l1xx_flash.o(i.FLASH_OB_UserConfig) refers to stm32l1xx_flash.o(i.FLASH_WaitForLastOperation) for FLASH_WaitForLastOperation
    stm32l1xx_flash.o(i.FLASH_OB_WRP1Config) refers to stm32l1xx_flash.o(i.FLASH_WaitForLastOperation) for FLASH_WaitForLastOperation
    stm32l1xx_flash.o(i.FLASH_OB_WRP2Config) refers to stm32l1xx_flash.o(i.FLASH_WaitForLastOperation) for FLASH_WaitForLastOperation
    stm32l1xx_flash.o(i.FLASH_OB_WRP3Config) refers to stm32l1xx_flash.o(i.FLASH_WaitForLastOperation) for FLASH_WaitForLastOperation
    stm32l1xx_flash.o(i.FLASH_OB_WRPConfig) refers to stm32l1xx_flash.o(i.FLASH_WaitForLastOperation) for FLASH_WaitForLastOperation
    stm32l1xx_flash.o(i.FLASH_Unlock) refers to stm32l1xx_flash.o(i.DATA_EEPROM_Unlock) for DATA_EEPROM_Unlock
    stm32l1xx_flash.o(i.FLASH_WaitForLastOperation) refers to stm32l1xx_flash.o(i.FLASH_GetStatus) for FLASH_GetStatus
    stm32l1xx_flash_ramfunc.o(i.DATA_EEPROM_EraseDoubleWord) refers to stm32l1xx_flash_ramfunc.o(i.WaitForLastOperation) for WaitForLastOperation
    stm32l1xx_flash_ramfunc.o(i.DATA_EEPROM_ProgramDoubleWord) refers to stm32l1xx_flash_ramfunc.o(i.WaitForLastOperation) for WaitForLastOperation
    stm32l1xx_flash_ramfunc.o(i.FLASH_EraseParallelPage) refers to stm32l1xx_flash_ramfunc.o(i.WaitForLastOperation) for WaitForLastOperation
    stm32l1xx_flash_ramfunc.o(i.FLASH_ProgramHalfPage) refers to stm32l1xx_flash_ramfunc.o(i.WaitForLastOperation) for WaitForLastOperation
    stm32l1xx_flash_ramfunc.o(i.FLASH_ProgramParallelHalfPage) refers to stm32l1xx_flash_ramfunc.o(i.WaitForLastOperation) for WaitForLastOperation
    stm32l1xx_flash_ramfunc.o(i.WaitForLastOperation) refers to stm32l1xx_flash_ramfunc.o(i.GetStatus) for GetStatus
    stm32l1xx_gpio.o(i.GPIO_DeInit) refers to stm32l1xx_rcc.o(i.RCC_AHBPeriphResetCmd) for RCC_AHBPeriphResetCmd
    stm32l1xx_pwr.o(i.PWR_DeInit) refers to stm32l1xx_rcc.o(i.RCC_APB1PeriphResetCmd) for RCC_APB1PeriphResetCmd
    stm32l1xx_rcc.o(i.RCC_GetClocksFreq) refers to stm32l1xx_rcc.o(.data) for .data
    stm32l1xx_rcc.o(i.RCC_WaitForHSEStartUp) refers to stm32l1xx_rcc.o(i.RCC_GetFlagStatus) for RCC_GetFlagStatus
    stm32l1xx_syscfg.o(i.SYSCFG_DeInit) refers to stm32l1xx_rcc.o(i.RCC_APB2PeriphResetCmd) for RCC_APB2PeriphResetCmd
    stm32l1xx_tim.o(i.TIM_DeInit) refers to stm32l1xx_rcc.o(i.RCC_APB1PeriphResetCmd) for RCC_APB1PeriphResetCmd
    stm32l1xx_tim.o(i.TIM_DeInit) refers to stm32l1xx_rcc.o(i.RCC_APB2PeriphResetCmd) for RCC_APB2PeriphResetCmd
    stm32l1xx_tim.o(i.TIM_ETRClockMode1Config) refers to stm32l1xx_tim.o(i.TIM_ETRConfig) for TIM_ETRConfig
    stm32l1xx_tim.o(i.TIM_ETRClockMode2Config) refers to stm32l1xx_tim.o(i.TIM_ETRConfig) for TIM_ETRConfig
    stm32l1xx_tim.o(i.TIM_ICInit) refers to stm32l1xx_tim.o(i.TIM_SetIC4Prescaler) for TIM_SetIC4Prescaler
    stm32l1xx_tim.o(i.TIM_ICInit) refers to stm32l1xx_tim.o(i.TI1_Config) for TI1_Config
    stm32l1xx_tim.o(i.TIM_ICInit) refers to stm32l1xx_tim.o(i.TIM_SetIC1Prescaler) for TIM_SetIC1Prescaler
    stm32l1xx_tim.o(i.TIM_ICInit) refers to stm32l1xx_tim.o(i.TI2_Config) for TI2_Config
    stm32l1xx_tim.o(i.TIM_ICInit) refers to stm32l1xx_tim.o(i.TIM_SetIC2Prescaler) for TIM_SetIC2Prescaler
    stm32l1xx_tim.o(i.TIM_ICInit) refers to stm32l1xx_tim.o(i.TIM_SetIC3Prescaler) for TIM_SetIC3Prescaler
    stm32l1xx_tim.o(i.TIM_ITRxExternalClockConfig) refers to stm32l1xx_tim.o(i.TIM_SelectInputTrigger) for TIM_SelectInputTrigger
    stm32l1xx_tim.o(i.TIM_PWMIConfig) refers to stm32l1xx_tim.o(i.TI2_Config) for TI2_Config
    stm32l1xx_tim.o(i.TIM_PWMIConfig) refers to stm32l1xx_tim.o(i.TIM_SetIC2Prescaler) for TIM_SetIC2Prescaler
    stm32l1xx_tim.o(i.TIM_PWMIConfig) refers to stm32l1xx_tim.o(i.TI1_Config) for TI1_Config
    stm32l1xx_tim.o(i.TIM_PWMIConfig) refers to stm32l1xx_tim.o(i.TIM_SetIC1Prescaler) for TIM_SetIC1Prescaler
    stm32l1xx_tim.o(i.TIM_TIxExternalClockConfig) refers to stm32l1xx_tim.o(i.TI1_Config) for TI1_Config
    stm32l1xx_tim.o(i.TIM_TIxExternalClockConfig) refers to stm32l1xx_tim.o(i.TIM_SelectInputTrigger) for TIM_SelectInputTrigger
    stm32l1xx_tim.o(i.TIM_TIxExternalClockConfig) refers to stm32l1xx_tim.o(i.TI2_Config) for TI2_Config
    stm32l1xx_usart.o(i.USART_DeInit) refers to stm32l1xx_rcc.o(i.RCC_APB2PeriphResetCmd) for RCC_APB2PeriphResetCmd
    stm32l1xx_usart.o(i.USART_DeInit) refers to stm32l1xx_rcc.o(i.RCC_APB1PeriphResetCmd) for RCC_APB1PeriphResetCmd
    stm32l1xx_usart.o(i.USART_Init) refers to stm32l1xx_rcc.o(i.RCC_GetClocksFreq) for RCC_GetClocksFreq
    stm32l1xx_wwdg.o(i.WWDG_DeInit) refers to stm32l1xx_rcc.o(i.RCC_APB1PeriphResetCmd) for RCC_APB1PeriphResetCmd
    system_stm32l1xx.o(i.SystemCoreClockUpdate) refers to system_stm32l1xx.o(.data) for .data
    system_stm32l1xx.o(i.SystemInit) refers to system_stm32l1xx.o(i.SetSysClock) for SetSysClock
    startup_stm32l1xx_md.o(RESET) refers to startup_stm32l1xx_md.o(STACK) for __initial_sp
    startup_stm32l1xx_md.o(RESET) refers to startup_stm32l1xx_md.o(.text) for Reset_Handler
    startup_stm32l1xx_md.o(RESET) refers to stm32l1xx_it.o(i.NMI_Handler) for NMI_Handler
    startup_stm32l1xx_md.o(RESET) refers to stm32l1xx_it.o(i.HardFault_Handler) for HardFault_Handler
    startup_stm32l1xx_md.o(RESET) refers to stm32l1xx_it.o(i.MemManage_Handler) for MemManage_Handler
    startup_stm32l1xx_md.o(RESET) refers to stm32l1xx_it.o(i.BusFault_Handler) for BusFault_Handler
    startup_stm32l1xx_md.o(RESET) refers to stm32l1xx_it.o(i.UsageFault_Handler) for UsageFault_Handler
    startup_stm32l1xx_md.o(RESET) refers to stm32l1xx_it.o(i.SVC_Handler) for SVC_Handler
    startup_stm32l1xx_md.o(RESET) refers to stm32l1xx_it.o(i.DebugMon_Handler) for DebugMon_Handler
    startup_stm32l1xx_md.o(RESET) refers to stm32l1xx_it.o(i.PendSV_Handler) for PendSV_Handler
    startup_stm32l1xx_md.o(RESET) refers to stm32l1xx_it.o(i.SysTick_Handler) for SysTick_Handler
    startup_stm32l1xx_md.o(RESET) refers to stm32l1xx_it.o(i.USART1_IRQHandler) for USART1_IRQHandler
    startup_stm32l1xx_md.o(.text) refers to system_stm32l1xx.o(i.SystemInit) for SystemInit
    startup_stm32l1xx_md.o(.text) refers to entry.o(.ARM.Collect$$$$00000000) for __main
    entry.o(.ARM.Collect$$$$00000000) refers (Special) to entry10a.o(.ARM.Collect$$$$0000000D) for __rt_final_cpp
    entry.o(.ARM.Collect$$$$00000000) refers (Special) to entry11a.o(.ARM.Collect$$$$0000000F) for __rt_final_exit
    entry.o(.ARM.Collect$$$$00000000) refers (Special) to entry7b.o(.ARM.Collect$$$$00000008) for _main_clock
    entry.o(.ARM.Collect$$$$00000000) refers (Special) to entry8b.o(.ARM.Collect$$$$0000000A) for _main_cpp_init
    entry.o(.ARM.Collect$$$$00000000) refers (Special) to entry9a.o(.ARM.Collect$$$$0000000B) for _main_init
    entry.o(.ARM.Collect$$$$00000000) refers (Special) to entry5.o(.ARM.Collect$$$$00000004) for _main_scatterload
    entry.o(.ARM.Collect$$$$00000000) refers (Special) to entry2.o(.ARM.Collect$$$$00000001) for _main_stk
    entry2.o(.ARM.Collect$$$$00000001) refers to entry2.o(.ARM.Collect$$$$00002712) for __lit__00000000
    entry2.o(.ARM.Collect$$$$00002712) refers to startup_stm32l1xx_md.o(STACK) for __initial_sp
    entry2.o(__vectab_stack_and_reset_area) refers to startup_stm32l1xx_md.o(STACK) for __initial_sp
    entry2.o(__vectab_stack_and_reset_area) refers to entry.o(.ARM.Collect$$$$00000000) for __main
    entry5.o(.ARM.Collect$$$$00000004) refers to init.o(.text) for __scatterload
    entry9a.o(.ARM.Collect$$$$0000000B) refers to main.o(i.main) for main
    entry9b.o(.ARM.Collect$$$$0000000C) refers to main.o(i.main) for main
    init.o(.text) refers to entry5.o(.ARM.Collect$$$$00000004) for __main_after_scatterload


==============================================================================

Removing Unused input sections from the image.

    Removing main.o(.rev16_text), (4 bytes).
    Removing main.o(.revsh_text), (4 bytes).
    Removing main.o(.constdata), (4 bytes).
    Removing main.o(.data), (4 bytes).
    Removing stm32l1xx_it.o(.rev16_text), (4 bytes).
    Removing stm32l1xx_it.o(.revsh_text), (4 bytes).
    Removing iap.o(.rev16_text), (4 bytes).
    Removing iap.o(.revsh_text), (4 bytes).
    Removing modbus.o(.rev16_text), (4 bytes).
    Removing modbus.o(.revsh_text), (4 bytes).
    Removing gpio.o(.rev16_text), (4 bytes).
    Removing gpio.o(.revsh_text), (4 bytes).
    Removing gpio.o(i.GPIO_PinReverse), (8 bytes).
    Removing ieeprom.o(.rev16_text), (4 bytes).
    Removing ieeprom.o(.revsh_text), (4 bytes).
    Removing ieeprom.o(i.EEErase), (40 bytes).
    Removing ieeprom.o(i.Read_EEPROM), (40 bytes).
    Removing ieeprom.o(i.Write_EEPROM), (48 bytes).
    Removing iflash.o(.rev16_text), (4 bytes).
    Removing iflash.o(.revsh_text), (4 bytes).
    Removing iflash.o(i.FLASH_If_Erase), (44 bytes).
    Removing iflash.o(i.FLASH_Test), (128 bytes).
    Removing iflash.o(i.Read_2NByte_From_Flash), (24 bytes).
    Removing iflash.o(i.Read_4NByte_From_Flash), (20 bytes).
    Removing iflash.o(i.Read_NByte_From_Flash), (20 bytes).
    Removing iflash.o(.data), (1 bytes).
    Removing uart.o(.rev16_text), (4 bytes).
    Removing uart.o(.revsh_text), (4 bytes).
    Removing uart.o(i.USART_PutS), (24 bytes).
    Removing uart.o(i.fputc), (20 bytes).
    Removing misc.o(.rev16_text), (4 bytes).
    Removing misc.o(.revsh_text), (4 bytes).
    Removing misc.o(i.NVIC_SetVectorTable), (20 bytes).
    Removing misc.o(i.NVIC_SystemLPConfig), (24 bytes).
    Removing misc.o(i.SysTick_CLKSourceConfig), (24 bytes).
    Removing stm32l1xx_comp.o(.rev16_text), (4 bytes).
    Removing stm32l1xx_comp.o(.revsh_text), (4 bytes).
    Removing stm32l1xx_comp.o(i.COMP_Cmd), (28 bytes).
    Removing stm32l1xx_comp.o(i.COMP_DeInit), (12 bytes).
    Removing stm32l1xx_comp.o(i.COMP_GetOutputLevel), (32 bytes).
    Removing stm32l1xx_comp.o(i.COMP_Init), (36 bytes).
    Removing stm32l1xx_comp.o(i.COMP_SW1SwitchConfig), (28 bytes).
    Removing stm32l1xx_comp.o(i.COMP_VrefintOutputCmd), (28 bytes).
    Removing stm32l1xx_comp.o(i.COMP_WindowCmd), (28 bytes).
    Removing stm32l1xx_crc.o(.rev16_text), (4 bytes).
    Removing stm32l1xx_crc.o(.revsh_text), (4 bytes).
    Removing stm32l1xx_crc.o(i.CRC_CalcBlockCRC), (28 bytes).
    Removing stm32l1xx_crc.o(i.CRC_CalcCRC), (12 bytes).
    Removing stm32l1xx_crc.o(i.CRC_GetCRC), (12 bytes).
    Removing stm32l1xx_crc.o(i.CRC_GetIDRegister), (12 bytes).
    Removing stm32l1xx_crc.o(i.CRC_ResetDR), (12 bytes).
    Removing stm32l1xx_crc.o(i.CRC_SetIDRegister), (12 bytes).
    Removing stm32l1xx_dbgmcu.o(.rev16_text), (4 bytes).
    Removing stm32l1xx_dbgmcu.o(.revsh_text), (4 bytes).
    Removing stm32l1xx_dbgmcu.o(i.DBGMCU_APB1PeriphConfig), (24 bytes).
    Removing stm32l1xx_dbgmcu.o(i.DBGMCU_APB2PeriphConfig), (24 bytes).
    Removing stm32l1xx_dbgmcu.o(i.DBGMCU_Config), (24 bytes).
    Removing stm32l1xx_dbgmcu.o(i.DBGMCU_GetDEVID), (16 bytes).
    Removing stm32l1xx_dbgmcu.o(i.DBGMCU_GetREVID), (12 bytes).
    Removing stm32l1xx_dma.o(.rev16_text), (4 bytes).
    Removing stm32l1xx_dma.o(.revsh_text), (4 bytes).
    Removing stm32l1xx_dma.o(i.DMA_ClearFlag), (24 bytes).
    Removing stm32l1xx_dma.o(i.DMA_ClearITPendingBit), (24 bytes).
    Removing stm32l1xx_dma.o(i.DMA_Cmd), (22 bytes).
    Removing stm32l1xx_dma.o(i.DMA_DeInit), (228 bytes).
    Removing stm32l1xx_dma.o(i.DMA_GetCurrDataCounter), (6 bytes).
    Removing stm32l1xx_dma.o(i.DMA_GetFlagStatus), (32 bytes).
    Removing stm32l1xx_dma.o(i.DMA_GetITStatus), (32 bytes).
    Removing stm32l1xx_dma.o(i.DMA_ITConfig), (16 bytes).
    Removing stm32l1xx_dma.o(i.DMA_Init), (58 bytes).
    Removing stm32l1xx_dma.o(i.DMA_SetCurrDataCounter), (4 bytes).
    Removing stm32l1xx_dma.o(i.DMA_StructInit), (26 bytes).
    Removing stm32l1xx_exti.o(.rev16_text), (4 bytes).
    Removing stm32l1xx_exti.o(.revsh_text), (4 bytes).
    Removing stm32l1xx_exti.o(i.EXTI_ClearFlag), (12 bytes).
    Removing stm32l1xx_exti.o(i.EXTI_ClearITPendingBit), (12 bytes).
    Removing stm32l1xx_exti.o(i.EXTI_DeInit), (36 bytes).
    Removing stm32l1xx_exti.o(i.EXTI_GenerateSWInterrupt), (16 bytes).
    Removing stm32l1xx_exti.o(i.EXTI_GetFlagStatus), (20 bytes).
    Removing stm32l1xx_exti.o(i.EXTI_GetITStatus), (20 bytes).
    Removing stm32l1xx_exti.o(i.EXTI_Init), (112 bytes).
    Removing stm32l1xx_exti.o(i.EXTI_StructInit), (14 bytes).
    Removing stm32l1xx_flash.o(.rev16_text), (4 bytes).
    Removing stm32l1xx_flash.o(.revsh_text), (4 bytes).
    Removing stm32l1xx_flash.o(i.DATA_EEPROM_EraseByte), (22 bytes).
    Removing stm32l1xx_flash.o(i.DATA_EEPROM_EraseHalfWord), (22 bytes).
    Removing stm32l1xx_flash.o(i.DATA_EEPROM_EraseWord), (22 bytes).
    Removing stm32l1xx_flash.o(i.DATA_EEPROM_FastProgramByte), (84 bytes).
    Removing stm32l1xx_flash.o(i.DATA_EEPROM_FastProgramHalfWord), (112 bytes).
    Removing stm32l1xx_flash.o(i.DATA_EEPROM_FastProgramWord), (48 bytes).
    Removing stm32l1xx_flash.o(i.DATA_EEPROM_FixedTimeProgramCmd), (28 bytes).
    Removing stm32l1xx_flash.o(i.DATA_EEPROM_ProgramByte), (70 bytes).
    Removing stm32l1xx_flash.o(i.DATA_EEPROM_ProgramHalfWord), (96 bytes).
    Removing stm32l1xx_flash.o(i.DATA_EEPROM_ProgramWord), (34 bytes).
    Removing stm32l1xx_flash.o(i.FLASH_GetFlagStatus), (20 bytes).
    Removing stm32l1xx_flash.o(i.FLASH_ITConfig), (24 bytes).
    Removing stm32l1xx_flash.o(i.FLASH_OB_BORConfig), (56 bytes).
    Removing stm32l1xx_flash.o(i.FLASH_OB_BootConfig), (56 bytes).
    Removing stm32l1xx_flash.o(i.FLASH_OB_GetBOR), (16 bytes).
    Removing stm32l1xx_flash.o(i.FLASH_OB_GetRDP), (20 bytes).
    Removing stm32l1xx_flash.o(i.FLASH_OB_GetSPRMOD), (20 bytes).
    Removing stm32l1xx_flash.o(i.FLASH_OB_GetUser), (16 bytes).
    Removing stm32l1xx_flash.o(i.FLASH_OB_GetWRP), (12 bytes).
    Removing stm32l1xx_flash.o(i.FLASH_OB_GetWRP1), (12 bytes).
    Removing stm32l1xx_flash.o(i.FLASH_OB_GetWRP2), (12 bytes).
    Removing stm32l1xx_flash.o(i.FLASH_OB_GetWRP3), (12 bytes).
    Removing stm32l1xx_flash.o(i.FLASH_OB_Launch), (16 bytes).
    Removing stm32l1xx_flash.o(i.FLASH_OB_Lock), (16 bytes).
    Removing stm32l1xx_flash.o(i.FLASH_OB_PCROP1Config), (84 bytes).
    Removing stm32l1xx_flash.o(i.FLASH_OB_PCROPConfig), (84 bytes).
    Removing stm32l1xx_flash.o(i.FLASH_OB_PCROPSelectionConfig), (48 bytes).
    Removing stm32l1xx_flash.o(i.FLASH_OB_RDPConfig), (52 bytes).
    Removing stm32l1xx_flash.o(i.FLASH_OB_Unlock), (40 bytes).
    Removing stm32l1xx_flash.o(i.FLASH_OB_UserConfig), (60 bytes).
    Removing stm32l1xx_flash.o(i.FLASH_OB_WRP1Config), (84 bytes).
    Removing stm32l1xx_flash.o(i.FLASH_OB_WRP2Config), (84 bytes).
    Removing stm32l1xx_flash.o(i.FLASH_OB_WRP3Config), (88 bytes).
    Removing stm32l1xx_flash.o(i.FLASH_OB_WRPConfig), (84 bytes).
    Removing stm32l1xx_flash.o(i.FLASH_PrefetchBufferCmd), (28 bytes).
    Removing stm32l1xx_flash.o(i.FLASH_ReadAccess64Cmd), (28 bytes).
    Removing stm32l1xx_flash.o(i.FLASH_SLEEPPowerDownCmd), (28 bytes).
    Removing stm32l1xx_flash.o(i.FLASH_SetLatency), (20 bytes).
    Removing stm32l1xx_flash_ramfunc.o(.rev16_text), (4 bytes).
    Removing stm32l1xx_flash_ramfunc.o(.revsh_text), (4 bytes).
    Removing stm32l1xx_flash_ramfunc.o(i.DATA_EEPROM_EraseDoubleWord), (96 bytes).
    Removing stm32l1xx_flash_ramfunc.o(i.DATA_EEPROM_ProgramDoubleWord), (100 bytes).
    Removing stm32l1xx_flash_ramfunc.o(i.FLASH_EraseParallelPage), (92 bytes).
    Removing stm32l1xx_flash_ramfunc.o(i.FLASH_ProgramHalfPage), (112 bytes).
    Removing stm32l1xx_flash_ramfunc.o(i.FLASH_ProgramParallelHalfPage), (172 bytes).
    Removing stm32l1xx_flash_ramfunc.o(i.FLASH_RUNPowerDownCmd), (64 bytes).
    Removing stm32l1xx_flash_ramfunc.o(i.GetStatus), (40 bytes).
    Removing stm32l1xx_flash_ramfunc.o(i.WaitForLastOperation), (58 bytes).
    Removing stm32l1xx_gpio.o(.rev16_text), (4 bytes).
    Removing stm32l1xx_gpio.o(.revsh_text), (4 bytes).
    Removing stm32l1xx_gpio.o(i.GPIO_DeInit), (204 bytes).
    Removing stm32l1xx_gpio.o(i.GPIO_PinLockConfig), (24 bytes).
    Removing stm32l1xx_gpio.o(i.GPIO_ReadInputData), (4 bytes).
    Removing stm32l1xx_gpio.o(i.GPIO_ReadInputDataBit), (14 bytes).
    Removing stm32l1xx_gpio.o(i.GPIO_ReadOutputData), (4 bytes).
    Removing stm32l1xx_gpio.o(i.GPIO_ReadOutputDataBit), (14 bytes).
    Removing stm32l1xx_gpio.o(i.GPIO_ResetBits), (4 bytes).
    Removing stm32l1xx_gpio.o(i.GPIO_SetBits), (4 bytes).
    Removing stm32l1xx_gpio.o(i.GPIO_StructInit), (18 bytes).
    Removing stm32l1xx_gpio.o(i.GPIO_ToggleBits), (8 bytes).
    Removing stm32l1xx_gpio.o(i.GPIO_Write), (4 bytes).
    Removing stm32l1xx_gpio.o(i.GPIO_WriteBit), (10 bytes).
    Removing stm32l1xx_iwdg.o(.rev16_text), (4 bytes).
    Removing stm32l1xx_iwdg.o(.revsh_text), (4 bytes).
    Removing stm32l1xx_iwdg.o(i.IWDG_Enable), (16 bytes).
    Removing stm32l1xx_iwdg.o(i.IWDG_GetFlagStatus), (20 bytes).
    Removing stm32l1xx_iwdg.o(i.IWDG_ReloadCounter), (16 bytes).
    Removing stm32l1xx_iwdg.o(i.IWDG_SetPrescaler), (12 bytes).
    Removing stm32l1xx_iwdg.o(i.IWDG_SetReload), (12 bytes).
    Removing stm32l1xx_iwdg.o(i.IWDG_WriteAccessCmd), (12 bytes).
    Removing stm32l1xx_opamp.o(.rev16_text), (4 bytes).
    Removing stm32l1xx_opamp.o(.revsh_text), (4 bytes).
    Removing stm32l1xx_opamp.o(i.OPAMP_Cmd), (24 bytes).
    Removing stm32l1xx_opamp.o(i.OPAMP_DeInit), (40 bytes).
    Removing stm32l1xx_opamp.o(i.OPAMP_GetFlagStatus), (40 bytes).
    Removing stm32l1xx_opamp.o(i.OPAMP_LowPowerCmd), (28 bytes).
    Removing stm32l1xx_opamp.o(i.OPAMP_OffsetTrimConfig), (116 bytes).
    Removing stm32l1xx_opamp.o(i.OPAMP_OffsetTrimLowPowerConfig), (116 bytes).
    Removing stm32l1xx_opamp.o(i.OPAMP_OffsetTrimmingModeSelect), (24 bytes).
    Removing stm32l1xx_opamp.o(i.OPAMP_PowerRangeSelect), (24 bytes).
    Removing stm32l1xx_opamp.o(i.OPAMP_SwitchCmd), (24 bytes).
    Removing stm32l1xx_pwr.o(.rev16_text), (4 bytes).
    Removing stm32l1xx_pwr.o(.revsh_text), (4 bytes).
    Removing stm32l1xx_pwr.o(i.PWR_ClearFlag), (16 bytes).
    Removing stm32l1xx_pwr.o(i.PWR_DeInit), (24 bytes).
    Removing stm32l1xx_pwr.o(i.PWR_EnterLowPowerRunMode), (44 bytes).
    Removing stm32l1xx_pwr.o(i.PWR_EnterSTANDBYMode), (32 bytes).
    Removing stm32l1xx_pwr.o(i.PWR_EnterSTOPMode), (52 bytes).
    Removing stm32l1xx_pwr.o(i.PWR_EnterSleepMode), (48 bytes).
    Removing stm32l1xx_pwr.o(i.PWR_FastWakeUpCmd), (12 bytes).
    Removing stm32l1xx_pwr.o(i.PWR_GetFlagStatus), (20 bytes).
    Removing stm32l1xx_pwr.o(i.PWR_PVDCmd), (12 bytes).
    Removing stm32l1xx_pwr.o(i.PWR_PVDLevelConfig), (20 bytes).
    Removing stm32l1xx_pwr.o(i.PWR_RTCAccessCmd), (12 bytes).
    Removing stm32l1xx_pwr.o(i.PWR_UltraLowPowerCmd), (12 bytes).
    Removing stm32l1xx_pwr.o(i.PWR_VoltageScalingConfig), (24 bytes).
    Removing stm32l1xx_pwr.o(i.PWR_WakeUpPinCmd), (16 bytes).
    Removing stm32l1xx_rcc.o(.rev16_text), (4 bytes).
    Removing stm32l1xx_rcc.o(.revsh_text), (4 bytes).
    Removing stm32l1xx_rcc.o(i.RCC_AHBPeriphClockLPModeCmd), (24 bytes).
    Removing stm32l1xx_rcc.o(i.RCC_AHBPeriphResetCmd), (24 bytes).
    Removing stm32l1xx_rcc.o(i.RCC_APB1PeriphClockCmd), (24 bytes).
    Removing stm32l1xx_rcc.o(i.RCC_APB1PeriphClockLPModeCmd), (24 bytes).
    Removing stm32l1xx_rcc.o(i.RCC_APB1PeriphResetCmd), (24 bytes).
    Removing stm32l1xx_rcc.o(i.RCC_APB2PeriphClockLPModeCmd), (24 bytes).
    Removing stm32l1xx_rcc.o(i.RCC_APB2PeriphResetCmd), (24 bytes).
    Removing stm32l1xx_rcc.o(i.RCC_AdjustHSICalibrationValue), (20 bytes).
    Removing stm32l1xx_rcc.o(i.RCC_AdjustMSICalibrationValue), (12 bytes).
    Removing stm32l1xx_rcc.o(i.RCC_ClearFlag), (16 bytes).
    Removing stm32l1xx_rcc.o(i.RCC_ClearITPendingBit), (12 bytes).
    Removing stm32l1xx_rcc.o(i.RCC_ClockSecuritySystemCmd), (12 bytes).
    Removing stm32l1xx_rcc.o(i.RCC_DeInit), (68 bytes).
    Removing stm32l1xx_rcc.o(i.RCC_GetFlagStatus), (40 bytes).
    Removing stm32l1xx_rcc.o(i.RCC_GetITStatus), (20 bytes).
    Removing stm32l1xx_rcc.o(i.RCC_GetSYSCLKSource), (16 bytes).
    Removing stm32l1xx_rcc.o(i.RCC_HCLKConfig), (20 bytes).
    Removing stm32l1xx_rcc.o(i.RCC_HSEConfig), (16 bytes).
    Removing stm32l1xx_rcc.o(i.RCC_HSICmd), (12 bytes).
    Removing stm32l1xx_rcc.o(i.RCC_ITConfig), (24 bytes).
    Removing stm32l1xx_rcc.o(i.RCC_LSEClockSecuritySystemCmd), (12 bytes).
    Removing stm32l1xx_rcc.o(i.RCC_LSEConfig), (16 bytes).
    Removing stm32l1xx_rcc.o(i.RCC_LSICmd), (12 bytes).
    Removing stm32l1xx_rcc.o(i.RCC_MCOConfig), (12 bytes).
    Removing stm32l1xx_rcc.o(i.RCC_MSICmd), (12 bytes).
    Removing stm32l1xx_rcc.o(i.RCC_MSIRangeConfig), (20 bytes).
    Removing stm32l1xx_rcc.o(i.RCC_PCLK1Config), (20 bytes).
    Removing stm32l1xx_rcc.o(i.RCC_PCLK2Config), (20 bytes).
    Removing stm32l1xx_rcc.o(i.RCC_PLLCmd), (12 bytes).
    Removing stm32l1xx_rcc.o(i.RCC_PLLConfig), (16 bytes).
    Removing stm32l1xx_rcc.o(i.RCC_RTCCLKCmd), (12 bytes).
    Removing stm32l1xx_rcc.o(i.RCC_RTCCLKConfig), (52 bytes).
    Removing stm32l1xx_rcc.o(i.RCC_RTCResetCmd), (12 bytes).
    Removing stm32l1xx_rcc.o(i.RCC_SYSCLKConfig), (20 bytes).
    Removing stm32l1xx_rcc.o(i.RCC_WaitForHSEStartUp), (44 bytes).
    Removing stm32l1xx_syscfg.o(.rev16_text), (4 bytes).
    Removing stm32l1xx_syscfg.o(.revsh_text), (4 bytes).
    Removing stm32l1xx_syscfg.o(i.SYSCFG_DeInit), (22 bytes).
    Removing stm32l1xx_syscfg.o(i.SYSCFG_EXTILineConfig), (40 bytes).
    Removing stm32l1xx_syscfg.o(i.SYSCFG_GetBootMode), (16 bytes).
    Removing stm32l1xx_syscfg.o(i.SYSCFG_MemoryRemapConfig), (12 bytes).
    Removing stm32l1xx_syscfg.o(i.SYSCFG_RIChannelSpeedConfig), (24 bytes).
    Removing stm32l1xx_syscfg.o(i.SYSCFG_RIDeInit), (36 bytes).
    Removing stm32l1xx_syscfg.o(i.SYSCFG_RIHysteresisConfig), (88 bytes).
    Removing stm32l1xx_syscfg.o(i.SYSCFG_RIIOSwitchConfig), (52 bytes).
    Removing stm32l1xx_syscfg.o(i.SYSCFG_RIResistorConfig), (24 bytes).
    Removing stm32l1xx_syscfg.o(i.SYSCFG_RISwitchControlModeCmd), (28 bytes).
    Removing stm32l1xx_syscfg.o(i.SYSCFG_RITIMInputCaptureConfig), (64 bytes).
    Removing stm32l1xx_syscfg.o(i.SYSCFG_RITIMSelect), (20 bytes).
    Removing stm32l1xx_syscfg.o(i.SYSCFG_USBPuCmd), (28 bytes).
    Removing stm32l1xx_tim.o(.rev16_text), (4 bytes).
    Removing stm32l1xx_tim.o(.revsh_text), (4 bytes).
    Removing stm32l1xx_tim.o(i.TI1_Config), (46 bytes).
    Removing stm32l1xx_tim.o(i.TI2_Config), (54 bytes).
    Removing stm32l1xx_tim.o(i.TIM_ARRPreloadConfig), (20 bytes).
    Removing stm32l1xx_tim.o(i.TIM_CCxCmd), (22 bytes).
    Removing stm32l1xx_tim.o(i.TIM_ClearFlag), (6 bytes).
    Removing stm32l1xx_tim.o(i.TIM_ClearITPendingBit), (6 bytes).
    Removing stm32l1xx_tim.o(i.TIM_ClearOC1Ref), (12 bytes).
    Removing stm32l1xx_tim.o(i.TIM_ClearOC2Ref), (20 bytes).
    Removing stm32l1xx_tim.o(i.TIM_ClearOC3Ref), (12 bytes).
    Removing stm32l1xx_tim.o(i.TIM_ClearOC4Ref), (20 bytes).
    Removing stm32l1xx_tim.o(i.TIM_Cmd), (20 bytes).
    Removing stm32l1xx_tim.o(i.TIM_CounterModeConfig), (12 bytes).
    Removing stm32l1xx_tim.o(i.TIM_DMACmd), (16 bytes).
    Removing stm32l1xx_tim.o(i.TIM_DMAConfig), (8 bytes).
    Removing stm32l1xx_tim.o(i.TIM_DeInit), (228 bytes).
    Removing stm32l1xx_tim.o(i.TIM_ETRClockMode1Config), (18 bytes).
    Removing stm32l1xx_tim.o(i.TIM_ETRClockMode2Config), (18 bytes).
    Removing stm32l1xx_tim.o(i.TIM_ETRConfig), (24 bytes).
    Removing stm32l1xx_tim.o(i.TIM_EncoderInterfaceConfig), (50 bytes).
    Removing stm32l1xx_tim.o(i.TIM_ForcedOC1Config), (12 bytes).
    Removing stm32l1xx_tim.o(i.TIM_ForcedOC2Config), (20 bytes).
    Removing stm32l1xx_tim.o(i.TIM_ForcedOC3Config), (12 bytes).
    Removing stm32l1xx_tim.o(i.TIM_ForcedOC4Config), (20 bytes).
    Removing stm32l1xx_tim.o(i.TIM_GenerateEvent), (4 bytes).
    Removing stm32l1xx_tim.o(i.TIM_GetCapture1), (4 bytes).
    Removing stm32l1xx_tim.o(i.TIM_GetCapture2), (4 bytes).
    Removing stm32l1xx_tim.o(i.TIM_GetCapture3), (4 bytes).
    Removing stm32l1xx_tim.o(i.TIM_GetCapture4), (4 bytes).
    Removing stm32l1xx_tim.o(i.TIM_GetCounter), (4 bytes).
    Removing stm32l1xx_tim.o(i.TIM_GetFlagStatus), (14 bytes).
    Removing stm32l1xx_tim.o(i.TIM_GetITStatus), (24 bytes).
    Removing stm32l1xx_tim.o(i.TIM_GetPrescaler), (4 bytes).
    Removing stm32l1xx_tim.o(i.TIM_ICInit), (172 bytes).
    Removing stm32l1xx_tim.o(i.TIM_ICStructInit), (16 bytes).
    Removing stm32l1xx_tim.o(i.TIM_ITConfig), (16 bytes).
    Removing stm32l1xx_tim.o(i.TIM_ITRxExternalClockConfig), (18 bytes).
    Removing stm32l1xx_tim.o(i.TIM_InternalClockConfig), (10 bytes).
    Removing stm32l1xx_tim.o(i.TIM_OC1FastConfig), (12 bytes).
    Removing stm32l1xx_tim.o(i.TIM_OC1Init), (44 bytes).
    Removing stm32l1xx_tim.o(i.TIM_OC1PolarityConfig), (12 bytes).
    Removing stm32l1xx_tim.o(i.TIM_OC1PreloadConfig), (12 bytes).
    Removing stm32l1xx_tim.o(i.TIM_OC2FastConfig), (20 bytes).
    Removing stm32l1xx_tim.o(i.TIM_OC2Init), (60 bytes).
    Removing stm32l1xx_tim.o(i.TIM_OC2PolarityConfig), (20 bytes).
    Removing stm32l1xx_tim.o(i.TIM_OC2PreloadConfig), (20 bytes).
    Removing stm32l1xx_tim.o(i.TIM_OC3FastConfig), (12 bytes).
    Removing stm32l1xx_tim.o(i.TIM_OC3Init), (56 bytes).
    Removing stm32l1xx_tim.o(i.TIM_OC3PolarityConfig), (20 bytes).
    Removing stm32l1xx_tim.o(i.TIM_OC3PreloadConfig), (12 bytes).
    Removing stm32l1xx_tim.o(i.TIM_OC4FastConfig), (20 bytes).
    Removing stm32l1xx_tim.o(i.TIM_OC4Init), (60 bytes).
    Removing stm32l1xx_tim.o(i.TIM_OC4PolarityConfig), (20 bytes).
    Removing stm32l1xx_tim.o(i.TIM_OC4PreloadConfig), (20 bytes).
    Removing stm32l1xx_tim.o(i.TIM_OCStructInit), (12 bytes).
    Removing stm32l1xx_tim.o(i.TIM_PWMIConfig), (108 bytes).
    Removing stm32l1xx_tim.o(i.TIM_PrescalerConfig), (6 bytes).
    Removing stm32l1xx_tim.o(i.TIM_RemapConfig), (18 bytes).
    Removing stm32l1xx_tim.o(i.TIM_SelectCCDMA), (20 bytes).
    Removing stm32l1xx_tim.o(i.TIM_SelectHallSensor), (20 bytes).
    Removing stm32l1xx_tim.o(i.TIM_SelectInputTrigger), (12 bytes).
    Removing stm32l1xx_tim.o(i.TIM_SelectMasterSlaveMode), (16 bytes).
    Removing stm32l1xx_tim.o(i.TIM_SelectOCREFClear), (16 bytes).
    Removing stm32l1xx_tim.o(i.TIM_SelectOCxM), (70 bytes).
    Removing stm32l1xx_tim.o(i.TIM_SelectOnePulseMode), (16 bytes).
    Removing stm32l1xx_tim.o(i.TIM_SelectOutputTrigger), (16 bytes).
    Removing stm32l1xx_tim.o(i.TIM_SelectSlaveMode), (16 bytes).
    Removing stm32l1xx_tim.o(i.TIM_SetAutoreload), (4 bytes).
    Removing stm32l1xx_tim.o(i.TIM_SetClockDivision), (16 bytes).
    Removing stm32l1xx_tim.o(i.TIM_SetCompare1), (4 bytes).
    Removing stm32l1xx_tim.o(i.TIM_SetCompare2), (4 bytes).
    Removing stm32l1xx_tim.o(i.TIM_SetCompare3), (4 bytes).
    Removing stm32l1xx_tim.o(i.TIM_SetCompare4), (4 bytes).
    Removing stm32l1xx_tim.o(i.TIM_SetCounter), (4 bytes).
    Removing stm32l1xx_tim.o(i.TIM_SetIC1Prescaler), (16 bytes).
    Removing stm32l1xx_tim.o(i.TIM_SetIC2Prescaler), (24 bytes).
    Removing stm32l1xx_tim.o(i.TIM_SetIC3Prescaler), (16 bytes).
    Removing stm32l1xx_tim.o(i.TIM_SetIC4Prescaler), (24 bytes).
    Removing stm32l1xx_tim.o(i.TIM_TIxExternalClockConfig), (46 bytes).
    Removing stm32l1xx_tim.o(i.TIM_TimeBaseInit), (92 bytes).
    Removing stm32l1xx_tim.o(i.TIM_TimeBaseStructInit), (16 bytes).
    Removing stm32l1xx_tim.o(i.TIM_UpdateDisableConfig), (20 bytes).
    Removing stm32l1xx_tim.o(i.TIM_UpdateRequestConfig), (20 bytes).
    Removing stm32l1xx_usart.o(.rev16_text), (4 bytes).
    Removing stm32l1xx_usart.o(.revsh_text), (4 bytes).
    Removing stm32l1xx_usart.o(i.USART_ClockInit), (28 bytes).
    Removing stm32l1xx_usart.o(i.USART_ClockStructInit), (12 bytes).
    Removing stm32l1xx_usart.o(i.USART_DMACmd), (16 bytes).
    Removing stm32l1xx_usart.o(i.USART_DeInit), (116 bytes).
    Removing stm32l1xx_usart.o(i.USART_HalfDuplexCmd), (20 bytes).
    Removing stm32l1xx_usart.o(i.USART_IrDACmd), (20 bytes).
    Removing stm32l1xx_usart.o(i.USART_IrDAConfig), (16 bytes).
    Removing stm32l1xx_usart.o(i.USART_LINBreakDetectLengthConfig), (16 bytes).
    Removing stm32l1xx_usart.o(i.USART_LINCmd), (20 bytes).
    Removing stm32l1xx_usart.o(i.USART_OneBitMethodCmd), (20 bytes).
    Removing stm32l1xx_usart.o(i.USART_OverSampling8Cmd), (20 bytes).
    Removing stm32l1xx_usart.o(i.USART_ReceiverWakeUpCmd), (20 bytes).
    Removing stm32l1xx_usart.o(i.USART_SendBreak), (10 bytes).
    Removing stm32l1xx_usart.o(i.USART_SetAddress), (16 bytes).
    Removing stm32l1xx_usart.o(i.USART_SetGuardTime), (16 bytes).
    Removing stm32l1xx_usart.o(i.USART_SetPrescaler), (16 bytes).
    Removing stm32l1xx_usart.o(i.USART_SmartCardCmd), (20 bytes).
    Removing stm32l1xx_usart.o(i.USART_SmartCardNACKCmd), (20 bytes).
    Removing stm32l1xx_usart.o(i.USART_StructInit), (22 bytes).
    Removing stm32l1xx_usart.o(i.USART_WakeUpConfig), (16 bytes).
    Removing stm32l1xx_wwdg.o(.rev16_text), (4 bytes).
    Removing stm32l1xx_wwdg.o(.revsh_text), (4 bytes).
    Removing stm32l1xx_wwdg.o(i.WWDG_ClearFlag), (12 bytes).
    Removing stm32l1xx_wwdg.o(i.WWDG_DeInit), (24 bytes).
    Removing stm32l1xx_wwdg.o(i.WWDG_Enable), (16 bytes).
    Removing stm32l1xx_wwdg.o(i.WWDG_EnableIT), (16 bytes).
    Removing stm32l1xx_wwdg.o(i.WWDG_GetFlagStatus), (20 bytes).
    Removing stm32l1xx_wwdg.o(i.WWDG_SetCounter), (16 bytes).
    Removing stm32l1xx_wwdg.o(i.WWDG_SetPrescaler), (20 bytes).
    Removing stm32l1xx_wwdg.o(i.WWDG_SetWindowValue), (28 bytes).
    Removing system_stm32l1xx.o(.rev16_text), (4 bytes).
    Removing system_stm32l1xx.o(.revsh_text), (4 bytes).
    Removing system_stm32l1xx.o(i.SystemCoreClockUpdate), (144 bytes).
    Removing system_stm32l1xx.o(.data), (29 bytes).
    Removing startup_stm32l1xx_md.o(HEAP), (512 bytes).

354 unused section(s) (total 9920 bytes) removed from the image.

==============================================================================

Image Symbol Table

    Local Symbols

    Symbol Name                              Value     Ov Type        Size  Object(Section)

    ../clib/microlib/init/entry.s            0x00000000   Number         0  entry8a.o ABSOLUTE
    ../clib/microlib/init/entry.s            0x00000000   Number         0  entry7a.o ABSOLUTE
    ../clib/microlib/init/entry.s            0x00000000   Number         0  entry.o ABSOLUTE
    ../clib/microlib/init/entry.s            0x00000000   Number         0  entry2.o ABSOLUTE
    ../clib/microlib/init/entry.s            0x00000000   Number         0  entry11b.o ABSOLUTE
    ../clib/microlib/init/entry.s            0x00000000   Number         0  entry5.o ABSOLUTE
    ../clib/microlib/init/entry.s            0x00000000   Number         0  entry11a.o ABSOLUTE
    ../clib/microlib/init/entry.s            0x00000000   Number         0  entry7b.o ABSOLUTE
    ../clib/microlib/init/entry.s            0x00000000   Number         0  entry10b.o ABSOLUTE
    ../clib/microlib/init/entry.s            0x00000000   Number         0  entry10a.o ABSOLUTE
    ../clib/microlib/init/entry.s            0x00000000   Number         0  entry9b.o ABSOLUTE
    ../clib/microlib/init/entry.s            0x00000000   Number         0  entry9a.o ABSOLUTE
    ../clib/microlib/init/entry.s            0x00000000   Number         0  entry8b.o ABSOLUTE
    ../clib/microlib/string/memset.c         0x00000000   Number         0  memseta.o ABSOLUTE
    BSD\IEEPROM.c                            0x00000000   Number         0  ieeprom.o ABSOLUTE
    BSD\IFLASH.c                             0x00000000   Number         0  iflash.o ABSOLUTE
    BSD\\IEEPROM.c                           0x00000000   Number         0  ieeprom.o ABSOLUTE
    BSD\\IFLASH.c                            0x00000000   Number         0  iflash.o ABSOLUTE
    BSD\\gpio.c                              0x00000000   Number         0  gpio.o ABSOLUTE
    BSD\\uart.c                              0x00000000   Number         0  uart.o ABSOLUTE
    BSD\gpio.c                               0x00000000   Number         0  gpio.o ABSOLUTE
    BSD\uart.c                               0x00000000   Number         0  uart.o ABSOLUTE
    CMSIS\startup\arm\startup_stm32l1xx_md.s 0x00000000   Number         0  startup_stm32l1xx_md.o ABSOLUTE
    FWlib\\src\\misc.c                       0x00000000   Number         0  misc.o ABSOLUTE
    FWlib\\src\\stm32l1xx_comp.c             0x00000000   Number         0  stm32l1xx_comp.o ABSOLUTE
    FWlib\\src\\stm32l1xx_crc.c              0x00000000   Number         0  stm32l1xx_crc.o ABSOLUTE
    FWlib\\src\\stm32l1xx_dbgmcu.c           0x00000000   Number         0  stm32l1xx_dbgmcu.o ABSOLUTE
    FWlib\\src\\stm32l1xx_dma.c              0x00000000   Number         0  stm32l1xx_dma.o ABSOLUTE
    FWlib\\src\\stm32l1xx_exti.c             0x00000000   Number         0  stm32l1xx_exti.o ABSOLUTE
    FWlib\\src\\stm32l1xx_flash.c            0x00000000   Number         0  stm32l1xx_flash.o ABSOLUTE
    FWlib\\src\\stm32l1xx_flash_ramfunc.c    0x00000000   Number         0  stm32l1xx_flash_ramfunc.o ABSOLUTE
    FWlib\\src\\stm32l1xx_gpio.c             0x00000000   Number         0  stm32l1xx_gpio.o ABSOLUTE
    FWlib\\src\\stm32l1xx_iwdg.c             0x00000000   Number         0  stm32l1xx_iwdg.o ABSOLUTE
    FWlib\\src\\stm32l1xx_opamp.c            0x00000000   Number         0  stm32l1xx_opamp.o ABSOLUTE
    FWlib\\src\\stm32l1xx_pwr.c              0x00000000   Number         0  stm32l1xx_pwr.o ABSOLUTE
    FWlib\\src\\stm32l1xx_rcc.c              0x00000000   Number         0  stm32l1xx_rcc.o ABSOLUTE
    FWlib\\src\\stm32l1xx_syscfg.c           0x00000000   Number         0  stm32l1xx_syscfg.o ABSOLUTE
    FWlib\\src\\stm32l1xx_tim.c              0x00000000   Number         0  stm32l1xx_tim.o ABSOLUTE
    FWlib\\src\\stm32l1xx_usart.c            0x00000000   Number         0  stm32l1xx_usart.o ABSOLUTE
    FWlib\\src\\stm32l1xx_wwdg.c             0x00000000   Number         0  stm32l1xx_wwdg.o ABSOLUTE
    FWlib\src\misc.c                         0x00000000   Number         0  misc.o ABSOLUTE
    FWlib\src\stm32l1xx_comp.c               0x00000000   Number         0  stm32l1xx_comp.o ABSOLUTE
    FWlib\src\stm32l1xx_crc.c                0x00000000   Number         0  stm32l1xx_crc.o ABSOLUTE
    FWlib\src\stm32l1xx_dbgmcu.c             0x00000000   Number         0  stm32l1xx_dbgmcu.o ABSOLUTE
    FWlib\src\stm32l1xx_dma.c                0x00000000   Number         0  stm32l1xx_dma.o ABSOLUTE
    FWlib\src\stm32l1xx_exti.c               0x00000000   Number         0  stm32l1xx_exti.o ABSOLUTE
    FWlib\src\stm32l1xx_flash.c              0x00000000   Number         0  stm32l1xx_flash.o ABSOLUTE
    FWlib\src\stm32l1xx_flash_ramfunc.c      0x00000000   Number         0  stm32l1xx_flash_ramfunc.o ABSOLUTE
    FWlib\src\stm32l1xx_gpio.c               0x00000000   Number         0  stm32l1xx_gpio.o ABSOLUTE
    FWlib\src\stm32l1xx_iwdg.c               0x00000000   Number         0  stm32l1xx_iwdg.o ABSOLUTE
    FWlib\src\stm32l1xx_opamp.c              0x00000000   Number         0  stm32l1xx_opamp.o ABSOLUTE
    FWlib\src\stm32l1xx_pwr.c                0x00000000   Number         0  stm32l1xx_pwr.o ABSOLUTE
    FWlib\src\stm32l1xx_rcc.c                0x00000000   Number         0  stm32l1xx_rcc.o ABSOLUTE
    FWlib\src\stm32l1xx_syscfg.c             0x00000000   Number         0  stm32l1xx_syscfg.o ABSOLUTE
    FWlib\src\stm32l1xx_tim.c                0x00000000   Number         0  stm32l1xx_tim.o ABSOLUTE
    FWlib\src\stm32l1xx_usart.c              0x00000000   Number         0  stm32l1xx_usart.o ABSOLUTE
    FWlib\src\stm32l1xx_wwdg.c               0x00000000   Number         0  stm32l1xx_wwdg.o ABSOLUTE
    User\IAP.c                               0x00000000   Number         0  iap.o ABSOLUTE
    User\Modbus.c                            0x00000000   Number         0  modbus.o ABSOLUTE
    User\\IAP.c                              0x00000000   Number         0  iap.o ABSOLUTE
    User\\Modbus.c                           0x00000000   Number         0  modbus.o ABSOLUTE
    User\\main.c                             0x00000000   Number         0  main.o ABSOLUTE
    User\\stm32l1xx_it.c                     0x00000000   Number         0  stm32l1xx_it.o ABSOLUTE
    User\\system_stm32l1xx.c                 0x00000000   Number         0  system_stm32l1xx.o ABSOLUTE
    User\main.c                              0x00000000   Number         0  main.o ABSOLUTE
    User\stm32l1xx_it.c                      0x00000000   Number         0  stm32l1xx_it.o ABSOLUTE
    User\system_stm32l1xx.c                  0x00000000   Number         0  system_stm32l1xx.o ABSOLUTE
    dc.s                                     0x00000000   Number         0  dc.o ABSOLUTE
    handlers.s                               0x00000000   Number         0  handlers.o ABSOLUTE
    init.s                                   0x00000000   Number         0  init.o ABSOLUTE
    RESET                                    0x08000000   Section      244  startup_stm32l1xx_md.o(RESET)
    .ARM.Collect$$$$00000000                 0x080000f4   Section        0  entry.o(.ARM.Collect$$$$00000000)
    .ARM.Collect$$$$00000001                 0x080000f4   Section        4  entry2.o(.ARM.Collect$$$$00000001)
    .ARM.Collect$$$$00000004                 0x080000f8   Section        4  entry5.o(.ARM.Collect$$$$00000004)
    .ARM.Collect$$$$00000008                 0x080000fc   Section        0  entry7b.o(.ARM.Collect$$$$00000008)
    .ARM.Collect$$$$0000000A                 0x080000fc   Section        0  entry8b.o(.ARM.Collect$$$$0000000A)
    .ARM.Collect$$$$0000000B                 0x080000fc   Section        8  entry9a.o(.ARM.Collect$$$$0000000B)
    .ARM.Collect$$$$0000000D                 0x08000104   Section        0  entry10a.o(.ARM.Collect$$$$0000000D)
    .ARM.Collect$$$$0000000F                 0x08000104   Section        0  entry11a.o(.ARM.Collect$$$$0000000F)
    .ARM.Collect$$$$00002712                 0x08000104   Section        4  entry2.o(.ARM.Collect$$$$00002712)
    __lit__00000000                          0x08000104   Data           4  entry2.o(.ARM.Collect$$$$00002712)
    .emb_text                                0x08000108   Section        6  iap.o(.emb_text)
    .text                                    0x08000110   Section       36  startup_stm32l1xx_md.o(.text)
    .text                                    0x08000134   Section        0  memseta.o(.text)
    .text                                    0x08000158   Section       36  init.o(.text)
    i.BusFault_Handler                       0x0800017c   Section        0  stm32l1xx_it.o(i.BusFault_Handler)
    i.CRC16_Check                            0x0800017e   Section        0  modbus.o(i.CRC16_Check)
    i.ClearUsartBuf                          0x080001b4   Section        0  iap.o(i.ClearUsartBuf)
    i.DATA_EEPROM_Lock                       0x080001cc   Section        0  stm32l1xx_flash.o(i.DATA_EEPROM_Lock)
    i.DATA_EEPROM_Unlock                     0x080001dc   Section        0  stm32l1xx_flash.o(i.DATA_EEPROM_Unlock)
    i.DebugMon_Handler                       0x08000200   Section        0  stm32l1xx_it.o(i.DebugMon_Handler)
    i.Delay                                  0x08000204   Section        0  main.o(i.Delay)
    i.EERead                                 0x08000218   Section        0  ieeprom.o(i.EERead)
    i.EEWrite                                0x0800024c   Section        0  ieeprom.o(i.EEWrite)
    i.FLASH_ClearFlag                        0x08000288   Section        0  stm32l1xx_flash.o(i.FLASH_ClearFlag)
    i.FLASH_ErasePage                        0x08000294   Section        0  stm32l1xx_flash.o(i.FLASH_ErasePage)
    i.FLASH_FastProgramWord                  0x080002d8   Section        0  stm32l1xx_flash.o(i.FLASH_FastProgramWord)
    i.FLASH_GetStatus                        0x080002fc   Section        0  stm32l1xx_flash.o(i.FLASH_GetStatus)
    i.FLASH_If_Init                          0x08000324   Section        0  iflash.o(i.FLASH_If_Init)
    i.FLASH_Lock                             0x08000338   Section        0  stm32l1xx_flash.o(i.FLASH_Lock)
    i.FLASH_Page_Erase                       0x08000348   Section        0  iflash.o(i.FLASH_Page_Erase)
    i.FLASH_Unlock                           0x0800037c   Section        0  stm32l1xx_flash.o(i.FLASH_Unlock)
    i.FLASH_WaitForLastOperation             0x080003a4   Section        0  stm32l1xx_flash.o(i.FLASH_WaitForLastOperation)
    i.GPIO_Configuration                     0x080003e0   Section        0  gpio.o(i.GPIO_Configuration)
    i.GPIO_Init                              0x08000434   Section        0  stm32l1xx_gpio.o(i.GPIO_Init)
    i.GPIO_PinAFConfig                       0x080004a2   Section        0  stm32l1xx_gpio.o(i.GPIO_PinAFConfig)
    i.Get_SNInfo_Fun                         0x080004c4   Section        0  modbus.o(i.Get_SNInfo_Fun)
    i.HardFault_Handler                      0x0800056c   Section        0  stm32l1xx_it.o(i.HardFault_Handler)
    i.Init_Hardware                          0x08000570   Section        0  main.o(i.Init_Hardware)
    i.Init_Parameter                         0x080005a0   Section        0  main.o(i.Init_Parameter)
    i.Init_SysTick                           0x08000630   Section        0  main.o(i.Init_SysTick)
    i.MemManage_Handler                      0x08000670   Section        0  stm32l1xx_it.o(i.MemManage_Handler)
    i.NMI_Handler                            0x08000672   Section        0  stm32l1xx_it.o(i.NMI_Handler)
    i.NVIC_Init                              0x08000674   Section        0  misc.o(i.NVIC_Init)
    i.NVIC_PriorityGroupConfig               0x080006d8   Section        0  misc.o(i.NVIC_PriorityGroupConfig)
    i.NVIC_SetPriority                       0x080006ec   Section        0  main.o(i.NVIC_SetPriority)
    NVIC_SetPriority                         0x080006ed   Thumb Code    32  main.o(i.NVIC_SetPriority)
    i.PendSV_Handler                         0x0800070c   Section        0  stm32l1xx_it.o(i.PendSV_Handler)
    i.RCC_AHBPeriphClockCmd                  0x08000710   Section        0  stm32l1xx_rcc.o(i.RCC_AHBPeriphClockCmd)
    i.RCC_APB2PeriphClockCmd                 0x08000728   Section        0  stm32l1xx_rcc.o(i.RCC_APB2PeriphClockCmd)
    i.RCC_GetClocksFreq                      0x08000740   Section        0  stm32l1xx_rcc.o(i.RCC_GetClocksFreq)
    i.Re_BootLoader_Info                     0x080007e8   Section        0  iap.o(i.Re_BootLoader_Info)
    i.Re_BootLoader_Update                   0x08000840   Section        0  iap.o(i.Re_BootLoader_Update)
    i.SVC_Handler                            0x080008a4   Section        0  stm32l1xx_it.o(i.SVC_Handler)
    i.SetSysClock                            0x080008a8   Section        0  system_stm32l1xx.o(i.SetSysClock)
    SetSysClock                              0x080008a9   Thumb Code   184  system_stm32l1xx.o(i.SetSysClock)
    i.SysTick_Handler                        0x0800096c   Section        0  stm32l1xx_it.o(i.SysTick_Handler)
    i.SystemInit                             0x08000980   Section        0  system_stm32l1xx.o(i.SystemInit)
    i.U485SendData                           0x080009d4   Section        0  uart.o(i.U485SendData)
    i.UART1_Configuration                    0x080009fc   Section        0  uart.o(i.UART1_Configuration)
    i.USART1_ClearBuf_Flag                   0x08000ac0   Section        0  uart.o(i.USART1_ClearBuf_Flag)
    i.USART1_GetChar                         0x08000ad8   Section        0  uart.o(i.USART1_GetChar)
    i.USART1_GetCharBlock                    0x08000af4   Section        0  uart.o(i.USART1_GetCharBlock)
    i.USART1_IRQHandler                      0x08000b20   Section        0  stm32l1xx_it.o(i.USART1_IRQHandler)
    i.USART_ClearFlag                        0x08000ba4   Section        0  stm32l1xx_usart.o(i.USART_ClearFlag)
    i.USART_ClearITPendingBit                0x08000baa   Section        0  stm32l1xx_usart.o(i.USART_ClearITPendingBit)
    i.USART_Cmd                              0x08000bb6   Section        0  stm32l1xx_usart.o(i.USART_Cmd)
    i.USART_GetFlagStatus                    0x08000bca   Section        0  stm32l1xx_usart.o(i.USART_GetFlagStatus)
    i.USART_GetITStatus                      0x08000bd8   Section        0  stm32l1xx_usart.o(i.USART_GetITStatus)
    i.USART_ITConfig                         0x08000c16   Section        0  stm32l1xx_usart.o(i.USART_ITConfig)
    i.USART_Init                             0x08000c48   Section        0  stm32l1xx_usart.o(i.USART_Init)
    i.USART_PutChar                          0x08000cec   Section        0  uart.o(i.USART_PutChar)
    i.USART_PutData                          0x08000d1c   Section        0  uart.o(i.USART_PutData)
    i.USART_ReceiveData                      0x08000d3e   Section        0  stm32l1xx_usart.o(i.USART_ReceiveData)
    i.USART_SendData                         0x08000d46   Section        0  stm32l1xx_usart.o(i.USART_SendData)
    i.Update_Firmware                        0x08000d50   Section        0  iap.o(i.Update_Firmware)
    i.UsageFault_Handler                     0x080011f0   Section        0  stm32l1xx_it.o(i.UsageFault_Handler)
    i.Wait_Commend                           0x080011f4   Section        0  iap.o(i.Wait_Commend)
    i.Write_4NByte_to_Flash                  0x080012c0   Section        0  iflash.o(i.Write_4NByte_to_Flash)
    i.__scatterload_copy                     0x08001318   Section       14  handlers.o(i.__scatterload_copy)
    i.__scatterload_null                     0x08001326   Section        2  handlers.o(i.__scatterload_null)
    i.__scatterload_zeroinit                 0x08001328   Section       14  handlers.o(i.__scatterload_zeroinit)
    i.iap_load_app                           0x08001338   Section        0  iap.o(i.iap_load_app)
    i.main                                   0x08001364   Section        0  main.o(i.main)
    .constdata                               0x080013e4   Section       32  modbus.o(.constdata)
    .data                                    0x20000000   Section       12  main.o(.data)
    .data                                    0x2000000c   Section        4  iap.o(.data)
    .data                                    0x20000010   Section        2  uart.o(.data)
    .data                                    0x20000012   Section       25  stm32l1xx_rcc.o(.data)
    PLLMulTable                              0x20000012   Data           9  stm32l1xx_rcc.o(.data)
    APBAHBPrescTable                         0x2000001b   Data          16  stm32l1xx_rcc.o(.data)
    .bss                                     0x2000002c   Section       56  main.o(.bss)
    .bss                                     0x20000064   Section      515  modbus.o(.bss)
    .bss                                     0x20000268   Section      520  uart.o(.bss)
    STACK                                    0x20000470   Section     4096  startup_stm32l1xx_md.o(STACK)

    Global Symbols

    Symbol Name                              Value     Ov Type        Size  Object(Section)

    BuildAttributes$$THM_ISAv4$P$D$K$B$S$PE$A:L22UL41UL21$X:L11$S22US41US21$IEEE1$IW$USESV6$~STKCKD$USESV7$~SHL$OSPACE$EBA8$MICROLIB$REQ8$PRES8$EABIv2 0x00000000   Number         0  anon$$obj.o ABSOLUTE
    __ARM_use_no_argv                        0x00000000   Number         0  main.o ABSOLUTE
    __cpp_initialize__aeabi_                  - Undefined Weak Reference
    __cxa_finalize                            - Undefined Weak Reference
    __decompress                              - Undefined Weak Reference
    _clock_init                               - Undefined Weak Reference
    _microlib_exit                            - Undefined Weak Reference
    __Vectors_Size                           0x000000f4   Number         0  startup_stm32l1xx_md.o ABSOLUTE
    __Vectors                                0x08000000   Data           4  startup_stm32l1xx_md.o(RESET)
    __Vectors_End                            0x080000f4   Data           0  startup_stm32l1xx_md.o(RESET)
    __main                                   0x080000f5   Thumb Code     0  entry.o(.ARM.Collect$$$$00000000)
    _main_stk                                0x080000f5   Thumb Code     0  entry2.o(.ARM.Collect$$$$00000001)
    _main_scatterload                        0x080000f9   Thumb Code     0  entry5.o(.ARM.Collect$$$$00000004)
    __main_after_scatterload                 0x080000fd   Thumb Code     0  entry5.o(.ARM.Collect$$$$00000004)
    _main_clock                              0x080000fd   Thumb Code     0  entry7b.o(.ARM.Collect$$$$00000008)
    _main_cpp_init                           0x080000fd   Thumb Code     0  entry8b.o(.ARM.Collect$$$$0000000A)
    _main_init                               0x080000fd   Thumb Code     0  entry9a.o(.ARM.Collect$$$$0000000B)
    __rt_final_cpp                           0x08000105   Thumb Code     0  entry10a.o(.ARM.Collect$$$$0000000D)
    __rt_final_exit                          0x08000105   Thumb Code     0  entry11a.o(.ARM.Collect$$$$0000000F)
    MSR_MSP                                  0x08000109   Thumb Code     6  iap.o(.emb_text)
    Reset_Handler                            0x08000111   Thumb Code     8  startup_stm32l1xx_md.o(.text)
    ADC1_IRQHandler                          0x0800012b   Thumb Code     0  startup_stm32l1xx_md.o(.text)
    COMP_IRQHandler                          0x0800012b   Thumb Code     0  startup_stm32l1xx_md.o(.text)
    DAC_IRQHandler                           0x0800012b   Thumb Code     0  startup_stm32l1xx_md.o(.text)
    DMA1_Channel1_IRQHandler                 0x0800012b   Thumb Code     0  startup_stm32l1xx_md.o(.text)
    DMA1_Channel2_IRQHandler                 0x0800012b   Thumb Code     0  startup_stm32l1xx_md.o(.text)
    DMA1_Channel3_IRQHandler                 0x0800012b   Thumb Code     0  startup_stm32l1xx_md.o(.text)
    DMA1_Channel4_IRQHandler                 0x0800012b   Thumb Code     0  startup_stm32l1xx_md.o(.text)
    DMA1_Channel5_IRQHandler                 0x0800012b   Thumb Code     0  startup_stm32l1xx_md.o(.text)
    DMA1_Channel6_IRQHandler                 0x0800012b   Thumb Code     0  startup_stm32l1xx_md.o(.text)
    DMA1_Channel7_IRQHandler                 0x0800012b   Thumb Code     0  startup_stm32l1xx_md.o(.text)
    EXTI0_IRQHandler                         0x0800012b   Thumb Code     0  startup_stm32l1xx_md.o(.text)
    EXTI15_10_IRQHandler                     0x0800012b   Thumb Code     0  startup_stm32l1xx_md.o(.text)
    EXTI1_IRQHandler                         0x0800012b   Thumb Code     0  startup_stm32l1xx_md.o(.text)
    EXTI2_IRQHandler                         0x0800012b   Thumb Code     0  startup_stm32l1xx_md.o(.text)
    EXTI3_IRQHandler                         0x0800012b   Thumb Code     0  startup_stm32l1xx_md.o(.text)
    EXTI4_IRQHandler                         0x0800012b   Thumb Code     0  startup_stm32l1xx_md.o(.text)
    EXTI9_5_IRQHandler                       0x0800012b   Thumb Code     0  startup_stm32l1xx_md.o(.text)
    FLASH_IRQHandler                         0x0800012b   Thumb Code     0  startup_stm32l1xx_md.o(.text)
    I2C1_ER_IRQHandler                       0x0800012b   Thumb Code     0  startup_stm32l1xx_md.o(.text)
    I2C1_EV_IRQHandler                       0x0800012b   Thumb Code     0  startup_stm32l1xx_md.o(.text)
    I2C2_ER_IRQHandler                       0x0800012b   Thumb Code     0  startup_stm32l1xx_md.o(.text)
    I2C2_EV_IRQHandler                       0x0800012b   Thumb Code     0  startup_stm32l1xx_md.o(.text)
    LCD_IRQHandler                           0x0800012b   Thumb Code     0  startup_stm32l1xx_md.o(.text)
    PVD_IRQHandler                           0x0800012b   Thumb Code     0  startup_stm32l1xx_md.o(.text)
    RCC_IRQHandler                           0x0800012b   Thumb Code     0  startup_stm32l1xx_md.o(.text)
    RTC_Alarm_IRQHandler                     0x0800012b   Thumb Code     0  startup_stm32l1xx_md.o(.text)
    RTC_WKUP_IRQHandler                      0x0800012b   Thumb Code     0  startup_stm32l1xx_md.o(.text)
    SPI1_IRQHandler                          0x0800012b   Thumb Code     0  startup_stm32l1xx_md.o(.text)
    SPI2_IRQHandler                          0x0800012b   Thumb Code     0  startup_stm32l1xx_md.o(.text)
    TAMPER_STAMP_IRQHandler                  0x0800012b   Thumb Code     0  startup_stm32l1xx_md.o(.text)
    TIM10_IRQHandler                         0x0800012b   Thumb Code     0  startup_stm32l1xx_md.o(.text)
    TIM11_IRQHandler                         0x0800012b   Thumb Code     0  startup_stm32l1xx_md.o(.text)
    TIM2_IRQHandler                          0x0800012b   Thumb Code     0  startup_stm32l1xx_md.o(.text)
    TIM3_IRQHandler                          0x0800012b   Thumb Code     0  startup_stm32l1xx_md.o(.text)
    TIM4_IRQHandler                          0x0800012b   Thumb Code     0  startup_stm32l1xx_md.o(.text)
    TIM6_IRQHandler                          0x0800012b   Thumb Code     0  startup_stm32l1xx_md.o(.text)
    TIM7_IRQHandler                          0x0800012b   Thumb Code     0  startup_stm32l1xx_md.o(.text)
    TIM9_IRQHandler                          0x0800012b   Thumb Code     0  startup_stm32l1xx_md.o(.text)
    USART2_IRQHandler                        0x0800012b   Thumb Code     0  startup_stm32l1xx_md.o(.text)
    USART3_IRQHandler                        0x0800012b   Thumb Code     0  startup_stm32l1xx_md.o(.text)
    USB_FS_WKUP_IRQHandler                   0x0800012b   Thumb Code     0  startup_stm32l1xx_md.o(.text)
    USB_HP_IRQHandler                        0x0800012b   Thumb Code     0  startup_stm32l1xx_md.o(.text)
    USB_LP_IRQHandler                        0x0800012b   Thumb Code     0  startup_stm32l1xx_md.o(.text)
    WWDG_IRQHandler                          0x0800012b   Thumb Code     0  startup_stm32l1xx_md.o(.text)
    __aeabi_memset                           0x08000135   Thumb Code    14  memseta.o(.text)
    __aeabi_memset4                          0x08000135   Thumb Code     0  memseta.o(.text)
    __aeabi_memset8                          0x08000135   Thumb Code     0  memseta.o(.text)
    __aeabi_memclr                           0x08000143   Thumb Code     4  memseta.o(.text)
    __aeabi_memclr4                          0x08000143   Thumb Code     0  memseta.o(.text)
    __aeabi_memclr8                          0x08000143   Thumb Code     0  memseta.o(.text)
    _memset$wrapper                          0x08000147   Thumb Code    18  memseta.o(.text)
    __scatterload                            0x08000159   Thumb Code    28  init.o(.text)
    __scatterload_rt2                        0x08000159   Thumb Code     0  init.o(.text)
    BusFault_Handler                         0x0800017d   Thumb Code     2  stm32l1xx_it.o(i.BusFault_Handler)
    CRC16_Check                              0x0800017f   Thumb Code    54  modbus.o(i.CRC16_Check)
    ClearUsartBuf                            0x080001b5   Thumb Code    18  iap.o(i.ClearUsartBuf)
    DATA_EEPROM_Lock                         0x080001cd   Thumb Code    12  stm32l1xx_flash.o(i.DATA_EEPROM_Lock)
    DATA_EEPROM_Unlock                       0x080001dd   Thumb Code    22  stm32l1xx_flash.o(i.DATA_EEPROM_Unlock)
    DebugMon_Handler                         0x08000201   Thumb Code     2  stm32l1xx_it.o(i.DebugMon_Handler)
    Delay                                    0x08000205   Thumb Code    16  main.o(i.Delay)
    EERead                                   0x08000219   Thumb Code    48  ieeprom.o(i.EERead)
    EEWrite                                  0x0800024d   Thumb Code    56  ieeprom.o(i.EEWrite)
    FLASH_ClearFlag                          0x08000289   Thumb Code     6  stm32l1xx_flash.o(i.FLASH_ClearFlag)
    FLASH_ErasePage                          0x08000295   Thumb Code    64  stm32l1xx_flash.o(i.FLASH_ErasePage)
    FLASH_FastProgramWord                    0x080002d9   Thumb Code    34  stm32l1xx_flash.o(i.FLASH_FastProgramWord)
    FLASH_GetStatus                          0x080002fd   Thumb Code    36  stm32l1xx_flash.o(i.FLASH_GetStatus)
    FLASH_If_Init                            0x08000325   Thumb Code    18  iflash.o(i.FLASH_If_Init)
    FLASH_Lock                               0x08000339   Thumb Code    12  stm32l1xx_flash.o(i.FLASH_Lock)
    FLASH_Page_Erase                         0x08000349   Thumb Code    50  iflash.o(i.FLASH_Page_Erase)
    FLASH_Unlock                             0x0800037d   Thumb Code    28  stm32l1xx_flash.o(i.FLASH_Unlock)
    FLASH_WaitForLastOperation               0x080003a5   Thumb Code    58  stm32l1xx_flash.o(i.FLASH_WaitForLastOperation)
    GPIO_Configuration                       0x080003e1   Thumb Code    76  gpio.o(i.GPIO_Configuration)
    GPIO_Init                                0x08000435   Thumb Code   110  stm32l1xx_gpio.o(i.GPIO_Init)
    GPIO_PinAFConfig                         0x080004a3   Thumb Code    32  stm32l1xx_gpio.o(i.GPIO_PinAFConfig)
    Get_SNInfo_Fun                           0x080004c5   Thumb Code   160  modbus.o(i.Get_SNInfo_Fun)
    HardFault_Handler                        0x0800056d   Thumb Code     2  stm32l1xx_it.o(i.HardFault_Handler)
    Init_Hardware                            0x08000571   Thumb Code    42  main.o(i.Init_Hardware)
    Init_Parameter                           0x080005a1   Thumb Code   128  main.o(i.Init_Parameter)
    Init_SysTick                             0x08000631   Thumb Code    60  main.o(i.Init_SysTick)
    MemManage_Handler                        0x08000671   Thumb Code     2  stm32l1xx_it.o(i.MemManage_Handler)
    NMI_Handler                              0x08000673   Thumb Code     2  stm32l1xx_it.o(i.NMI_Handler)
    NVIC_Init                                0x08000675   Thumb Code    96  misc.o(i.NVIC_Init)
    NVIC_PriorityGroupConfig                 0x080006d9   Thumb Code    10  misc.o(i.NVIC_PriorityGroupConfig)
    PendSV_Handler                           0x0800070d   Thumb Code     2  stm32l1xx_it.o(i.PendSV_Handler)
    RCC_AHBPeriphClockCmd                    0x08000711   Thumb Code    18  stm32l1xx_rcc.o(i.RCC_AHBPeriphClockCmd)
    RCC_APB2PeriphClockCmd                   0x08000729   Thumb Code    18  stm32l1xx_rcc.o(i.RCC_APB2PeriphClockCmd)
    RCC_GetClocksFreq                        0x08000741   Thumb Code   156  stm32l1xx_rcc.o(i.RCC_GetClocksFreq)
    Re_BootLoader_Info                       0x080007e9   Thumb Code    82  iap.o(i.Re_BootLoader_Info)
    Re_BootLoader_Update                     0x08000841   Thumb Code    92  iap.o(i.Re_BootLoader_Update)
    SVC_Handler                              0x080008a5   Thumb Code     2  stm32l1xx_it.o(i.SVC_Handler)
    SysTick_Handler                          0x0800096d   Thumb Code    16  stm32l1xx_it.o(i.SysTick_Handler)
    SystemInit                               0x08000981   Thumb Code    68  system_stm32l1xx.o(i.SystemInit)
    U485SendData                             0x080009d5   Thumb Code    30  uart.o(i.U485SendData)
    UART1_Configuration                      0x080009fd   Thumb Code   186  uart.o(i.UART1_Configuration)
    USART1_ClearBuf_Flag                     0x08000ac1   Thumb Code    16  uart.o(i.USART1_ClearBuf_Flag)
    USART1_GetChar                           0x08000ad9   Thumb Code    22  uart.o(i.USART1_GetChar)
    USART1_GetCharBlock                      0x08000af5   Thumb Code    40  uart.o(i.USART1_GetCharBlock)
    USART1_IRQHandler                        0x08000b21   Thumb Code   120  stm32l1xx_it.o(i.USART1_IRQHandler)
    USART_ClearFlag                          0x08000ba5   Thumb Code     6  stm32l1xx_usart.o(i.USART_ClearFlag)
    USART_ClearITPendingBit                  0x08000bab   Thumb Code    12  stm32l1xx_usart.o(i.USART_ClearITPendingBit)
    USART_Cmd                                0x08000bb7   Thumb Code    20  stm32l1xx_usart.o(i.USART_Cmd)
    USART_GetFlagStatus                      0x08000bcb   Thumb Code    14  stm32l1xx_usart.o(i.USART_GetFlagStatus)
    USART_GetITStatus                        0x08000bd9   Thumb Code    62  stm32l1xx_usart.o(i.USART_GetITStatus)
    USART_ITConfig                           0x08000c17   Thumb Code    48  stm32l1xx_usart.o(i.USART_ITConfig)
    USART_Init                               0x08000c49   Thumb Code   158  stm32l1xx_usart.o(i.USART_Init)
    USART_PutChar                            0x08000ced   Thumb Code    48  uart.o(i.USART_PutChar)
    USART_PutData                            0x08000d1d   Thumb Code    34  uart.o(i.USART_PutData)
    USART_ReceiveData                        0x08000d3f   Thumb Code     8  stm32l1xx_usart.o(i.USART_ReceiveData)
    USART_SendData                           0x08000d47   Thumb Code     8  stm32l1xx_usart.o(i.USART_SendData)
    Update_Firmware                          0x08000d51   Thumb Code  1158  iap.o(i.Update_Firmware)
    UsageFault_Handler                       0x080011f1   Thumb Code     2  stm32l1xx_it.o(i.UsageFault_Handler)
    Wait_Commend                             0x080011f5   Thumb Code   190  iap.o(i.Wait_Commend)
    Write_4NByte_to_Flash                    0x080012c1   Thumb Code    78  iflash.o(i.Write_4NByte_to_Flash)
    __scatterload_copy                       0x08001319   Thumb Code    14  handlers.o(i.__scatterload_copy)
    __scatterload_null                       0x08001327   Thumb Code     2  handlers.o(i.__scatterload_null)
    __scatterload_zeroinit                   0x08001329   Thumb Code    14  handlers.o(i.__scatterload_zeroinit)
    iap_load_app                             0x08001339   Thumb Code    36  iap.o(i.iap_load_app)
    main                                     0x08001365   Thumb Code   104  main.o(i.main)
    __progmem_smartbow_start                 0x080013e4   Data          32  modbus.o(.constdata)
    Region$$Table$$Base                      0x08001404   Number         0  anon$$obj.o(Region$$Table)
    Region$$Table$$Limit                     0x08001424   Number         0  anon$$obj.o(Region$$Table)
    TimingDelay                              0x20000000   Data           4  main.o(.data)
    First_PO_Flag                            0x20000004   Data           4  main.o(.data)
    Update_Firmware_Flag                     0x20000008   Data           4  main.o(.data)
    jump2app                                 0x2000000c   Data           4  iap.o(.data)
    USART1_RX_Len                            0x20000010   Data           1  uart.o(.data)
    Uart1Flag                                0x20000011   Data           1  uart.o(.data)
    BL_Data                                  0x2000002c   Data          40  main.o(.bss)
    RCC_Clocks1                              0x20000054   Data          16  main.o(.bss)
    ModbusDataPackage                        0x20000064   Data         515  modbus.o(.bss)
    uart1_rbuf                               0x20000268   Data         520  uart.o(.bss)
    __initial_sp                             0x20001470   Data           0  startup_stm32l1xx_md.o(STACK)



==============================================================================

Memory Map of the image

  Image Entry point : 0x080000f5

  Load Region LR_IROM1 (Base: 0x08000000, Size: 0x00001424, Max: 0x00008000, ABSOLUTE)

    Execution Region .text (Exec base: 0x08000000, Load base: 0x08000000, Size: 0x00001424, Max: 0x00008000, ABSOLUTE)

    Exec Addr    Load Addr    Size         Type   Attr      Idx    E Section Name        Object

    0x08000000   0x08000000   0x000000f4   Data   RO         2847    RESET               startup_stm32l1xx_md.o
    0x080000f4   0x080000f4   0x00000000   Code   RO         2852  * .ARM.Collect$$$$00000000  mc_w.l(entry.o)
    0x080000f4   0x080000f4   0x00000004   Code   RO         2857    .ARM.Collect$$$$00000001  mc_w.l(entry2.o)
    0x080000f8   0x080000f8   0x00000004   Code   RO         2860    .ARM.Collect$$$$00000004  mc_w.l(entry5.o)
    0x080000fc   0x080000fc   0x00000000   Code   RO         2862    .ARM.Collect$$$$00000008  mc_w.l(entry7b.o)
    0x080000fc   0x080000fc   0x00000000   Code   RO         2864    .ARM.Collect$$$$0000000A  mc_w.l(entry8b.o)
    0x080000fc   0x080000fc   0x00000008   Code   RO         2865    .ARM.Collect$$$$0000000B  mc_w.l(entry9a.o)
    0x08000104   0x08000104   0x00000000   Code   RO         2867    .ARM.Collect$$$$0000000D  mc_w.l(entry10a.o)
    0x08000104   0x08000104   0x00000000   Code   RO         2869    .ARM.Collect$$$$0000000F  mc_w.l(entry11a.o)
    0x08000104   0x08000104   0x00000004   Code   RO         2858    .ARM.Collect$$$$00002712  mc_w.l(entry2.o)
    0x08000108   0x08000108   0x00000006   Code   RO          273    .emb_text           iap.o
    0x0800010e   0x0800010e   0x00000002   PAD
    0x08000110   0x08000110   0x00000024   Code   RO         2848    .text               startup_stm32l1xx_md.o
    0x08000134   0x08000134   0x00000024   Code   RO         2855    .text               mc_w.l(memseta.o)
    0x08000158   0x08000158   0x00000024   Code   RO         2871    .text               mc_w.l(init.o)
    0x0800017c   0x0800017c   0x00000002   Code   RO          188    i.BusFault_Handler  stm32l1xx_it.o
    0x0800017e   0x0800017e   0x00000036   Code   RO          329    i.CRC16_Check       modbus.o
    0x080001b4   0x080001b4   0x00000018   Code   RO          274    i.ClearUsartBuf     iap.o
    0x080001cc   0x080001cc   0x00000010   Code   RO         1045    i.DATA_EEPROM_Lock  stm32l1xx_flash.o
    0x080001dc   0x080001dc   0x00000024   Code   RO         1049    i.DATA_EEPROM_Unlock  stm32l1xx_flash.o
    0x08000200   0x08000200   0x00000002   Code   RO          189    i.DebugMon_Handler  stm32l1xx_it.o
    0x08000202   0x08000202   0x00000002   PAD
    0x08000204   0x08000204   0x00000014   Code   RO            3    i.Delay             main.o
    0x08000218   0x08000218   0x00000034   Code   RO          426    i.EERead            ieeprom.o
    0x0800024c   0x0800024c   0x0000003c   Code   RO          427    i.EEWrite           ieeprom.o
    0x08000288   0x08000288   0x0000000c   Code   RO         1050    i.FLASH_ClearFlag   stm32l1xx_flash.o
    0x08000294   0x08000294   0x00000044   Code   RO         1051    i.FLASH_ErasePage   stm32l1xx_flash.o
    0x080002d8   0x080002d8   0x00000022   Code   RO         1052    i.FLASH_FastProgramWord  stm32l1xx_flash.o
    0x080002fa   0x080002fa   0x00000002   PAD
    0x080002fc   0x080002fc   0x00000028   Code   RO         1054    i.FLASH_GetStatus   stm32l1xx_flash.o
    0x08000324   0x08000324   0x00000012   Code   RO          470    i.FLASH_If_Init     iflash.o
    0x08000336   0x08000336   0x00000002   PAD
    0x08000338   0x08000338   0x00000010   Code   RO         1056    i.FLASH_Lock        stm32l1xx_flash.o
    0x08000348   0x08000348   0x00000032   Code   RO          471    i.FLASH_Page_Erase  iflash.o
    0x0800037a   0x0800037a   0x00000002   PAD
    0x0800037c   0x0800037c   0x00000028   Code   RO         1083    i.FLASH_Unlock      stm32l1xx_flash.o
    0x080003a4   0x080003a4   0x0000003a   Code   RO         1084    i.FLASH_WaitForLastOperation  stm32l1xx_flash.o
    0x080003de   0x080003de   0x00000002   PAD
    0x080003e0   0x080003e0   0x00000054   Code   RO          362    i.GPIO_Configuration  gpio.o
    0x08000434   0x08000434   0x0000006e   Code   RO         1393    i.GPIO_Init         stm32l1xx_gpio.o
    0x080004a2   0x080004a2   0x00000020   Code   RO         1394    i.GPIO_PinAFConfig  stm32l1xx_gpio.o
    0x080004c2   0x080004c2   0x00000002   PAD
    0x080004c4   0x080004c4   0x000000a8   Code   RO          330    i.Get_SNInfo_Fun    modbus.o
    0x0800056c   0x0800056c   0x00000002   Code   RO          190    i.HardFault_Handler  stm32l1xx_it.o
    0x0800056e   0x0800056e   0x00000002   PAD
    0x08000570   0x08000570   0x00000030   Code   RO            4    i.Init_Hardware     main.o
    0x080005a0   0x080005a0   0x00000090   Code   RO            5    i.Init_Parameter    main.o
    0x08000630   0x08000630   0x00000040   Code   RO            6    i.Init_SysTick      main.o
    0x08000670   0x08000670   0x00000002   Code   RO          191    i.MemManage_Handler  stm32l1xx_it.o
    0x08000672   0x08000672   0x00000002   Code   RO          192    i.NMI_Handler       stm32l1xx_it.o
    0x08000674   0x08000674   0x00000064   Code   RO          607    i.NVIC_Init         misc.o
    0x080006d8   0x080006d8   0x00000014   Code   RO          608    i.NVIC_PriorityGroupConfig  misc.o
    0x080006ec   0x080006ec   0x00000020   Code   RO            7    i.NVIC_SetPriority  main.o
    0x0800070c   0x0800070c   0x00000002   Code   RO          193    i.PendSV_Handler    stm32l1xx_it.o
    0x0800070e   0x0800070e   0x00000002   PAD
    0x08000710   0x08000710   0x00000018   Code   RO         1706    i.RCC_AHBPeriphClockCmd  stm32l1xx_rcc.o
    0x08000728   0x08000728   0x00000018   Code   RO         1712    i.RCC_APB2PeriphClockCmd  stm32l1xx_rcc.o
    0x08000740   0x08000740   0x000000a8   Code   RO         1721    i.RCC_GetClocksFreq  stm32l1xx_rcc.o
    0x080007e8   0x080007e8   0x00000058   Code   RO          275    i.Re_BootLoader_Info  iap.o
    0x08000840   0x08000840   0x00000064   Code   RO          276    i.Re_BootLoader_Update  iap.o
    0x080008a4   0x080008a4   0x00000002   Code   RO          194    i.SVC_Handler       stm32l1xx_it.o
    0x080008a6   0x080008a6   0x00000002   PAD
    0x080008a8   0x080008a8   0x000000c4   Code   RO         2791    i.SetSysClock       system_stm32l1xx.o
    0x0800096c   0x0800096c   0x00000014   Code   RO          195    i.SysTick_Handler   stm32l1xx_it.o
    0x08000980   0x08000980   0x00000054   Code   RO         2793    i.SystemInit        system_stm32l1xx.o
    0x080009d4   0x080009d4   0x00000028   Code   RO          532    i.U485SendData      uart.o
    0x080009fc   0x080009fc   0x000000c4   Code   RO          533    i.UART1_Configuration  uart.o
    0x08000ac0   0x08000ac0   0x00000018   Code   RO          534    i.USART1_ClearBuf_Flag  uart.o
    0x08000ad8   0x08000ad8   0x0000001c   Code   RO          535    i.USART1_GetChar    uart.o
    0x08000af4   0x08000af4   0x0000002c   Code   RO          536    i.USART1_GetCharBlock  uart.o
    0x08000b20   0x08000b20   0x00000084   Code   RO          196    i.USART1_IRQHandler  stm32l1xx_it.o
    0x08000ba4   0x08000ba4   0x00000006   Code   RO         2541    i.USART_ClearFlag   stm32l1xx_usart.o
    0x08000baa   0x08000baa   0x0000000c   Code   RO         2542    i.USART_ClearITPendingBit  stm32l1xx_usart.o
    0x08000bb6   0x08000bb6   0x00000014   Code   RO         2545    i.USART_Cmd         stm32l1xx_usart.o
    0x08000bca   0x08000bca   0x0000000e   Code   RO         2548    i.USART_GetFlagStatus  stm32l1xx_usart.o
    0x08000bd8   0x08000bd8   0x0000003e   Code   RO         2549    i.USART_GetITStatus  stm32l1xx_usart.o
    0x08000c16   0x08000c16   0x00000030   Code   RO         2551    i.USART_ITConfig    stm32l1xx_usart.o
    0x08000c46   0x08000c46   0x00000002   PAD
    0x08000c48   0x08000c48   0x000000a4   Code   RO         2552    i.USART_Init        stm32l1xx_usart.o
    0x08000cec   0x08000cec   0x00000030   Code   RO          537    i.USART_PutChar     uart.o
    0x08000d1c   0x08000d1c   0x00000022   Code   RO          538    i.USART_PutData     uart.o
    0x08000d3e   0x08000d3e   0x00000008   Code   RO         2559    i.USART_ReceiveData  stm32l1xx_usart.o
    0x08000d46   0x08000d46   0x00000008   Code   RO         2562    i.USART_SendData    stm32l1xx_usart.o
    0x08000d4e   0x08000d4e   0x00000002   PAD
    0x08000d50   0x08000d50   0x000004a0   Code   RO          277    i.Update_Firmware   iap.o
    0x080011f0   0x080011f0   0x00000002   Code   RO          197    i.UsageFault_Handler  stm32l1xx_it.o
    0x080011f2   0x080011f2   0x00000002   PAD
    0x080011f4   0x080011f4   0x000000cc   Code   RO          278    i.Wait_Commend      iap.o
    0x080012c0   0x080012c0   0x00000058   Code   RO          476    i.Write_4NByte_to_Flash  iflash.o
    0x08001318   0x08001318   0x0000000e   Code   RO         2875    i.__scatterload_copy  mc_w.l(handlers.o)
    0x08001326   0x08001326   0x00000002   Code   RO         2876    i.__scatterload_null  mc_w.l(handlers.o)
    0x08001328   0x08001328   0x0000000e   Code   RO         2877    i.__scatterload_zeroinit  mc_w.l(handlers.o)
    0x08001336   0x08001336   0x00000002   PAD
    0x08001338   0x08001338   0x0000002c   Code   RO          279    i.iap_load_app      iap.o
    0x08001364   0x08001364   0x00000080   Code   RO            8    i.main              main.o
    0x080013e4   0x080013e4   0x00000020   Data   RO          332    .constdata          modbus.o
    0x08001404   0x08001404   0x00000020   Data   RO         2873    Region$$Table       anon$$obj.o



  Load Region LR_IRAM1 (Base: 0x08001424, Size: 0x0000002c, Max: 0x00004000, ABSOLUTE)

    Execution Region .data (Exec base: 0x20000000, Load base: 0x08001424, Size: 0x0000002c, Max: 0xffffffff, ABSOLUTE)

    Exec Addr    Load Addr    Size         Type   Attr      Idx    E Section Name        Object

    0x20000000   0x08001424   0x0000000c   Data   RW           12    .data               main.o
    0x2000000c   0x08001430   0x00000004   Data   RW          280    .data               iap.o
    0x20000010   0x08001434   0x00000002   Data   RW          542    .data               uart.o
    0x20000012   0x08001436   0x00000019   Data   RW         1744    .data               stm32l1xx_rcc.o


    Execution Region .bss (Exec base: 0x2000002c, Load base: 0x08001450, Size: 0x00001444, Max: 0xffffffff, ABSOLUTE)

    Exec Addr    Load Addr    Size         Type   Attr      Idx    E Section Name        Object

    0x2000002c        -       0x00000038   Zero   RW            9    .bss                main.o
    0x20000064        -       0x00000203   Zero   RW          331    .bss                modbus.o
    0x20000267   0x08001450   0x00000001   PAD
    0x20000268        -       0x00000208   Zero   RW          541    .bss                uart.o
    0x20000470        -       0x00001000   Zero   RW         2845    STACK               startup_stm32l1xx_md.o


==============================================================================

Image component sizes


      Code (inc. data)   RO Data    RW Data    ZI Data      Debug   Object Name

        84          8          0          0          0     186941   gpio.o
      1650         68          0          4          0       5237   iap.o
       112          8          0          0          0       1247   ieeprom.o
       156         10          0          0          0       2348   iflash.o
       436         54          0         12         56     248913   main.o
       120         14          0          0          0     218223   misc.o
       222          8         32          0        515       2460   modbus.o
        36          8        244          0       4096        824   startup_stm32l1xx_md.o
       320         48          0          0          0       5637   stm32l1xx_flash.o
       142          0          0          0          0       1727   stm32l1xx_gpio.o
       168         16          0          0          0       4550   stm32l1xx_it.o
       216         24          0         25          0       3697   stm32l1xx_rcc.o
       342          6          0          0          0       6345   stm32l1xx_usart.o
       280         28          0          0          0       1405   system_stm32l1xx.o
       414         38          0          2        520       5021   uart.o

    ----------------------------------------------------------------------
      4724        338        308         44       5188     694575   Object Totals
         0          0         32          0          0          0   (incl. Generated)
        26          0          0          1          1          0   (incl. Padding)

    ----------------------------------------------------------------------

      Code (inc. data)   RO Data    RW Data    ZI Data      Debug   Library Member Name

         0          0          0          0          0          0   entry.o
         0          0          0          0          0          0   entry10a.o
         0          0          0          0          0          0   entry11a.o
         8          4          0          0          0          0   entry2.o
         4          0          0          0          0          0   entry5.o
         0          0          0          0          0          0   entry7b.o
         0          0          0          0          0          0   entry8b.o
         8          4          0          0          0          0   entry9a.o
        30          0          0          0          0          0   handlers.o
        36          8          0          0          0         68   init.o
        36          0          0          0          0        108   memseta.o

    ----------------------------------------------------------------------
       124         16          0          0          0        176   Library Totals
         2          0          0          0          0          0   (incl. Padding)

    ----------------------------------------------------------------------

      Code (inc. data)   RO Data    RW Data    ZI Data      Debug   Library Name

       122         16          0          0          0        176   mc_w.l

    ----------------------------------------------------------------------
       124         16          0          0          0        176   Library Totals

    ----------------------------------------------------------------------

==============================================================================


      Code (inc. data)   RO Data    RW Data    ZI Data      Debug   

      4848        354        308         44       5188     691887   Grand Totals
      4848        354        308         44       5188     691887   ELF Image Totals
      4848        354        308         44          0          0   ROM Totals

==============================================================================

    Total RO  Size (Code + RO Data)                 5156 (   5.04kB)
    Total RW  Size (RW Data + ZI Data)              5232 (   5.11kB)
    Total ROM Size (Code + RO Data + RW Data)       5200 (   5.08kB)

==============================================================================

