<html>
<body>
<pre>
<h1>礦ision Build Log</h1>
<h2>Tool Versions:</h2>
IDE-Version: μVision V5.25.2.0
Copyright (C) 2018 ARM Ltd and ARM Germany GmbH. All rights reserved.
License Information: z h, i, LIC=9N012-9WQ05-MQH0F-6M2HD-MC3LU-Z0J47
 
Tool Versions:
Toolchain:       MDK-ARM Professional  Version: 5.25.2.0
Toolchain Path:  D:\Program Files\Keil_v5\ARM\ARMCC\Bin
C Compiler:      Armcc.exe V5.06 update 6 (build 750)
Assembler:       Armasm.exe V5.06 update 6 (build 750)
Linker/Locator:  ArmLink.exe V5.06 update 6 (build 750)
Library Manager: ArmAr.exe V5.06 update 6 (build 750)
Hex Converter:   FromElf.exe V5.06 update 6 (build 750)
CPU DLL:         SARMCM3.DLL V5.25.2.0
Dialog DLL:      DCM.DLL V1.17.1.0
Target DLL:      Segger\JL2CM3.dll V2.99.29.0
Dialog DLL:      TCM.DLL V1.35.1.0
 
<h2>Project:</h2>
E:\HD\HCF710\HCF710_IAP\HCF710_IAP_APP_UCOS\Project.uvprojx
Project File Date:  09/29/2019

<h2>Output:</h2>
*** Using Compiler 'V5.06 update 6 (build 750)', folder: 'D:\Program Files\Keil_v5\ARM\ARMCC\Bin'
Build target 'STM32L1xx'
compiling gpio.c...
compiling PAS.c...
User\PAS.c(179): warning:  #177-D: variable "LD_V"  was declared but never referenced
  	double LD_V[4]={0};
User\PAS.c: 1 warning, 0 errors
compiling stm32l1xx_it.c...
User\stm32l1xx_it.c(185): warning:  #550-D: variable "tmp"  was set but never used
  	unsigned char 	Uart_Get_Data,tmp;	//串口1接收的数据
User\stm32l1xx_it.c: 1 warning, 0 errors
compiling main.c...
User\main.c(204): warning:  #186-D: pointless comparison of unsigned integer with zero
  	if((KeepRegister.Average_num<0)||(KeepRegister.Average_num>256))KeepRegister.Average_num=3;
User\main.c(507): warning:  #177-D: variable "i"  was declared but never referenced
  	unsigned char i=0;
User\main.c(508): warning:  #177-D: variable "temp"  was declared but never referenced
  	float temp[5]={0},buff=0;
User\main.c(508): warning:  #177-D: variable "buff"  was declared but never referenced
  	float temp[5]={0},buff=0;
User\main.c(509): warning:  #177-D: variable "ADT7301_Temp"  was declared but never referenced
  	float ADT7301_Temp,DS18B20_Temp,ABStemp;
User\main.c(511): warning:  #177-D: variable "cpu_sr"  was declared but never referenced
  	CPU_SR_ALLOC();
User\main.c(14): warning:  #177-D: variable "AppSw"  was declared but never referenced
  static  CPU_BOOLEAN     AppSw;
User\main.c: 7 warnings, 0 errors
compiling Modbus.c...
User\Modbus.c(311): warning:  #186-D: pointless comparison of unsigned integer with zero
  			if(  (dat < 0x00) || (dat >256)  ){ModbusReturnAckInfo(3);	return ERROR;}   //如果不等于特定值，返回错误
User\Modbus.c(323): warning:  #111-D: statement is unreachable
  			break;	
User\Modbus.c(497): warning:  #186-D: pointless comparison of unsigned integer with zero
  	if((KeepRegisterTemp.Average_num < 0) || (KeepRegisterTemp.Average_num > 256))		err = err_Re_VOR;
User\Modbus.c(552): warning:  #167-D: argument of type "unsigned char *" is incompatible with parameter of type "const char *"
  	if( strncmp(FactorySetValueWord,(unsigned char *)&ModbusDataPackage.dat[2],4) !=0 )err=err_OE;
User\Modbus.c(552): warning:  #167-D: argument of type "unsigned char *" is incompatible with parameter of type "const char *"
  	if( strncmp(FactorySetValueWord,(unsigned char *)&ModbusDataPackage.dat[2],4) !=0 )err=err_OE;
User\Modbus.c(602): warning:  #167-D: argument of type "unsigned char *" is incompatible with parameter of type "const char *"
  	if( (strncmp(FactorySetValueWord,(unsigned char *)&ModbusDataPackage.dat[2],4) !=0) && (strncmp(FactorySetValueWord2,(unsigned char *)&ModbusDataPackage.dat[2],4) !=0)  )err=err_OE;
User\Modbus.c(602): warning:  #167-D: argument of type "unsigned char *" is incompatible with parameter of type "const char *"
  	if( (strncmp(FactorySetValueWord,(unsigned char *)&ModbusDataPackage.dat[2],4) !=0) && (strncmp(FactorySetValueWord2,(unsigned char *)&ModbusDataPackage.dat[2],4) !=0)  )err=err_OE;
User\Modbus.c(602): warning:  #167-D: argument of type "unsigned char *" is incompatible with parameter of type "const char *"
  	if( (strncmp(FactorySetValueWord,(unsigned char *)&ModbusDataPackage.dat[2],4) !=0) && (strncmp(FactorySetValueWord2,(unsigned char *)&ModbusDataPackage.dat[2],4) !=0)  )err=err_OE;
User\Modbus.c(602): warning:  #167-D: argument of type "unsigned char *" is incompatible with parameter of type "const char *"
  	if( (strncmp(FactorySetValueWord,(unsigned char *)&ModbusDataPackage.dat[2],4) !=0) && (strncmp(FactorySetValueWord2,(unsigned char *)&ModbusDataPackage.dat[2],4) !=0)  )err=err_OE;
User\Modbus.c(596): warning:  #177-D: variable "i"  was declared but never referenced
  	uint8_t i,err=0;
User\Modbus.c(744): warning:  #167-D: argument of type "unsigned char *" is incompatible with parameter of type "const char *"
  	if( strncmp(SuperModeValueWord2,(unsigned char *)&ModbusDataPackage.dat[2],4) ==0 )//切换为超级模式
User\Modbus.c(744): warning:  #167-D: argument of type "unsigned char *" is incompatible with parameter of type "const char *"
  	if( strncmp(SuperModeValueWord2,(unsigned char *)&ModbusDataPackage.dat[2],4) ==0 )//切换为超级模式
User\Modbus.c(748): warning:  #167-D: argument of type "unsigned char *" is incompatible with parameter of type "const char *"
  	else if( strncmp(FactorySetValueWord,(unsigned char *)&ModbusDataPackage.dat[2],4) ==0 )//切换为普通模式
User\Modbus.c(748): warning:  #167-D: argument of type "unsigned char *" is incompatible with parameter of type "const char *"
  	else if( strncmp(FactorySetValueWord,(unsigned char *)&ModbusDataPackage.dat[2],4) ==0 )//切换为普通模式
User\Modbus.c(816): warning:  #167-D: argument of type "unsigned char *" is incompatible with parameter of type "const char *"
  	if( strncmp(FactorySetValueWord,(unsigned char *)&ModbusDataPackage.dat[2],4) !=0 )err=err_OE;
User\Modbus.c(816): warning:  #167-D: argument of type "unsigned char *" is incompatible with parameter of type "const char *"
  	if( strncmp(FactorySetValueWord,(unsigned char *)&ModbusDataPackage.dat[2],4) !=0 )err=err_OE;
User\Modbus.c(861): warning:  #167-D: argument of type "unsigned char *" is incompatible with parameter of type "const char *"
  	if(strncmp(FactoryResetWord,(char *)&ModbusDataPackage.dat[2],4) != 0)err = err_OE;//有效操作发生异常
User\Modbus.c(934): warning:  #167-D: argument of type "unsigned char *" is incompatible with parameter of type "const char *"
  	if( strncmp(FactoryResetWord,(unsigned char *)&ModbusDataPackage.dat[2],4) !=0 )err=err_OE;
User\Modbus.c(934): warning:  #167-D: argument of type "unsigned char *" is incompatible with parameter of type "const char *"
  	if( strncmp(FactoryResetWord,(unsigned char *)&ModbusDataPackage.dat[2],4) !=0 )err=err_OE;
User\Modbus.c(958): warning:  #111-D: statement is unreachable
  	return SUCCESS;
User\Modbus.c(932): warning:  #177-D: variable "OriginaAltitudeTemp"  was declared but never referenced
  	float OriginaAltitudeTemp=0;
User\Modbus.c: 21 warnings, 0 errors
compiling Temp.c...
compiling SPI.c...
HW_driver\SPI.c(288): warning:  #550-D: variable "ID"  was set but never used
  	unsigned char Status=0,ID=0;
HW_driver\SPI.c(289): warning:  #550-D: variable "buf"  was set but never used
  	unsigned int buf;
HW_driver\SPI.c(395): warning:  #177-D: variable "i"  was declared but never referenced
  	unsigned short i,j;
HW_driver\SPI.c(395): warning:  #177-D: variable "j"  was declared but never referenced
  	unsigned short i,j;
HW_driver\SPI.c: 4 warnings, 0 errors
compiling IEEPROM.c...
compiling Timer.c...
HW_driver\Timer.c(16): warning:  #9-D: nested comment is not allowed
  //**********************************************/
HW_driver\Timer.c: 1 warning, 0 errors
compiling IADC.c...
compiling uart.c...
linking...
Program Size: Code=36680 RO-data=1000 RW-data=320 ZI-data=18640  
FromELF: creating hex file...
After Build - User command #1: D:\Program Files\Keil_v5\\ARM\ARMCC\bin\fromelf.exe --bin --output=Output\Project.bin .\Output\Project.axf
".\Output\Project.axf" - 0 Error(s), 35 Warning(s).

<h2>Software Packages used:</h2>

Package Vendor: Keil
                http://www.keil.com/pack/Keil.STM32L1xx_DFP.1.2.0.pack
                Keil.STM32L1xx_DFP.1.2.0
                STMicroelectronics STM32L1 Series Device Support and Examples

<h2>Collection of Component include folders:</h2>
  .\RTE\_STM32L1xx
  D:\Program Files\Keil_v5\ARM\PACK\Keil\STM32L1xx_DFP\1.2.0\Device\Include

<h2>Collection of Component Files used:</h2>
Build Time Elapsed:  00:00:04
</pre>
</body>
</html>
