<html>
<body>
<pre>
<h1>礦ision Build Log</h1>
<h2>Tool Versions:</h2>
IDE-Version: μVision V5.25.2.0
Copyright (C) 2018 ARM Ltd and ARM Germany GmbH. All rights reserved.
License Information: z h, i, LIC=9N012-9WQ05-MQH0F-6M2HD-MC3LU-Z0J47
 
Tool Versions:
Toolchain:       MDK-ARM Professional  Version: 5.25.2.0
Toolchain Path:  D:\Program Files\Keil_v5\ARM\ARMCC\Bin
C Compiler:      Armcc.exe V5.06 update 6 (build 750)
Assembler:       Armasm.exe V5.06 update 6 (build 750)
Linker/Locator:  ArmLink.exe V5.06 update 6 (build 750)
Library Manager: ArmAr.exe V5.06 update 6 (build 750)
Hex Converter:   FromElf.exe V5.06 update 6 (build 750)
CPU DLL:         SARMCM3.DLL V5.25.2.0
Dialog DLL:      DCM.DLL V1.17.1.0
Target DLL:      Segger\JL2CM3.dll V2.99.29.0
Dialog DLL:      TCM.DLL V1.35.1.0
 
<h2>Project:</h2>
E:\HD\HCF710\HCF710_IAP\HCF710_IAP_Bootloader\Project.uvprojx
Project File Date:  03/09/2020

<h2>Output:</h2>
*** Using Compiler 'V5.06 update 6 (build 750)', folder: 'D:\Program Files\Keil_v5\ARM\ARMCC\Bin'
Build target 'STM32L1xx'
compiling gpio.c...
compiling IEEPROM.c...
compiling main.c...
User\main.c(115): warning:  #177-D: variable "i"  was declared but never referenced
  uint32_t i=0,j=0;	
User\main.c(115): warning:  #177-D: variable "j"  was declared but never referenced
  uint32_t i=0,j=0;	
User\main.c: 2 warnings, 0 errors
compiling IFLASH.c...
compiling IAP.c...
User\IAP.c(312): warning:  #223-D: function "memset" declared implicitly
  				memset(databuf,0,BYTES_NUM_EACH_TRAN/4);//清除缓存
User\IAP.c: 1 warning, 0 errors
compiling stm32l1xx_it.c...
User\stm32l1xx_it.c(150): warning:  #550-D: variable "tmp"  was set but never used
  	unsigned char 	Uart_Get_Data,tmp;	//串口1接收的数据
User\stm32l1xx_it.c: 1 warning, 0 errors
compiling Modbus.c...
compiling uart.c...
linking...
Program Size: Code=4864 RO-data=308 RW-data=44 ZI-data=5188  
FromELF: creating hex file...
".\Output\Project.axf" - 0 Error(s), 4 Warning(s).

<h2>Software Packages used:</h2>

Package Vendor: Keil
                http://www.keil.com/pack/Keil.STM32L1xx_DFP.1.2.0.pack
                Keil.STM32L1xx_DFP.1.2.0
                STMicroelectronics STM32L1 Series Device Support and Examples

<h2>Collection of Component include folders:</h2>
  .\RTE\_STM32L1xx
  D:\Program Files\Keil_v5\ARM\PACK\Keil\STM32L1xx_DFP\1.2.0\Device\Include

<h2>Collection of Component Files used:</h2>
Build Time Elapsed:  00:00:03
</pre>
</body>
</html>
